ARM Linker, 5.03 [Build 76] [MDK-ARM Standard]

==============================================================================

Section Cross References

    startup_stm32f103xb.o(RESET) refers to startup_stm32f103xb.o(STACK) for __initial_sp
    startup_stm32f103xb.o(RESET) refers to startup_stm32f103xb.o(.text) for Reset_Handler
    startup_stm32f103xb.o(RESET) refers to stm32f1xx_it.o(i.NMI_Handler) for NMI_Handler
    startup_stm32f103xb.o(RESET) refers to stm32f1xx_it.o(i.HardFault_Handler) for HardFault_Handler
    startup_stm32f103xb.o(RESET) refers to stm32f1xx_it.o(i.MemManage_Handler) for MemManage_Handler
    startup_stm32f103xb.o(RESET) refers to stm32f1xx_it.o(i.BusFault_Handler) for BusFault_Handler
    startup_stm32f103xb.o(RESET) refers to stm32f1xx_it.o(i.UsageFault_Handler) for UsageFault_Handler
    startup_stm32f103xb.o(RESET) refers to stm32f1xx_it.o(i.SVC_Handler) for SVC_Handler
    startup_stm32f103xb.o(RESET) refers to stm32f1xx_it.o(i.DebugMon_Handler) for DebugMon_Handler
    startup_stm32f103xb.o(RESET) refers to stm32f1xx_it.o(i.PendSV_Handler) for PendSV_Handler
    startup_stm32f103xb.o(RESET) refers to stm32f1xx_it.o(i.SysTick_Handler) for SysTick_Handler
    startup_stm32f103xb.o(RESET) refers to stm32f1xx_it.o(i.DMA1_Channel1_IRQHandler) for DMA1_Channel1_IRQHandler
    startup_stm32f103xb.o(RESET) refers to stm32f1xx_it.o(i.USB_LP_CAN1_RX0_IRQHandler) for USB_LP_CAN1_RX0_IRQHandler
    startup_stm32f103xb.o(.text) refers to system_stm32f1xx.o(i.SystemInit) for SystemInit
    startup_stm32f103xb.o(.text) refers to entry.o(.ARM.Collect$$$$00000000) for __main
    i2c-lcd.o(i.lcd_clear) refers to i2c-lcd.o(i.lcd_send_cmd) for lcd_send_cmd
    i2c-lcd.o(i.lcd_clear) refers to i2c-lcd.o(i.lcd_send_data) for lcd_send_data
    i2c-lcd.o(i.lcd_init) refers to stm32f1xx_hal.o(i.HAL_Delay) for HAL_Delay
    i2c-lcd.o(i.lcd_init) refers to i2c-lcd.o(i.lcd_send_cmd) for lcd_send_cmd
    i2c-lcd.o(i.lcd_put_cur) refers to i2c-lcd.o(i.lcd_send_cmd) for lcd_send_cmd
    i2c-lcd.o(i.lcd_send_cmd) refers to stm32f1xx_hal_i2c.o(i.HAL_I2C_Master_Transmit) for HAL_I2C_Master_Transmit
    i2c-lcd.o(i.lcd_send_cmd) refers to main.o(.bss) for hi2c1
    i2c-lcd.o(i.lcd_send_data) refers to stm32f1xx_hal_i2c.o(i.HAL_I2C_Master_Transmit) for HAL_I2C_Master_Transmit
    i2c-lcd.o(i.lcd_send_data) refers to main.o(.bss) for hi2c1
    i2c-lcd.o(i.lcd_send_string) refers to i2c-lcd.o(i.lcd_send_data) for lcd_send_data
    i2c-lcd.o(i.sendlcd) refers to i2c-lcd.o(i.lcd_clear) for lcd_clear
    i2c-lcd.o(i.sendlcd) refers to strlen.o(.text) for strlen
    i2c-lcd.o(i.sendlcd) refers to i2c-lcd.o(i.lcd_put_cur) for lcd_put_cur
    i2c-lcd.o(i.sendlcd) refers to i2c-lcd.o(i.lcd_send_data) for lcd_send_data
    i2c-lcd.o(i.sendlcdint) refers to printf6.o(i.__0snprintf$6) for __2snprintf
    i2c-lcd.o(i.sendlcdint) refers to i2c-lcd.o(i.sendlcd) for sendlcd
    ds1307_for_stm32_hal.o(i.DS1307_GetClockHalt) refers to ds1307_for_stm32_hal.o(i.DS1307_GetRegByte) for DS1307_GetRegByte
    ds1307_for_stm32_hal.o(i.DS1307_GetDate) refers to ds1307_for_stm32_hal.o(i.DS1307_GetRegByte) for DS1307_GetRegByte
    ds1307_for_stm32_hal.o(i.DS1307_GetDate) refers to ds1307_for_stm32_hal.o(i.DS1307_DecodeBCD) for DS1307_DecodeBCD
    ds1307_for_stm32_hal.o(i.DS1307_GetDayOfWeek) refers to ds1307_for_stm32_hal.o(i.DS1307_GetRegByte) for DS1307_GetRegByte
    ds1307_for_stm32_hal.o(i.DS1307_GetDayOfWeek) refers to ds1307_for_stm32_hal.o(i.DS1307_DecodeBCD) for DS1307_DecodeBCD
    ds1307_for_stm32_hal.o(i.DS1307_GetHour) refers to ds1307_for_stm32_hal.o(i.DS1307_GetRegByte) for DS1307_GetRegByte
    ds1307_for_stm32_hal.o(i.DS1307_GetHour) refers to ds1307_for_stm32_hal.o(i.DS1307_DecodeBCD) for DS1307_DecodeBCD
    ds1307_for_stm32_hal.o(i.DS1307_GetMinute) refers to ds1307_for_stm32_hal.o(i.DS1307_GetRegByte) for DS1307_GetRegByte
    ds1307_for_stm32_hal.o(i.DS1307_GetMinute) refers to ds1307_for_stm32_hal.o(i.DS1307_DecodeBCD) for DS1307_DecodeBCD
    ds1307_for_stm32_hal.o(i.DS1307_GetMonth) refers to ds1307_for_stm32_hal.o(i.DS1307_GetRegByte) for DS1307_GetRegByte
    ds1307_for_stm32_hal.o(i.DS1307_GetMonth) refers to ds1307_for_stm32_hal.o(i.DS1307_DecodeBCD) for DS1307_DecodeBCD
    ds1307_for_stm32_hal.o(i.DS1307_GetRegByte) refers to stm32f1xx_hal_i2c.o(i.HAL_I2C_Master_Transmit) for HAL_I2C_Master_Transmit
    ds1307_for_stm32_hal.o(i.DS1307_GetRegByte) refers to stm32f1xx_hal_i2c.o(i.HAL_I2C_Master_Receive) for HAL_I2C_Master_Receive
    ds1307_for_stm32_hal.o(i.DS1307_GetRegByte) refers to ds1307_for_stm32_hal.o(.data) for .data
    ds1307_for_stm32_hal.o(i.DS1307_GetSecond) refers to ds1307_for_stm32_hal.o(i.DS1307_GetRegByte) for DS1307_GetRegByte
    ds1307_for_stm32_hal.o(i.DS1307_GetSecond) refers to ds1307_for_stm32_hal.o(i.DS1307_DecodeBCD) for DS1307_DecodeBCD
    ds1307_for_stm32_hal.o(i.DS1307_GetTimeZoneHour) refers to ds1307_for_stm32_hal.o(i.DS1307_GetRegByte) for DS1307_GetRegByte
[...]
    USBD_ClrFeature                          0x080040f7   Thumb Code    38  usbd_ctlreq.o(i.USBD_ClrFeature)
    i.USBD_CtlContinueRx                     0x0800411c   Section        0  usbd_ioreq.o(i.USBD_CtlContinueRx)
    i.USBD_CtlContinueSendData               0x0800412c   Section        0  usbd_ioreq.o(i.USBD_CtlContinueSendData)
    i.USBD_CtlError                          0x0800413c   Section        0  usbd_ctlreq.o(i.USBD_CtlError)
    i.USBD_CtlPrepareRx                      0x08004154   Section        0  usbd_ioreq.o(i.USBD_CtlPrepareRx)
    i.USBD_CtlReceiveStatus                  0x08004172   Section        0  usbd_ioreq.o(i.USBD_CtlReceiveStatus)
    i.USBD_CtlSendData                       0x08004188   Section        0  usbd_ioreq.o(i.USBD_CtlSendData)
    i.USBD_CtlSendStatus                     0x080041a2   Section        0  usbd_ioreq.o(i.USBD_CtlSendStatus)
    i.USBD_FS_ConfigStrDescriptor            0x080041b8   Section        0  usbd_desc.o(i.USBD_FS_ConfigStrDescriptor)
    i.USBD_FS_DeviceDescriptor               0x080041e8   Section        0  usbd_desc.o(i.USBD_FS_DeviceDescriptor)
    i.USBD_FS_InterfaceStrDescriptor         0x080041f4   Section        0  usbd_desc.o(i.USBD_FS_InterfaceStrDescriptor)
    i.USBD_FS_LangIDStrDescriptor            0x08004228   Section        0  usbd_desc.o(i.USBD_FS_LangIDStrDescriptor)
    i.USBD_FS_ManufacturerStrDescriptor      0x08004234   Section        0  usbd_desc.o(i.USBD_FS_ManufacturerStrDescriptor)
    i.USBD_FS_ProductStrDescriptor           0x0800425c   Section        0  usbd_desc.o(i.USBD_FS_ProductStrDescriptor)
    i.USBD_FS_SerialStrDescriptor            0x08004298   Section        0  usbd_desc.o(i.USBD_FS_SerialStrDescriptor)
    i.USBD_GetConfig                         0x080042ac   Section        0  usbd_ctlreq.o(i.USBD_GetConfig)
    USBD_GetConfig                           0x080042ad   Thumb Code    52  usbd_ctlreq.o(i.USBD_GetConfig)
    i.USBD_GetDescriptor                     0x080042e0   Section        0  usbd_ctlreq.o(i.USBD_GetDescriptor)
    USBD_GetDescriptor                       0x080042e1   Thumb Code   426  usbd_ctlreq.o(i.USBD_GetDescriptor)
    i.USBD_GetLen                            0x0800448a   Section        0  usbd_ctlreq.o(i.USBD_GetLen)
    USBD_GetLen                              0x0800448b   Thumb Code    24  usbd_ctlreq.o(i.USBD_GetLen)
    i.USBD_GetStatus                         0x080044a2   Section        0  usbd_ctlreq.o(i.USBD_GetStatus)
    USBD_GetStatus                           0x080044a3   Thumb Code    54  usbd_ctlreq.o(i.USBD_GetStatus)
    i.USBD_GetString                         0x080044d8   Section        0  usbd_ctlreq.o(i.USBD_GetString)
    i.USBD_Get_USB_Status                    0x0800451c   Section        0  usbd_conf.o(i.USBD_Get_USB_Status)
    USBD_Get_USB_Status                      0x0800451d   Thumb Code    36  usbd_conf.o(i.USBD_Get_USB_Status)
    i.USBD_Init                              0x08004540   Section        0  usbd_core.o(i.USBD_Init)
    i.USBD_LL_ClearStallEP                   0x0800456c   Section        0  usbd_conf.o(i.USBD_LL_ClearStallEP)
    i.USBD_LL_CloseEP                        0x0800457e   Section        0  usbd_conf.o(i.USBD_LL_CloseEP)
    i.USBD_LL_DataInStage                    0x08004590   Section        0  usbd_core.o(i.USBD_LL_DataInStage)
    i.USBD_LL_DataOutStage                   0x08004666   Section        0  usbd_core.o(i.USBD_LL_DataOutStage)
    i.USBD_LL_GetRxDataSize                  0x080046f0   Section        0  usbd_conf.o(i.USBD_LL_GetRxDataSize)
    i.USBD_LL_Init                           0x080046f8   Section        0  usbd_conf.o(i.USBD_LL_Init)
    i.USBD_LL_IsStallEP                      0x0800477c   Section        0  usbd_conf.o(i.USBD_LL_IsStallEP)
    i.USBD_LL_OpenEP                         0x0800479e   Section        0  usbd_conf.o(i.USBD_LL_OpenEP)
    i.USBD_LL_PrepareReceive                 0x080047b6   Section        0  usbd_conf.o(i.USBD_LL_PrepareReceive)
    i.USBD_LL_Reset                          0x080047c8   Section        0  usbd_core.o(i.USBD_LL_Reset)
    i.USBD_LL_Resume                         0x0800481a   Section        0  usbd_core.o(i.USBD_LL_Resume)
    i.USBD_LL_SOF                            0x0800482e   Section        0  usbd_core.o(i.USBD_LL_SOF)
    i.USBD_LL_SetSpeed                       0x08004846   Section        0  usbd_core.o(i.USBD_LL_SetSpeed)
    i.USBD_LL_SetUSBAddress                  0x0800484c   Section        0  usbd_conf.o(i.USBD_LL_SetUSBAddress)
    i.USBD_LL_SetupStage                     0x0800485e   Section        0  usbd_core.o(i.USBD_LL_SetupStage)
    i.USBD_LL_StallEP                        0x080048bc   Section        0  usbd_conf.o(i.USBD_LL_StallEP)
    i.USBD_LL_Start                          0x080048ce   Section        0  usbd_conf.o(i.USBD_LL_Start)
    i.USBD_LL_Suspend                        0x080048e0   Section        0  usbd_core.o(i.USBD_LL_Suspend)
    i.USBD_LL_Transmit                       0x080048f2   Section        0  usbd_conf.o(i.USBD_LL_Transmit)
    i.USBD_ParseSetupRequest                 0x08004904   Section        0  usbd_ctlreq.o(i.USBD_ParseSetupRequest)
    i.USBD_RegisterClass                     0x0800492c   Section        0  usbd_core.o(i.USBD_RegisterClass)
    i.USBD_RunTestMode                       0x0800493e   Section        0  usbd_core.o(i.USBD_RunTestMode)
    i.USBD_SetAddress                        0x08004942   Section        0  usbd_ctlreq.o(i.USBD_SetAddress)
    USBD_SetAddress                          0x08004943   Thumb Code    88  usbd_ctlreq.o(i.USBD_SetAddress)
    i.USBD_SetClassConfig                    0x0800499a   Section        0  usbd_core.o(i.USBD_SetClassConfig)
    i.USBD_SetConfig                         0x080049b4   Section        0  usbd_ctlreq.o(i.USBD_SetConfig)
    USBD_SetConfig                           0x080049b5   Thumb Code   198  usbd_ctlreq.o(i.USBD_SetConfig)
    i.USBD_SetFeature                        0x08004a80   Section        0  usbd_ctlreq.o(i.USBD_SetFeature)
    USBD_SetFeature                          0x08004a81   Thumb Code    16  usbd_ctlreq.o(i.USBD_SetFeature)
    i.USBD_Start                             0x08004a90   Section        0  usbd_core.o(i.USBD_Start)
    i.USBD_StdDevReq                         0x08004a9a   Section        0  usbd_ctlreq.o(i.USBD_StdDevReq)
    i.USBD_StdEPReq                          0x08004b1a   Section        0  usbd_ctlreq.o(i.USBD_StdEPReq)
    i.USBD_StdItfReq                         0x08004d0a   Section        0  usbd_ctlreq.o(i.USBD_StdItfReq)
    i.USBD_static_free                       0x08004d70   Section        0  usbd_conf.o(i.USBD_static_free)
    i.USBD_static_malloc                     0x08004d74   Section        0  usbd_conf.o(i.USBD_static_malloc)
    i.USB_ActivateEndpoint                   0x08004d7c   Section        0  stm32f1xx_ll_usb.o(i.USB_ActivateEndpoint)
    i.USB_CoreInit                           0x0800507e   Section        0  stm32f1xx_ll_usb.o(i.USB_CoreInit)
    i.USB_DeactivateEndpoint                 0x08005082   Section        0  stm32f1xx_ll_usb.o(i.USB_DeactivateEndpoint)
    i.USB_DevConnect                         0x08005206   Section        0  stm32f1xx_ll_usb.o(i.USB_DevConnect)
    i.USB_DevDisconnect                      0x0800520a   Section        0  stm32f1xx_ll_usb.o(i.USB_DevDisconnect)
    i.USB_DevInit                            0x0800520e   Section        0  stm32f1xx_ll_usb.o(i.USB_DevInit)
    i.USB_DisableGlobalInt                   0x08005226   Section        0  stm32f1xx_ll_usb.o(i.USB_DisableGlobalInt)
    i.USB_EP0_OutStart                       0x08005236   Section        0  stm32f1xx_ll_usb.o(i.USB_EP0_OutStart)
    i.USB_EPClearStall                       0x0800523a   Section        0  stm32f1xx_ll_usb.o(i.USB_EPClearStall)
    i.USB_EPSetStall                         0x080052d4   Section        0  stm32f1xx_ll_usb.o(i.USB_EPSetStall)
    i.USB_EPStartXfer                        0x08005312   Section        0  stm32f1xx_ll_usb.o(i.USB_EPStartXfer)
    i.USB_EnableGlobalInt                    0x08005ab0   Section        0  stm32f1xx_ll_usb.o(i.USB_EnableGlobalInt)
    i.USB_LP_CAN1_RX0_IRQHandler             0x08005ac4   Section        0  stm32f1xx_it.o(i.USB_LP_CAN1_RX0_IRQHandler)
    i.USB_ReadInterrupts                     0x08005ad0   Section        0  stm32f1xx_ll_usb.o(i.USB_ReadInterrupts)
    i.USB_ReadPMA                            0x08005ad6   Section        0  stm32f1xx_ll_usb.o(i.USB_ReadPMA)
    i.USB_SetCurrentMode                     0x08005b12   Section        0  stm32f1xx_ll_usb.o(i.USB_SetCurrentMode)
    i.USB_SetDevAddress                      0x08005b16   Section        0  stm32f1xx_ll_usb.o(i.USB_SetDevAddress)
    i.USB_WritePMA                           0x08005b24   Section        0  stm32f1xx_ll_usb.o(i.USB_WritePMA)
    i.USER_initialize                        0x08005b50   Section        0  user_diskio.o(i.USER_initialize)
    i.USER_ioctl                             0x08005b60   Section        0  user_diskio.o(i.USER_ioctl)
    i.USER_read                              0x08005b64   Section        0  user_diskio.o(i.USER_read)
    i.USER_status                            0x08005b68   Section        0  user_diskio.o(i.USER_status)
    i.USER_write                             0x08005b78   Section        0  user_diskio.o(i.USER_write)
    i.UsageFault_Handler                     0x08005b7c   Section        0  stm32f1xx_it.o(i.UsageFault_Handler)
    i.__0sprintf$6                           0x08005b80   Section        0  printf6.o(i.__0sprintf$6)
    i.__scatterload_copy                     0x08005ba8   Section       14  handlers.o(i.__scatterload_copy)
    i.__scatterload_null                     0x08005bb6   Section        2  handlers.o(i.__scatterload_null)
    i.__scatterload_zeroinit                 0x08005bb8   Section       14  handlers.o(i.__scatterload_zeroinit)
    i._printf_core                           0x08005bc8   Section        0  printf6.o(i._printf_core)
    _printf_core                             0x08005bc9   Thumb Code   748  printf6.o(i._printf_core)
    i._printf_post_padding                   0x08005eb8   Section        0  printf6.o(i._printf_post_padding)
    _printf_post_padding                     0x08005eb9   Thumb Code    36  printf6.o(i._printf_post_padding)
    i._printf_pre_padding                    0x08005edc   Section        0  printf6.o(i._printf_pre_padding)
    _printf_pre_padding                      0x08005edd   Thumb Code    46  printf6.o(i._printf_pre_padding)
    i._sputc                                 0x08005f0a   Section        0  printf6.o(i._sputc)
    _sputc                                   0x08005f0b   Thumb Code    10  printf6.o(i._sputc)
    i.beep                                   0x08005f14   Section        0  buzz.o(i.beep)
    i.free                                   0x08005f6c   Section        0  malloc.o(i.free)
    i.get_current_date_time                  0x08005fbc   Section        0  ds1307_for_stm32_hal.o(i.get_current_date_time)
    i.get_joystick_position                  0x08006034   Section        0  joystick.o(i.get_joystick_position)
    i.joystick_init                          0x08006068   Section        0  joystick.o(i.joystick_init)
    i.lcd_clear                              0x08006074   Section        0  i2c-lcd.o(i.lcd_clear)
    i.lcd_put_cur                            0x0800608c   Section        0  i2c-lcd.o(i.lcd_put_cur)
    i.lcd_send_cmd                           0x080060a4   Section        0  i2c-lcd.o(i.lcd_send_cmd)
    i.lcd_send_data                          0x080060e4   Section        0  i2c-lcd.o(i.lcd_send_data)
    i.lcd_send_string                        0x08006124   Section        0  i2c-lcd.o(i.lcd_send_string)
    i.main                                   0x08006138   Section        0  main.o(i.main)
    i.malloc                                 0x080062b4   Section        0  malloc.o(i.malloc)
    i.sendlcd                                0x08006320   Section        0  i2c-lcd.o(i.sendlcd)
    i.strdup                                 0x08006362   Section        0  ds1307_for_stm32_hal.o(i.strdup)
    .constdata                               0x0800637e   Section       16  system_stm32f1xx.o(.constdata)
    .constdata                               0x0800638e   Section        8  system_stm32f1xx.o(.constdata)
    .data                                    0x20000000   Section        4  ds1307_for_stm32_hal.o(.data)
    .data                                    0x20000004   Section       20  joystick.o(.data)
    .data                                    0x20000018   Section        8  fatfs_sd.o(.data)
    Stat                                     0x20000018   Data           1  fatfs_sd.o(.data)
    PowerFlag                                0x20000019   Data           1  fatfs_sd.o(.data)
    CardType                                 0x2000001a   Data           1  fatfs_sd.o(.data)
    .data                                    0x20000020   Section       64  main.o(.data)
    .data                                    0x20000060   Section       12  stm32f1xx_hal.o(.data)
    .data                                    0x2000006c   Section        4  system_stm32f1xx.o(.data)
    .data                                    0x20000070   Section        1  user_diskio.o(.data)
    Stat                                     0x20000070   Data           1  user_diskio.o(.data)
    .data                                    0x20000074   Section       20  user_diskio.o(.data)
    .data                                    0x20000088   Section        5  fatfs.o(.data)
    .data                                    0x20000090   Section       28  usbd_desc.o(.data)
    .data                                    0x200000ac   Section       50  usbd_desc.o(.data)
    .data                                    0x200000e0   Section       16  usbd_cdc_if.o(.data)
    .data                                    0x200000f0   Section        1  usbd_ctlreq.o(.data)
    cfgidx                                   0x200000f0   Data           1  usbd_ctlreq.o(.data)
    .data                                    0x200000f4   Section      215  usbd_cdc.o(.data)
    USBD_CDC_DeviceQualifierDesc             0x200000f4   Data          10  usbd_cdc.o(.data)
    .data                                    0x200001cc   Section       56  usbd_cdc.o(.data)
    .data                                    0x20000204   Section        4  mvars.o(.data)
    .data                                    0x20000208   Section        4  mvars.o(.data)
    .bss                                     0x2000020c   Section      512  main.o(.bss)
    .bss                                     0x2000040c   Section       68  main.o(.bss)
    .bss                                     0x20000450   Section       12  ff_gen_drv.o(.bss)
    .bss                                     0x2000045c   Section      708  usb_device.o(.bss)
    .bss                                     0x20000720   Section      512  usbd_desc.o(.bss)
    .bss                                     0x20000920   Section      128  usbd_cdc_if.o(.bss)
    .bss                                     0x200009a0   Section     1292  usbd_conf.o(.bss)
    mem                                      0x200009a0   Data         544  usbd_conf.o(.bss)
    HEAP                                     0x20000eb0   Section      512  startup_stm32f103xb.o(HEAP)
    STACK                                    0x200010b0   Section     1024  startup_stm32f103xb.o(STACK)

    Global Symbols

    Symbol Name                              Value     Ov Type        Size  Object(Section)

    BuildAttributes$$THM_ISAv4$P$D$K$B$S$PE$A:L22UL41UL21$X:L11$S22US41US21$IEEE1$IW$USESV6$~STKCKD$USESV7$~SHL$OTIME$ROPI$EBA8$MICROLIB$REQ8$PRES8$EABIv2 0x00000000   Number         0  anon$$obj.o ABSOLUTE
    __ARM_use_no_argv                        0x00000000   Number         0  main.o ABSOLUTE
    _printf_a                                0x00000000   Number         0  stubs.o ABSOLUTE
    _printf_c                                0x00000000   Number         0  stubs.o ABSOLUTE
    _printf_charcount                        0x00000000   Number         0  stubs.o ABSOLUTE
    _printf_d                                0x00000000   Number         0  stubs.o ABSOLUTE
    _printf_e                                0x00000000   Number         0  stubs.o ABSOLUTE
    _printf_f                                0x00000000   Number         0  stubs.o ABSOLUTE
    _printf_flags                            0x00000000   Number         0  stubs.o ABSOLUTE
    _printf_fp_dec                           0x00000000   Number         0  stubs.o ABSOLUTE
    _printf_fp_hex                           0x00000000   Number         0  stubs.o ABSOLUTE
    _printf_g                                0x00000000   Number         0  stubs.o ABSOLUTE
    _printf_i                                0x00000000   Number         0  stubs.o ABSOLUTE
    _printf_int_dec                          0x00000000   Number         0  stubs.o ABSOLUTE
    _printf_l                                0x00000000   Number         0  stubs.o ABSOLUTE
    _printf_lc                               0x00000000   Number         0  stubs.o ABSOLUTE
    _printf_ll                               0x00000000   Number         0  stubs.o ABSOLUTE
    _printf_lld                              0x00000000   Number         0  stubs.o ABSOLUTE
    _printf_lli                              0x00000000   Number         0  stubs.o ABSOLUTE
    _printf_llo                              0x00000000   Number         0  stubs.o ABSOLUTE
    _printf_llu                              0x00000000   Number         0  stubs.o ABSOLUTE
    _printf_llx                              0x00000000   Number         0  stubs.o ABSOLUTE
    _printf_longlong_dec                     0x00000000   Number         0  stubs.o ABSOLUTE
    _printf_longlong_hex                     0x00000000   Number         0  stubs.o ABSOLUTE
    _printf_longlong_oct                     0x00000000   Number         0  stubs.o ABSOLUTE
    _printf_ls                               0x00000000   Number         0  stubs.o ABSOLUTE
    _printf_mbtowc                           0x00000000   Number         0  stubs.o ABSOLUTE
    _printf_n                                0x00000000   Number         0  stubs.o ABSOLUTE
    _printf_o                                0x00000000   Number         0  stubs.o ABSOLUTE
    _printf_p                                0x00000000   Number         0  stubs.o ABSOLUTE
    _printf_percent                          0x00000000   Number         0  stubs.o ABSOLUTE
    _printf_pre_padding                      0x00000000   Number         0  stubs.o ABSOLUTE
    _printf_return_value                     0x00000000   Number         0  stubs.o ABSOLUTE
    _printf_s                                0x00000000   Number         0  stubs.o ABSOLUTE
    _printf_sizespec                         0x00000000   Number         0  stubs.o ABSOLUTE
    _printf_str                              0x00000000   Number         0  stubs.o ABSOLUTE
    _printf_truncate_signed                  0x00000000   Number         0  stubs.o ABSOLUTE
    _printf_truncate_unsigned                0x00000000   Number         0  stubs.o ABSOLUTE
    _printf_u                                0x00000000   Number         0  stubs.o ABSOLUTE
    _printf_wc                               0x00000000   Number         0  stubs.o ABSOLUTE
    _printf_wctomb                           0x00000000   Number         0  stubs.o ABSOLUTE
    _printf_widthprec                        0x00000000   Number         0  stubs.o ABSOLUTE
    _printf_x                                0x00000000   Number         0  stubs.o ABSOLUTE
    __cpp_initialize__aeabi_                  - Undefined Weak Reference
    __cxa_finalize                            - Undefined Weak Reference
    _clock_init                               - Undefined Weak Reference
    _microlib_exit                            - Undefined Weak Reference
    __Vectors_Size                           0x000000ec   Number         0  startup_stm32f103xb.o ABSOLUTE
    __Vectors                                0x08000000   Data           4  startup_stm32f103xb.o(RESET)
    __Vectors_End                            0x080000ec   Data           0  startup_stm32f103xb.o(RESET)
    __main                                   0x080000ed   Thumb Code     0  entry.o(.ARM.Collect$$$$00000000)
    _main_stk                                0x080000ed   Thumb Code     0  entry2.o(.ARM.Collect$$$$00000001)
    _main_scatterload                        0x080000f1   Thumb Code     0  entry5.o(.ARM.Collect$$$$00000004)
    __main_after_scatterload                 0x080000f5   Thumb Code     0  entry5.o(.ARM.Collect$$$$00000004)
    _main_clock                              0x080000f5   Thumb Code     0  entry7b.o(.ARM.Collect$$$$00000008)
    _main_cpp_init                           0x080000f5   Thumb Code     0  entry8b.o(.ARM.Collect$$$$0000000A)
    _main_init                               0x080000f5   Thumb Code     0  entry9a.o(.ARM.Collect$$$$0000000B)
    __rt_final_cpp                           0x080000fd   Thumb Code     0  entry10a.o(.ARM.Collect$$$$0000000D)
    __rt_final_exit                          0x080000fd   Thumb Code     0  entry11a.o(.ARM.Collect$$$$0000000F)
    Reset_Handler                            0x08000101   Thumb Code     8  startup_stm32f103xb.o(.text)
    ADC1_2_IRQHandler                        0x0800011b   Thumb Code     0  startup_stm32f103xb.o(.text)
    CAN1_RX1_IRQHandler                      0x0800011b   Thumb Code     0  startup_stm32f103xb.o(.text)
    CAN1_SCE_IRQHandler                      0x0800011b   Thumb Code     0  startup_stm32f103xb.o(.text)
    DMA1_Channel2_IRQHandler                 0x0800011b   Thumb Code     0  startup_stm32f103xb.o(.text)
    DMA1_Channel3_IRQHandler                 0x0800011b   Thumb Code     0  startup_stm32f103xb.o(.text)
    DMA1_Channel4_IRQHandler                 0x0800011b   Thumb Code     0  startup_stm32f103xb.o(.text)
    DMA1_Channel5_IRQHandler                 0x0800011b   Thumb Code     0  startup_stm32f103xb.o(.text)
    DMA1_Channel6_IRQHandler                 0x0800011b   Thumb Code     0  startup_stm32f103xb.o(.text)
    DMA1_Channel7_IRQHandler                 0x0800011b   Thumb Code     0  startup_stm32f103xb.o(.text)
    EXTI0_IRQHandler                         0x0800011b   Thumb Code     0  startup_stm32f103xb.o(.text)
    EXTI15_10_IRQHandler                     0x0800011b   Thumb Code     0  startup_stm32f103xb.o(.text)
    EXTI1_IRQHandler                         0x0800011b   Thumb Code     0  startup_stm32f103xb.o(.text)
    EXTI2_IRQHandler                         0x0800011b   Thumb Code     0  startup_stm32f103xb.o(.text)
    EXTI3_IRQHandler                         0x0800011b   Thumb Code     0  startup_stm32f103xb.o(.text)
    EXTI4_IRQHandler                         0x0800011b   Thumb Code     0  startup_stm32f103xb.o(.text)
    EXTI9_5_IRQHandler                       0x0800011b   Thumb Code     0  startup_stm32f103xb.o(.text)
    FLASH_IRQHandler                         0x0800011b   Thumb Code     0  startup_stm32f103xb.o(.text)
    I2C1_ER_IRQHandler                       0x0800011b   Thumb Code     0  startup_stm32f103xb.o(.text)
    I2C1_EV_IRQHandler                       0x0800011b   Thumb Code     0  startup_stm32f103xb.o(.text)
    I2C2_ER_IRQHandler                       0x0800011b   Thumb Code     0  startup_stm32f103xb.o(.text)
    I2C2_EV_IRQHandler                       0x0800011b   Thumb Code     0  startup_stm32f103xb.o(.text)
    PVD_IRQHandler                           0x0800011b   Thumb Code     0  startup_stm32f103xb.o(.text)
    RCC_IRQHandler                           0x0800011b   Thumb Code     0  startup_stm32f103xb.o(.text)
    RTC_Alarm_IRQHandler                     0x0800011b   Thumb Code     0  startup_stm32f103xb.o(.text)
    RTC_IRQHandler                           0x0800011b   Thumb Code     0  startup_stm32f103xb.o(.text)
    SPI1_IRQHandler                          0x0800011b   Thumb Code     0  startup_stm32f103xb.o(.text)
    SPI2_IRQHandler                          0x0800011b   Thumb Code     0  startup_stm32f103xb.o(.text)
    TAMPER_IRQHandler                        0x0800011b   Thumb Code     0  startup_stm32f103xb.o(.text)
    TIM1_BRK_IRQHandler                      0x0800011b   Thumb Code     0  startup_stm32f103xb.o(.text)
    TIM1_CC_IRQHandler                       0x0800011b   Thumb Code     0  startup_stm32f103xb.o(.text)
    TIM1_TRG_COM_IRQHandler                  0x0800011b   Thumb Code     0  startup_stm32f103xb.o(.text)
    TIM1_UP_IRQHandler                       0x0800011b   Thumb Code     0  startup_stm32f103xb.o(.text)
    TIM2_IRQHandler                          0x0800011b   Thumb Code     0  startup_stm32f103xb.o(.text)
    TIM3_IRQHandler                          0x0800011b   Thumb Code     0  startup_stm32f103xb.o(.text)
    TIM4_IRQHandler                          0x0800011b   Thumb Code     0  startup_stm32f103xb.o(.text)
    USART1_IRQHandler                        0x0800011b   Thumb Code     0  startup_stm32f103xb.o(.text)
    USART2_IRQHandler                        0x0800011b   Thumb Code     0  startup_stm32f103xb.o(.text)
    USART3_IRQHandler                        0x0800011b   Thumb Code     0  startup_stm32f103xb.o(.text)
    USBWakeUp_IRQHandler                     0x0800011b   Thumb Code     0  startup_stm32f103xb.o(.text)
    USB_HP_CAN1_TX_IRQHandler                0x0800011b   Thumb Code     0  startup_stm32f103xb.o(.text)
    WWDG_IRQHandler                          0x0800011b   Thumb Code     0  startup_stm32f103xb.o(.text)
    __aeabi_memset                           0x08000125   Thumb Code    14  memseta.o(.text)
    __aeabi_memset4                          0x08000125   Thumb Code     0  memseta.o(.text)
    __aeabi_memset8                          0x08000125   Thumb Code     0  memseta.o(.text)
    __aeabi_memclr                           0x08000133   Thumb Code     4  memseta.o(.text)
    __aeabi_memclr4                          0x08000133   Thumb Code     0  memseta.o(.text)
    __aeabi_memclr8                          0x08000133   Thumb Code     0  memseta.o(.text)
    _memset$wrapper                          0x08000137   Thumb Code    18  memseta.o(.text)
    strlen                                   0x08000149   Thumb Code    14  strlen.o(.text)
    strcpy                                   0x08000157   Thumb Code    18  strcpy.o(.text)
    __aeabi_uidiv                            0x08000169   Thumb Code     0  uidiv.o(.text)
    __aeabi_uidivmod                         0x08000169   Thumb Code    44  uidiv.o(.text)
    __scatterload                            0x08000195   Thumb Code    28  init.o(.text)
    __scatterload_rt2                        0x08000195   Thumb Code     0  init.o(.text)
    __decompress                             0x080001b9   Thumb Code     0  __dczerorl2.o(.text)
    __decompress1                            0x080001b9   Thumb Code    86  __dczerorl2.o(.text)
    ADC_ConversionStop_Disable               0x0800020f   Thumb Code    92  stm32f1xx_hal_adc.o(i.ADC_ConversionStop_Disable)
    ADC_DMAConvCplt                          0x0800026b   Thumb Code    82  stm32f1xx_hal_adc.o(i.ADC_DMAConvCplt)
    ADC_DMAError                             0x080002bd   Thumb Code    26  stm32f1xx_hal_adc.o(i.ADC_DMAError)
    ADC_DMAHalfConvCplt                      0x080002d7   Thumb Code    10  stm32f1xx_hal_adc.o(i.ADC_DMAHalfConvCplt)
    ADC_Enable                               0x080002e1   Thumb Code   128  stm32f1xx_hal_adc.o(i.ADC_Enable)
    BusFault_Handler                         0x08000369   Thumb Code     2  stm32f1xx_it.o(i.BusFault_Handler)
    DMA1_Channel1_IRQHandler                 0x080003b5   Thumb Code     6  stm32f1xx_it.o(i.DMA1_Channel1_IRQHandler)
    DS1307_DecodeBCD                         0x080003f9   Thumb Code    18  ds1307_for_stm32_hal.o(i.DS1307_DecodeBCD)
    DS1307_GetDate                           0x0800040b   Thumb Code    16  ds1307_for_stm32_hal.o(i.DS1307_GetDate)
    DS1307_GetHour                           0x0800041b   Thumb Code    20  ds1307_for_stm32_hal.o(i.DS1307_GetHour)
    DS1307_GetMinute                         0x0800042f   Thumb Code    16  ds1307_for_stm32_hal.o(i.DS1307_GetMinute)
    DS1307_GetMonth                          0x0800043f   Thumb Code    16  ds1307_for_stm32_hal.o(i.DS1307_GetMonth)
    DS1307_GetRegByte                        0x08000451   Thumb Code    44  ds1307_for_stm32_hal.o(i.DS1307_GetRegByte)
    DS1307_GetSecond                         0x08000481   Thumb Code    20  ds1307_for_stm32_hal.o(i.DS1307_GetSecond)
    DS1307_GetYear                           0x08000495   Thumb Code    28  ds1307_for_stm32_hal.o(i.DS1307_GetYear)
    DS1307_Init                              0x080004b1   Thumb Code    10  ds1307_for_stm32_hal.o(i.DS1307_Init)
    DS1307_SetClockHalt                      0x080004c1   Thumb Code    32  ds1307_for_stm32_hal.o(i.DS1307_SetClockHalt)
    DS1307_SetRegByte                        0x080004e1   Thumb Code    32  ds1307_for_stm32_hal.o(i.DS1307_SetRegByte)
    DebugMon_Handler                         0x08000505   Thumb Code     2  stm32f1xx_it.o(i.DebugMon_Handler)
    Error_Handler                            0x08000507   Thumb Code     2  main.o(i.Error_Handler)
    FATFS_LinkDriver                         0x08000509   Thumb Code     6  ff_gen_drv.o(i.FATFS_LinkDriver)
    FATFS_LinkDriverEx                       0x08000511   Thumb Code    66  ff_gen_drv.o(i.FATFS_LinkDriverEx)
    HAL_ADC_ConfigChannel                    0x08000591   Thumb Code   286  stm32f1xx_hal_adc.o(i.HAL_ADC_ConfigChannel)
    HAL_ADC_ConvCpltCallback                 0x080006b9   Thumb Code    48  joystick.o(i.HAL_ADC_ConvCpltCallback)
    HAL_ADC_ConvHalfCpltCallback             0x080006ed   Thumb Code     2  stm32f1xx_hal_adc.o(i.HAL_ADC_ConvHalfCpltCallback)
    HAL_ADC_ErrorCallback                    0x080006ef   Thumb Code     2  stm32f1xx_hal_adc.o(i.HAL_ADC_ErrorCallback)
    HAL_ADC_Init                             0x080006f1   Thumb Code   284  stm32f1xx_hal_adc.o(i.HAL_ADC_Init)
    HAL_ADC_MspInit                          0x08000815   Thumb Code   120  stm32f1xx_hal_msp.o(i.HAL_ADC_MspInit)
    HAL_ADC_Start_DMA                        0x080008a1   Thumb Code   282  stm32f1xx_hal_adc.o(i.HAL_ADC_Start_DMA)
    HAL_DMA_IRQHandler                       0x080009d1   Thumb Code   338  stm32f1xx_hal_dma.o(i.HAL_DMA_IRQHandler)
    HAL_DMA_Init                             0x08000b41   Thumb Code   118  stm32f1xx_hal_dma.o(i.HAL_DMA_Init)
    HAL_DMA_Start_IT                         0x08000bc5   Thumb Code   124  stm32f1xx_hal_dma.o(i.HAL_DMA_Start_IT)
    HAL_Delay                                0x08000c41   Thumb Code    32  stm32f1xx_hal.o(i.HAL_Delay)
    HAL_GPIO_Init                            0x08000c65   Thumb Code   492  stm32f1xx_hal_gpio.o(i.HAL_GPIO_Init)
    HAL_GPIO_ReadPin                         0x08000e5d   Thumb Code    14  stm32f1xx_hal_gpio.o(i.HAL_GPIO_ReadPin)
    HAL_GPIO_WritePin                        0x08000e6b   Thumb Code    14  stm32f1xx_hal_gpio.o(i.HAL_GPIO_WritePin)
    HAL_GetTick                              0x08000e79   Thumb Code     6  stm32f1xx_hal.o(i.HAL_GetTick)
    HAL_I2C_Init                             0x08000e85   Thumb Code   398  stm32f1xx_hal_i2c.o(i.HAL_I2C_Init)
    HAL_I2C_Master_Receive                   0x08001025   Thumb Code   764  stm32f1xx_hal_i2c.o(i.HAL_I2C_Master_Receive)
    HAL_I2C_Master_Transmit                  0x08001331   Thumb Code   344  stm32f1xx_hal_i2c.o(i.HAL_I2C_Master_Transmit)
    HAL_I2C_MspInit                          0x08001491   Thumb Code   134  stm32f1xx_hal_msp.o(i.HAL_I2C_MspInit)
    HAL_IncTick                              0x08001529   Thumb Code    12  stm32f1xx_hal.o(i.HAL_IncTick)
    HAL_Init                                 0x08001539   Thumb Code    32  stm32f1xx_hal.o(i.HAL_Init)
    HAL_InitTick                             0x0800155d   Thumb Code    58  stm32f1xx_hal.o(i.HAL_InitTick)
    HAL_MspInit                              0x080015a1   Thumb Code    52  stm32f1xx_hal_msp.o(i.HAL_MspInit)
    HAL_NVIC_EnableIRQ                       0x080015dd   Thumb Code    30  stm32f1xx_hal_cortex.o(i.HAL_NVIC_EnableIRQ)
    HAL_NVIC_SetPriority                     0x080015fd   Thumb Code    94  stm32f1xx_hal_cortex.o(i.HAL_NVIC_SetPriority)
    HAL_NVIC_SetPriorityGrouping             0x08001669   Thumb Code    30  stm32f1xx_hal_cortex.o(i.HAL_NVIC_SetPriorityGrouping)
    HAL_PCDEx_PMAConfig                      0x0800168d   Thumb Code    60  stm32f1xx_hal_pcd_ex.o(i.HAL_PCDEx_PMAConfig)
    HAL_PCDEx_SetConnectionState             0x080016c9   Thumb Code     2  usbd_conf.o(i.HAL_PCDEx_SetConnectionState)
    HAL_PCD_DataInStageCallback              0x080016cb   Thumb Code    18  usbd_conf.o(i.HAL_PCD_DataInStageCallback)
    HAL_PCD_DataOutStageCallback             0x080016dd   Thumb Code    20  usbd_conf.o(i.HAL_PCD_DataOutStageCallback)
    HAL_PCD_EP_Close                         0x080016f1   Thumb Code    74  stm32f1xx_hal_pcd.o(i.HAL_PCD_EP_Close)
    HAL_PCD_EP_ClrStall                      0x0800173b   Thumb Code    90  stm32f1xx_hal_pcd.o(i.HAL_PCD_EP_ClrStall)
    HAL_PCD_EP_GetRxCount                    0x08001c63   Thumb Code    18  stm32f1xx_hal_pcd.o(i.HAL_PCD_EP_GetRxCount)
    HAL_PCD_EP_Open                          0x08001c75   Thumb Code    92  stm32f1xx_hal_pcd.o(i.HAL_PCD_EP_Open)
    HAL_PCD_EP_Receive                       0x08001cd1   Thumb Code    56  stm32f1xx_hal_pcd.o(i.HAL_PCD_EP_Receive)
    HAL_PCD_EP_SetStall                      0x08001d09   Thumb Code   114  stm32f1xx_hal_pcd.o(i.HAL_PCD_EP_SetStall)
    HAL_PCD_EP_Transmit                      0x08001d7b   Thumb Code    62  stm32f1xx_hal_pcd.o(i.HAL_PCD_EP_Transmit)
    HAL_PCD_IRQHandler                       0x08001db9   Thumb Code   390  stm32f1xx_hal_pcd.o(i.HAL_PCD_IRQHandler)
    HAL_PCD_Init                             0x08001f3f   Thumb Code   244  stm32f1xx_hal_pcd.o(i.HAL_PCD_Init)
    HAL_PCD_MspInit                          0x08002035   Thumb Code    54  usbd_conf.o(i.HAL_PCD_MspInit)
    HAL_PCD_ResetCallback                    0x08002071   Thumb Code    38  usbd_conf.o(i.HAL_PCD_ResetCallback)
    HAL_PCD_ResumeCallback                   0x08002097   Thumb Code     8  usbd_conf.o(i.HAL_PCD_ResumeCallback)
    HAL_PCD_SOFCallback                      0x0800209f   Thumb Code     8  usbd_conf.o(i.HAL_PCD_SOFCallback)
    HAL_PCD_SetAddress                       0x080020a7   Thumb Code    40  stm32f1xx_hal_pcd.o(i.HAL_PCD_SetAddress)
    HAL_PCD_SetupStageCallback               0x080020cf   Thumb Code    14  usbd_conf.o(i.HAL_PCD_SetupStageCallback)
    HAL_PCD_Start                            0x080020dd   Thumb Code    50  stm32f1xx_hal_pcd.o(i.HAL_PCD_Start)
    HAL_PCD_SuspendCallback                  0x08002111   Thumb Code    30  usbd_conf.o(i.HAL_PCD_SuspendCallback)
    HAL_RCCEx_PeriphCLKConfig                0x08002135   Thumb Code   290  stm32f1xx_hal_rcc_ex.o(i.HAL_RCCEx_PeriphCLKConfig)
    HAL_RCC_ClockConfig                      0x08002265   Thumb Code   364  stm32f1xx_hal_rcc.o(i.HAL_RCC_ClockConfig)
    HAL_RCC_GetHCLKFreq                      0x080023e5   Thumb Code     6  stm32f1xx_hal_rcc.o(i.HAL_RCC_GetHCLKFreq)
    HAL_RCC_GetPCLK1Freq                     0x080023f1   Thumb Code    22  stm32f1xx_hal_rcc.o(i.HAL_RCC_GetPCLK1Freq)
    HAL_RCC_GetPCLK2Freq                     0x08002411   Thumb Code    22  stm32f1xx_hal_rcc.o(i.HAL_RCC_GetPCLK2Freq)
    HAL_RCC_GetSysClockFreq                  0x08002431   Thumb Code    88  stm32f1xx_hal_rcc.o(i.HAL_RCC_GetSysClockFreq)
    HAL_RCC_OscConfig                        0x080024a9   Thumb Code  1068  stm32f1xx_hal_rcc.o(i.HAL_RCC_OscConfig)
    HAL_SPI_Init                             0x080028d5   Thumb Code   180  stm32f1xx_hal_spi.o(i.HAL_SPI_Init)
    HAL_SPI_MspInit                          0x08002989   Thumb Code    98  stm32f1xx_hal_msp.o(i.HAL_SPI_MspInit)
    HAL_SYSTICK_Config                       0x080029f9   Thumb Code    36  stm32f1xx_hal_cortex.o(i.HAL_SYSTICK_Config)
    HAL_TIMEx_MasterConfigSynchronization    0x08002a21   Thumb Code   106  stm32f1xx_hal_tim_ex.o(i.HAL_TIMEx_MasterConfigSynchronization)
    HAL_TIM_Base_Init                        0x08002a8b   Thumb Code    92  stm32f1xx_hal_tim.o(i.HAL_TIM_Base_Init)
    HAL_TIM_Base_MspInit                     0x08002ae9   Thumb Code    30  stm32f1xx_hal_msp.o(i.HAL_TIM_Base_MspInit)
    HAL_TIM_ConfigClockSource                0x08002b0d   Thumb Code   228  stm32f1xx_hal_tim.o(i.HAL_TIM_ConfigClockSource)
    HAL_TIM_MspPostInit                      0x08002bf1   Thumb Code    80  stm32f1xx_hal_msp.o(i.HAL_TIM_MspPostInit)
    HAL_TIM_PWM_ConfigChannel                0x08002c4d   Thumb Code   210  stm32f1xx_hal_tim.o(i.HAL_TIM_PWM_ConfigChannel)
    HAL_TIM_PWM_Init                         0x08002d1f   Thumb Code    92  stm32f1xx_hal_tim.o(i.HAL_TIM_PWM_Init)
    HAL_TIM_PWM_MspInit                      0x08002d7b   Thumb Code     2  stm32f1xx_hal_tim.o(i.HAL_TIM_PWM_MspInit)
    HAL_TIM_PWM_Start                        0x08002d7d   Thumb Code   164  stm32f1xx_hal_tim.o(i.HAL_TIM_PWM_Start)
    HAL_TIM_PWM_Stop                         0x08002e25   Thumb Code   114  stm32f1xx_hal_tim.o(i.HAL_TIM_PWM_Stop)
    HAL_UART_Init                            0x08002e97   Thumb Code   100  stm32f1xx_hal_uart.o(i.HAL_UART_Init)
    HAL_UART_MspInit                         0x08002efd   Thumb Code   156  stm32f1xx_hal_msp.o(i.HAL_UART_MspInit)
    HardFault_Handler                        0x08002fa9   Thumb Code     2  stm32f1xx_it.o(i.HardFault_Handler)
    MAP                                      0x080034a1   Thumb Code    20  joystick.o(i.MAP)
    MX_FATFS_Init                            0x08003505   Thumb Code    16  fatfs.o(i.MX_FATFS_Init)
    MX_USB_DEVICE_Init                       0x08003651   Thumb Code    66  usb_device.o(i.MX_USB_DEVICE_Init)
    MemManage_Handler                        0x080036a5   Thumb Code     2  stm32f1xx_it.o(i.MemManage_Handler)
    NMI_Handler                              0x080036a7   Thumb Code     2  stm32f1xx_it.o(i.NMI_Handler)
    PendSV_Handler                           0x08003a03   Thumb Code     2  stm32f1xx_it.o(i.PendSV_Handler)
    SVC_Handler                              0x08003a2d   Thumb Code     2  stm32f1xx_it.o(i.SVC_Handler)
    SysTick_Handler                          0x08003a31   Thumb Code    24  stm32f1xx_it.o(i.SysTick_Handler)
    SystemClock_Config                       0x08003a51   Thumb Code   100  main.o(i.SystemClock_Config)
    SystemInit                               0x08003ab5   Thumb Code     2  system_stm32f1xx.o(i.SystemInit)
    TIM_Base_SetConfig                       0x08003ab9   Thumb Code   106  stm32f1xx_hal_tim.o(i.TIM_Base_SetConfig)
    TIM_CCxChannelCmd                        0x08003b31   Thumb Code    30  stm32f1xx_hal_tim.o(i.TIM_CCxChannelCmd)
    TIM_ETR_SetConfig                        0x08003b4f   Thumb Code    22  stm32f1xx_hal_tim.o(i.TIM_ETR_SetConfig)
    TIM_OC2_SetConfig                        0x08003bdd   Thumb Code   100  stm32f1xx_hal_tim.o(i.TIM_OC2_SetConfig)
    USBD_CDC_GetDeviceQualifierDescriptor    0x08003ec9   Thumb Code     8  usbd_cdc.o(i.USBD_CDC_GetDeviceQualifierDescriptor)
    USBD_CDC_ReceivePacket                   0x08003fa5   Thumb Code    50  usbd_cdc.o(i.USBD_CDC_ReceivePacket)
    USBD_CDC_RegisterInterface               0x08003fd7   Thumb Code    16  usbd_cdc.o(i.USBD_CDC_RegisterInterface)
    USBD_CDC_SetRxBuffer                     0x08003fe7   Thumb Code    12  usbd_cdc.o(i.USBD_CDC_SetRxBuffer)
    USBD_CDC_SetTxBuffer                     0x08003ff3   Thumb Code    16  usbd_cdc.o(i.USBD_CDC_SetTxBuffer)
    USBD_ClrClassConfig                      0x080040e9   Thumb Code    14  usbd_core.o(i.USBD_ClrClassConfig)
    USBD_CtlContinueRx                       0x0800411d   Thumb Code    16  usbd_ioreq.o(i.USBD_CtlContinueRx)
    USBD_CtlContinueSendData                 0x0800412d   Thumb Code    16  usbd_ioreq.o(i.USBD_CtlContinueSendData)
    USBD_CtlError                            0x0800413d   Thumb Code    24  usbd_ctlreq.o(i.USBD_CtlError)
    USBD_CtlPrepareRx                        0x08004155   Thumb Code    30  usbd_ioreq.o(i.USBD_CtlPrepareRx)
    USBD_CtlReceiveStatus                    0x08004173   Thumb Code    22  usbd_ioreq.o(i.USBD_CtlReceiveStatus)
    USBD_CtlSendData                         0x08004189   Thumb Code    26  usbd_ioreq.o(i.USBD_CtlSendData)
    USBD_CtlSendStatus                       0x080041a3   Thumb Code    22  usbd_ioreq.o(i.USBD_CtlSendStatus)
    USBD_FS_ConfigStrDescriptor              0x080041b9   Thumb Code    32  usbd_desc.o(i.USBD_FS_ConfigStrDescriptor)
    USBD_FS_DeviceDescriptor                 0x080041e9   Thumb Code     8  usbd_desc.o(i.USBD_FS_DeviceDescriptor)
    USBD_FS_InterfaceStrDescriptor           0x080041f5   Thumb Code    32  usbd_desc.o(i.USBD_FS_InterfaceStrDescriptor)
    USBD_FS_LangIDStrDescriptor              0x08004229   Thumb Code     8  usbd_desc.o(i.USBD_FS_LangIDStrDescriptor)
    USBD_FS_ManufacturerStrDescriptor        0x08004235   Thumb Code    16  usbd_desc.o(i.USBD_FS_ManufacturerStrDescriptor)
    USBD_FS_ProductStrDescriptor             0x0800425d   Thumb Code    32  usbd_desc.o(i.USBD_FS_ProductStrDescriptor)
    USBD_FS_SerialStrDescriptor              0x08004299   Thumb Code    14  usbd_desc.o(i.USBD_FS_SerialStrDescriptor)
    USBD_GetString                           0x080044d9   Thumb Code    68  usbd_ctlreq.o(i.USBD_GetString)
    USBD_Init                                0x08004541   Thumb Code    44  usbd_core.o(i.USBD_Init)
    USBD_LL_ClearStallEP                     0x0800456d   Thumb Code    18  usbd_conf.o(i.USBD_LL_ClearStallEP)
    USBD_LL_CloseEP                          0x0800457f   Thumb Code    18  usbd_conf.o(i.USBD_LL_CloseEP)
    USBD_LL_DataInStage                      0x08004591   Thumb Code   214  usbd_core.o(i.USBD_LL_DataInStage)
    USBD_LL_DataOutStage                     0x08004667   Thumb Code   138  usbd_core.o(i.USBD_LL_DataOutStage)
    USBD_LL_GetRxDataSize                    0x080046f1   Thumb Code     8  usbd_conf.o(i.USBD_LL_GetRxDataSize)
    USBD_LL_Init                             0x080046f9   Thumb Code   122  usbd_conf.o(i.USBD_LL_Init)
    USBD_LL_IsStallEP                        0x0800477d   Thumb Code    34  usbd_conf.o(i.USBD_LL_IsStallEP)
    USBD_LL_OpenEP                           0x0800479f   Thumb Code    24  usbd_conf.o(i.USBD_LL_OpenEP)
    USBD_LL_PrepareReceive                   0x080047b7   Thumb Code    18  usbd_conf.o(i.USBD_LL_PrepareReceive)
    USBD_LL_Reset                            0x080047c9   Thumb Code    82  usbd_core.o(i.USBD_LL_Reset)
    USBD_LL_Resume                           0x0800481b   Thumb Code    20  usbd_core.o(i.USBD_LL_Resume)
    USBD_LL_SOF                              0x0800482f   Thumb Code    24  usbd_core.o(i.USBD_LL_SOF)
    USBD_LL_SetSpeed                         0x08004847   Thumb Code     6  usbd_core.o(i.USBD_LL_SetSpeed)
    USBD_LL_SetUSBAddress                    0x0800484d   Thumb Code    18  usbd_conf.o(i.USBD_LL_SetUSBAddress)
    USBD_LL_SetupStage                       0x0800485f   Thumb Code    94  usbd_core.o(i.USBD_LL_SetupStage)
    USBD_LL_StallEP                          0x080048bd   Thumb Code    18  usbd_conf.o(i.USBD_LL_StallEP)
    USBD_LL_Start                            0x080048cf   Thumb Code    18  usbd_conf.o(i.USBD_LL_Start)
    USBD_LL_Suspend                          0x080048e1   Thumb Code    18  usbd_core.o(i.USBD_LL_Suspend)
    USBD_LL_Transmit                         0x080048f3   Thumb Code    18  usbd_conf.o(i.USBD_LL_Transmit)
    USBD_ParseSetupRequest                   0x08004905   Thumb Code    40  usbd_ctlreq.o(i.USBD_ParseSetupRequest)
    USBD_RegisterClass                       0x0800492d   Thumb Code    18  usbd_core.o(i.USBD_RegisterClass)
    USBD_RunTestMode                         0x0800493f   Thumb Code     4  usbd_core.o(i.USBD_RunTestMode)
    USBD_SetClassConfig                      0x0800499b   Thumb Code    24  usbd_core.o(i.USBD_SetClassConfig)
    USBD_Start                               0x08004a91   Thumb Code    10  usbd_core.o(i.USBD_Start)
    USBD_StdDevReq                           0x08004a9b   Thumb Code   128  usbd_ctlreq.o(i.USBD_StdDevReq)
    USBD_StdEPReq                            0x08004b1b   Thumb Code   496  usbd_ctlreq.o(i.USBD_StdEPReq)
    USBD_StdItfReq                           0x08004d0b   Thumb Code   102  usbd_ctlreq.o(i.USBD_StdItfReq)
    USBD_static_free                         0x08004d71   Thumb Code     2  usbd_conf.o(i.USBD_static_free)
    USBD_static_malloc                       0x08004d75   Thumb Code     4  usbd_conf.o(i.USBD_static_malloc)
    USB_ActivateEndpoint                     0x08004d7d   Thumb Code   770  stm32f1xx_ll_usb.o(i.USB_ActivateEndpoint)
    USB_CoreInit                             0x0800507f   Thumb Code     4  stm32f1xx_ll_usb.o(i.USB_CoreInit)
    USB_DeactivateEndpoint                   0x08005083   Thumb Code   388  stm32f1xx_ll_usb.o(i.USB_DeactivateEndpoint)
    USB_DevConnect                           0x08005207   Thumb Code     4  stm32f1xx_ll_usb.o(i.USB_DevConnect)
    USB_DevDisconnect                        0x0800520b   Thumb Code     4  stm32f1xx_ll_usb.o(i.USB_DevDisconnect)
    USB_DevInit                              0x0800520f   Thumb Code    24  stm32f1xx_ll_usb.o(i.USB_DevInit)
    USB_DisableGlobalInt                     0x08005227   Thumb Code    16  stm32f1xx_ll_usb.o(i.USB_DisableGlobalInt)
    USB_EP0_OutStart                         0x08005237   Thumb Code     4  stm32f1xx_ll_usb.o(i.USB_EP0_OutStart)
    USB_EPClearStall                         0x0800523b   Thumb Code   154  stm32f1xx_ll_usb.o(i.USB_EPClearStall)
    USB_EPSetStall                           0x080052d5   Thumb Code    62  stm32f1xx_ll_usb.o(i.USB_EPSetStall)
    USB_EPStartXfer                          0x08005313   Thumb Code  1950  stm32f1xx_ll_usb.o(i.USB_EPStartXfer)
    USB_EnableGlobalInt                      0x08005ab1   Thumb Code    18  stm32f1xx_ll_usb.o(i.USB_EnableGlobalInt)
    USB_LP_CAN1_RX0_IRQHandler               0x08005ac5   Thumb Code     6  stm32f1xx_it.o(i.USB_LP_CAN1_RX0_IRQHandler)
    USB_ReadInterrupts                       0x08005ad1   Thumb Code     6  stm32f1xx_ll_usb.o(i.USB_ReadInterrupts)
    USB_ReadPMA                              0x08005ad7   Thumb Code    60  stm32f1xx_ll_usb.o(i.USB_ReadPMA)
    USB_SetCurrentMode                       0x08005b13   Thumb Code     4  stm32f1xx_ll_usb.o(i.USB_SetCurrentMode)
    USB_SetDevAddress                        0x08005b17   Thumb Code    14  stm32f1xx_ll_usb.o(i.USB_SetDevAddress)
    USB_WritePMA                             0x08005b25   Thumb Code    42  stm32f1xx_ll_usb.o(i.USB_WritePMA)
    USER_initialize                          0x08005b51   Thumb Code    10  user_diskio.o(i.USER_initialize)
    USER_ioctl                               0x08005b61   Thumb Code     4  user_diskio.o(i.USER_ioctl)
    USER_read                                0x08005b65   Thumb Code     4  user_diskio.o(i.USER_read)
    USER_status                              0x08005b69   Thumb Code    10  user_diskio.o(i.USER_status)
    USER_write                               0x08005b79   Thumb Code     4  user_diskio.o(i.USER_write)
    UsageFault_Handler                       0x08005b7d   Thumb Code     2  stm32f1xx_it.o(i.UsageFault_Handler)
    __0sprintf$6                             0x08005b81   Thumb Code    34  printf6.o(i.__0sprintf$6)
    __1sprintf$6                             0x08005b81   Thumb Code     0  printf6.o(i.__0sprintf$6)
    __2sprintf                               0x08005b81   Thumb Code     0  printf6.o(i.__0sprintf$6)
    __scatterload_copy                       0x08005ba9   Thumb Code    14  handlers.o(i.__scatterload_copy)
    __scatterload_null                       0x08005bb7   Thumb Code     2  handlers.o(i.__scatterload_null)
    __scatterload_zeroinit                   0x08005bb9   Thumb Code    14  handlers.o(i.__scatterload_zeroinit)
    beep                                     0x08005f15   Thumb Code    82  buzz.o(i.beep)
    free                                     0x08005f6d   Thumb Code    76  malloc.o(i.free)
    get_current_date_time                    0x08005fbd   Thumb Code    82  ds1307_for_stm32_hal.o(i.get_current_date_time)
    get_joystick_position                    0x08006035   Thumb Code    42  joystick.o(i.get_joystick_position)
    joystick_init                            0x08006069   Thumb Code     8  joystick.o(i.joystick_init)
    lcd_clear                                0x08006075   Thumb Code    24  i2c-lcd.o(i.lcd_clear)
    lcd_put_cur                              0x0800608d   Thumb Code    24  i2c-lcd.o(i.lcd_put_cur)
    lcd_send_cmd                             0x080060a5   Thumb Code    58  i2c-lcd.o(i.lcd_send_cmd)
    lcd_send_data                            0x080060e5   Thumb Code    58  i2c-lcd.o(i.lcd_send_data)
    lcd_send_string                          0x08006125   Thumb Code    20  i2c-lcd.o(i.lcd_send_string)
    main                                     0x08006139   Thumb Code   344  main.o(i.main)
    malloc                                   0x080062b5   Thumb Code    92  malloc.o(i.malloc)
    sendlcd                                  0x08006321   Thumb Code    66  i2c-lcd.o(i.sendlcd)
    strdup                                   0x08006363   Thumb Code    28  ds1307_for_stm32_hal.o(i.strdup)
    AHBPrescTable                            0x0800637e   Data          16  system_stm32f1xx.o(.constdata)
    APBPrescTable                            0x0800638e   Data           8  system_stm32f1xx.o(.constdata)
    Region$$Table$$Base                      0x08006398   Number         0  anon$$obj.o(Region$$Table)
    Region$$Table$$Limit                     0x080063b8   Number         0  anon$$obj.o(Region$$Table)
    _ds1307_ui2c                             0x20000000   Data           4  ds1307_for_stm32_hal.o(.data)
    button                                   0x20000004   Data           1  joystick.o(.data)
    joystick_X                               0x20000008   Data           4  joystick.o(.data)
    joystick_Y                               0x2000000c   Data           4  joystick.o(.data)
    value                                    0x20000010   Data           8  joystick.o(.data)
    Timer1                                   0x2000001c   Data           2  fatfs_sd.o(.data)
    Timer2                                   0x2000001e   Data           2  fatfs_sd.o(.data)
    ID                                       0x20000020   Data           4  main.o(.data)
    functions                                0x20000024   Data          60  main.o(.data)
    uwTickFreq                               0x20000060   Data           1  stm32f1xx_hal.o(.data)
    uwTickPrio                               0x20000064   Data           4  stm32f1xx_hal.o(.data)
    uwTick                                   0x20000068   Data           4  stm32f1xx_hal.o(.data)
    SystemCoreClock                          0x2000006c   Data           4  system_stm32f1xx.o(.data)
    USER_Driver                              0x20000074   Data          20  user_diskio.o(.data)
    retUSER                                  0x20000088   Data           1  fatfs.o(.data)
    USERPath                                 0x20000089   Data           4  fatfs.o(.data)
    FS_Desc                                  0x20000090   Data          28  usbd_desc.o(.data)
    USBD_LangIDDesc                          0x200000ac   Data           4  usbd_desc.o(.data)
    USBD_FS_DeviceDesc                       0x200000b0   Data          18  usbd_desc.o(.data)
    USBD_StringSerial                        0x200000c4   Data          26  usbd_desc.o(.data)
    USBD_Interface_fops_FS                   0x200000e0   Data          16  usbd_cdc_if.o(.data)
    USBD_CDC_CfgHSDesc                       0x20000100   Data          67  usbd_cdc.o(.data)
    USBD_CDC_CfgFSDesc                       0x20000144   Data          67  usbd_cdc.o(.data)
    USBD_CDC_OtherSpeedCfgDesc               0x20000188   Data          67  usbd_cdc.o(.data)
    USBD_CDC                                 0x200001cc   Data          56  usbd_cdc.o(.data)
    __microlib_freelist                      0x20000204   Data           4  mvars.o(.data)
    __microlib_freelist_initialised          0x20000208   Data           4  mvars.o(.data)
    hadc1                                    0x2000020c   Data          48  main.o(.bss)
    hi2c1                                    0x2000023c   Data          84  main.o(.bss)
    hi2c2                                    0x20000290   Data          84  main.o(.bss)
    hspi1                                    0x200002e4   Data          88  main.o(.bss)
    htim2                                    0x2000033c   Data          72  main.o(.bss)
    huart1                                   0x20000384   Data          68  main.o(.bss)
    huart2                                   0x200003c8   Data          68  main.o(.bss)
    hdma_adc1                                0x2000040c   Data          68  main.o(.bss)
    disk                                     0x20000450   Data          12  ff_gen_drv.o(.bss)
    hUsbDeviceFS                             0x2000045c   Data         708  usb_device.o(.bss)
    USBD_StrDesc                             0x20000720   Data         512  usbd_desc.o(.bss)
    UserRxBufferFS                           0x20000920   Data          64  usbd_cdc_if.o(.bss)
    UserTxBufferFS                           0x20000960   Data          64  usbd_cdc_if.o(.bss)
    hpcd_USB_FS                              0x20000bc0   Data         748  usbd_conf.o(.bss)
    __heap_base                              0x20000eb0   Data           0  startup_stm32f103xb.o(HEAP)
    __heap_limit                             0x200010b0   Data           0  startup_stm32f103xb.o(HEAP)
    __initial_sp                             0x200014b0   Data           0  startup_stm32f103xb.o(STACK)



==============================================================================

Memory Map of the image

  Image Entry point : 0x080000ed

  Load Region LR_IROM1 (Base: 0x08000000, Size: 0x000065c4, Max: 0x00010000, ABSOLUTE, COMPRESSED[0x000064b0])

    Execution Region ER_IROM1 (Exec base: 0x08000000, Load base: 0x08000000, Size: 0x000063b8, Max: 0x00010000, ABSOLUTE)

    Exec Addr    Load Addr    Size         Type   Attr      Idx    E Section Name        Object

    0x08000000   0x08000000   0x000000ec   Data   RO            3    RESET               startup_stm32f103xb.o
    0x080000ec   0x080000ec   0x00000000   Code   RO         6346  * .ARM.Collect$$$$00000000  mc_w.l(entry.o)
    0x080000ec   0x080000ec   0x00000004   Code   RO         6650    .ARM.Collect$$$$00000001  mc_w.l(entry2.o)
    0x080000f0   0x080000f0   0x00000004   Code   RO         6653    .ARM.Collect$$$$00000004  mc_w.l(entry5.o)
    0x080000f4   0x080000f4   0x00000000   Code   RO         6655    .ARM.Collect$$$$00000008  mc_w.l(entry7b.o)
    0x080000f4   0x080000f4   0x00000000   Code   RO         6657    .ARM.Collect$$$$0000000A  mc_w.l(entry8b.o)
    0x080000f4   0x080000f4   0x00000008   Code   RO         6658    .ARM.Collect$$$$0000000B  mc_w.l(entry9a.o)
    0x080000fc   0x080000fc   0x00000000   Code   RO         6660    .ARM.Collect$$$$0000000D  mc_w.l(entry10a.o)
    0x080000fc   0x080000fc   0x00000000   Code   RO         6662    .ARM.Collect$$$$0000000F  mc_w.l(entry11a.o)
    0x080000fc   0x080000fc   0x00000004   Code   RO         6651    .ARM.Collect$$$$00002712  mc_w.l(entry2.o)
    0x08000100   0x08000100   0x00000024   Code   RO            4    .text               startup_stm32f103xb.o
    0x08000124   0x08000124   0x00000024   Code   RO         6353    .text               mc_w.l(memseta.o)
    0x08000148   0x08000148   0x0000000e   Code   RO         6355    .text               mc_w.l(strlen.o)
    0x08000156   0x08000156   0x00000012   Code   RO         6357    .text               mc_w.l(strcpy.o)
    0x08000168   0x08000168   0x0000002c   Code   RO         6667    .text               mc_w.l(uidiv.o)
    0x08000194   0x08000194   0x00000024   Code   RO         6684    .text               mc_w.l(init.o)
    0x080001b8   0x080001b8   0x00000056   Code   RO         6702    .text               mc_w.l(__dczerorl2.o)
    0x0800020e   0x0800020e   0x0000005c   Code   RO         2458    i.ADC_ConversionStop_Disable  stm32f1xx_hal_adc.o
    0x0800026a   0x0800026a   0x00000052   Code   RO         2459    i.ADC_DMAConvCplt   stm32f1xx_hal_adc.o
    0x080002bc   0x080002bc   0x0000001a   Code   RO         2460    i.ADC_DMAError      stm32f1xx_hal_adc.o
    0x080002d6   0x080002d6   0x0000000a   Code   RO         2461    i.ADC_DMAHalfConvCplt  stm32f1xx_hal_adc.o
    0x080002e0   0x080002e0   0x00000088   Code   RO         2462    i.ADC_Enable        stm32f1xx_hal_adc.o
    0x08000368   0x08000368   0x00000002   Code   RO          794    i.BusFault_Handler  stm32f1xx_it.o
    0x0800036a   0x0800036a   0x00000008   Code   RO         5686    i.CDC_Control_FS    usbd_cdc_if.o
    0x08000372   0x08000372   0x00000004   Code   RO         5687    i.CDC_DeInit_FS     usbd_cdc_if.o
    0x08000376   0x08000376   0x00000002   PAD
    0x08000378   0x08000378   0x00000024   Code   RO         5688    i.CDC_Init_FS       usbd_cdc_if.o
    0x0800039c   0x0800039c   0x00000018   Code   RO         5689    i.CDC_Receive_FS    usbd_cdc_if.o
    0x080003b4   0x080003b4   0x0000000c   Code   RO          795    i.DMA1_Channel1_IRQHandler  stm32f1xx_it.o
    0x080003c0   0x080003c0   0x00000038   Code   RO         1845    i.DMA_SetConfig     stm32f1xx_hal_dma.o
    0x080003f8   0x080003f8   0x00000012   Code   RO          194    i.DS1307_DecodeBCD  ds1307_for_stm32_hal.o
    0x0800040a   0x0800040a   0x00000010   Code   RO          197    i.DS1307_GetDate    ds1307_for_stm32_hal.o
    0x0800041a   0x0800041a   0x00000014   Code   RO          199    i.DS1307_GetHour    ds1307_for_stm32_hal.o
    0x0800042e   0x0800042e   0x00000010   Code   RO          200    i.DS1307_GetMinute  ds1307_for_stm32_hal.o
    0x0800043e   0x0800043e   0x00000010   Code   RO          201    i.DS1307_GetMonth   ds1307_for_stm32_hal.o
    0x0800044e   0x0800044e   0x00000002   PAD
    0x08000450   0x08000450   0x00000030   Code   RO          202    i.DS1307_GetRegByte  ds1307_for_stm32_hal.o
    0x08000480   0x08000480   0x00000014   Code   RO          203    i.DS1307_GetSecond  ds1307_for_stm32_hal.o
    0x08000494   0x08000494   0x0000001c   Code   RO          206    i.DS1307_GetYear    ds1307_for_stm32_hal.o
    0x080004b0   0x080004b0   0x00000010   Code   RO          207    i.DS1307_Init       ds1307_for_stm32_hal.o
    0x080004c0   0x080004c0   0x00000020   Code   RO          208    i.DS1307_SetClockHalt  ds1307_for_stm32_hal.o
    0x080004e0   0x080004e0   0x00000024   Code   RO          216    i.DS1307_SetRegByte  ds1307_for_stm32_hal.o
    0x08000504   0x08000504   0x00000002   Code   RO          796    i.DebugMon_Handler  stm32f1xx_it.o
    0x08000506   0x08000506   0x00000002   Code   RO          692    i.Error_Handler     main.o
    0x08000508   0x08000508   0x00000006   Code   RO         5435    i.FATFS_LinkDriver  ff_gen_drv.o
    0x0800050e   0x0800050e   0x00000002   PAD
    0x08000510   0x08000510   0x00000048   Code   RO         5436    i.FATFS_LinkDriverEx  ff_gen_drv.o
    0x08000558   0x08000558   0x00000038   Code   RO         5595    i.Get_SerialNum     usbd_desc.o
    0x08000590   0x08000590   0x00000128   Code   RO         2464    i.HAL_ADC_ConfigChannel  stm32f1xx_hal_adc.o
    0x080006b8   0x080006b8   0x00000034   Code   RO          408    i.HAL_ADC_ConvCpltCallback  joystick.o
    0x080006ec   0x080006ec   0x00000002   Code   RO         2466    i.HAL_ADC_ConvHalfCpltCallback  stm32f1xx_hal_adc.o
    0x080006ee   0x080006ee   0x00000002   Code   RO         2468    i.HAL_ADC_ErrorCallback  stm32f1xx_hal_adc.o
    0x080006f0   0x080006f0   0x00000124   Code   RO         2473    i.HAL_ADC_Init      stm32f1xx_hal_adc.o
    0x08000814   0x08000814   0x0000008c   Code   RO          883    i.HAL_ADC_MspInit   stm32f1xx_hal_msp.o
    0x080008a0   0x080008a0   0x00000130   Code   RO         2480    i.HAL_ADC_Start_DMA  stm32f1xx_hal_adc.o
    0x080009d0   0x080009d0   0x00000170   Code   RO         1851    i.HAL_DMA_IRQHandler  stm32f1xx_hal_dma.o
    0x08000b40   0x08000b40   0x00000084   Code   RO         1852    i.HAL_DMA_Init      stm32f1xx_hal_dma.o
    0x08000bc4   0x08000bc4   0x0000007c   Code   RO         1856    i.HAL_DMA_Start_IT  stm32f1xx_hal_dma.o
    0x08000c40   0x08000c40   0x00000024   Code   RO         1469    i.HAL_Delay         stm32f1xx_hal.o
    0x08000c64   0x08000c64   0x000001f8   Code   RO         1782    i.HAL_GPIO_Init     stm32f1xx_hal_gpio.o
    0x08000e5c   0x08000e5c   0x0000000e   Code   RO         1784    i.HAL_GPIO_ReadPin  stm32f1xx_hal_gpio.o
    0x08000e6a   0x08000e6a   0x0000000e   Code   RO         1786    i.HAL_GPIO_WritePin  stm32f1xx_hal_gpio.o
    0x08000e78   0x08000e78   0x0000000c   Code   RO         1473    i.HAL_GetTick       stm32f1xx_hal.o
    0x08000e84   0x08000e84   0x000001a0   Code   RO         2745    i.HAL_I2C_Init      stm32f1xx_hal_i2c.o
    0x08001024   0x08001024   0x0000030c   Code   RO         2751    i.HAL_I2C_Master_Receive  stm32f1xx_hal_i2c.o
    0x08001330   0x08001330   0x00000160   Code   RO         2758    i.HAL_I2C_Master_Transmit  stm32f1xx_hal_i2c.o
    0x08001490   0x08001490   0x00000098   Code   RO          885    i.HAL_I2C_MspInit   stm32f1xx_hal_msp.o
    0x08001528   0x08001528   0x00000010   Code   RO         1479    i.HAL_IncTick       stm32f1xx_hal.o
    0x08001538   0x08001538   0x00000024   Code   RO         1480    i.HAL_Init          stm32f1xx_hal.o
    0x0800155c   0x0800155c   0x00000044   Code   RO         1481    i.HAL_InitTick      stm32f1xx_hal.o
    0x080015a0   0x080015a0   0x0000003c   Code   RO          886    i.HAL_MspInit       stm32f1xx_hal_msp.o
    0x080015dc   0x080015dc   0x0000001e   Code   RO         1942    i.HAL_NVIC_EnableIRQ  stm32f1xx_hal_cortex.o
    0x080015fa   0x080015fa   0x00000002   PAD
    0x080015fc   0x080015fc   0x0000006c   Code   RO         1948    i.HAL_NVIC_SetPriority  stm32f1xx_hal_cortex.o
    0x08001668   0x08001668   0x00000024   Code   RO         1949    i.HAL_NVIC_SetPriorityGrouping  stm32f1xx_hal_cortex.o
    0x0800168c   0x0800168c   0x0000003c   Code   RO         1242    i.HAL_PCDEx_PMAConfig  stm32f1xx_hal_pcd_ex.o
    0x080016c8   0x080016c8   0x00000002   Code   RO         5738    i.HAL_PCDEx_SetConnectionState  usbd_conf.o
    0x080016ca   0x080016ca   0x00000012   Code   RO         5740    i.HAL_PCD_DataInStageCallback  usbd_conf.o
    0x080016dc   0x080016dc   0x00000014   Code   RO         5741    i.HAL_PCD_DataOutStageCallback  usbd_conf.o
    0x080016f0   0x080016f0   0x0000004a   Code   RO         1018    i.HAL_PCD_EP_Close  stm32f1xx_hal_pcd.o
    0x0800173a   0x0800173a   0x0000005a   Code   RO         1019    i.HAL_PCD_EP_ClrStall  stm32f1xx_hal_pcd.o
    0x08001794   0x08001794   0x00000120   Code   RO         1020    i.HAL_PCD_EP_DB_Receive  stm32f1xx_hal_pcd.o
    0x080018b4   0x080018b4   0x000003ae   Code   RO         1021    i.HAL_PCD_EP_DB_Transmit  stm32f1xx_hal_pcd.o
    0x08001c62   0x08001c62   0x00000012   Code   RO         1023    i.HAL_PCD_EP_GetRxCount  stm32f1xx_hal_pcd.o
    0x08001c74   0x08001c74   0x0000005c   Code   RO         1024    i.HAL_PCD_EP_Open   stm32f1xx_hal_pcd.o
    0x08001cd0   0x08001cd0   0x00000038   Code   RO         1025    i.HAL_PCD_EP_Receive  stm32f1xx_hal_pcd.o
    0x08001d08   0x08001d08   0x00000072   Code   RO         1026    i.HAL_PCD_EP_SetStall  stm32f1xx_hal_pcd.o
    0x08001d7a   0x08001d7a   0x0000003e   Code   RO         1027    i.HAL_PCD_EP_Transmit  stm32f1xx_hal_pcd.o
    0x08001db8   0x08001db8   0x00000186   Code   RO         1029    i.HAL_PCD_IRQHandler  stm32f1xx_hal_pcd.o
    0x08001f3e   0x08001f3e   0x000000f4   Code   RO         1032    i.HAL_PCD_Init      stm32f1xx_hal_pcd.o
    0x08002032   0x08002032   0x00000002   PAD
    0x08002034   0x08002034   0x0000003c   Code   RO         5746    i.HAL_PCD_MspInit   usbd_conf.o
    0x08002070   0x08002070   0x00000026   Code   RO         5747    i.HAL_PCD_ResetCallback  usbd_conf.o
    0x08002096   0x08002096   0x00000008   Code   RO         5748    i.HAL_PCD_ResumeCallback  usbd_conf.o
    0x0800209e   0x0800209e   0x00000008   Code   RO         5749    i.HAL_PCD_SOFCallback  usbd_conf.o
    0x080020a6   0x080020a6   0x00000028   Code   RO         1038    i.HAL_PCD_SetAddress  stm32f1xx_hal_pcd.o
    0x080020ce   0x080020ce   0x0000000e   Code   RO         5750    i.HAL_PCD_SetupStageCallback  usbd_conf.o
    0x080020dc   0x080020dc   0x00000032   Code   RO         1040    i.HAL_PCD_Start     stm32f1xx_hal_pcd.o
    0x0800210e   0x0800210e   0x00000002   PAD
    0x08002110   0x08002110   0x00000024   Code   RO         5751    i.HAL_PCD_SuspendCallback  usbd_conf.o
    0x08002134   0x08002134   0x00000130   Code   RO         1745    i.HAL_RCCEx_PeriphCLKConfig  stm32f1xx_hal_rcc_ex.o
    0x08002264   0x08002264   0x00000180   Code   RO         1637    i.HAL_RCC_ClockConfig  stm32f1xx_hal_rcc.o
    0x080023e4   0x080023e4   0x0000000c   Code   RO         1642    i.HAL_RCC_GetHCLKFreq  stm32f1xx_hal_rcc.o
    0x080023f0   0x080023f0   0x00000020   Code   RO         1644    i.HAL_RCC_GetPCLK1Freq  stm32f1xx_hal_rcc.o
    0x08002410   0x08002410   0x00000020   Code   RO         1645    i.HAL_RCC_GetPCLK2Freq  stm32f1xx_hal_rcc.o
    0x08002430   0x08002430   0x00000078   Code   RO         1646    i.HAL_RCC_GetSysClockFreq  stm32f1xx_hal_rcc.o
    0x080024a8   0x080024a8   0x0000042c   Code   RO         1649    i.HAL_RCC_OscConfig  stm32f1xx_hal_rcc.o
    0x080028d4   0x080028d4   0x000000b4   Code   RO         3217    i.HAL_SPI_Init      stm32f1xx_hal_spi.o
    0x08002988   0x08002988   0x00000070   Code   RO          888    i.HAL_SPI_MspInit   stm32f1xx_hal_msp.o
    0x080029f8   0x080029f8   0x00000028   Code   RO         1953    i.HAL_SYSTICK_Config  stm32f1xx_hal_cortex.o
    0x08002a20   0x08002a20   0x0000006a   Code   RO         4264    i.HAL_TIMEx_MasterConfigSynchronization  stm32f1xx_hal_tim_ex.o
    0x08002a8a   0x08002a8a   0x0000005c   Code   RO         3530    i.HAL_TIM_Base_Init  stm32f1xx_hal_tim.o
    0x08002ae6   0x08002ae6   0x00000002   PAD
    0x08002ae8   0x08002ae8   0x00000024   Code   RO          890    i.HAL_TIM_Base_MspInit  stm32f1xx_hal_msp.o
    0x08002b0c   0x08002b0c   0x000000e4   Code   RO         3539    i.HAL_TIM_ConfigClockSource  stm32f1xx_hal_tim.o
    0x08002bf0   0x08002bf0   0x0000005c   Code   RO          891    i.HAL_TIM_MspPostInit  stm32f1xx_hal_msp.o
    0x08002c4c   0x08002c4c   0x000000d2   Code   RO         3602    i.HAL_TIM_PWM_ConfigChannel  stm32f1xx_hal_tim.o
    0x08002d1e   0x08002d1e   0x0000005c   Code   RO         3605    i.HAL_TIM_PWM_Init  stm32f1xx_hal_tim.o
    0x08002d7a   0x08002d7a   0x00000002   Code   RO         3607    i.HAL_TIM_PWM_MspInit  stm32f1xx_hal_tim.o
    0x08002d7c   0x08002d7c   0x000000a8   Code   RO         3610    i.HAL_TIM_PWM_Start  stm32f1xx_hal_tim.o
    0x08002e24   0x08002e24   0x00000072   Code   RO         3613    i.HAL_TIM_PWM_Stop  stm32f1xx_hal_tim.o
    0x08002e96   0x08002e96   0x00000064   Code   RO         4541    i.HAL_UART_Init     stm32f1xx_hal_uart.o
    0x08002efa   0x08002efa   0x00000002   PAD
    0x08002efc   0x08002efc   0x000000ac   Code   RO          893    i.HAL_UART_MspInit  stm32f1xx_hal_msp.o
    0x08002fa8   0x08002fa8   0x00000002   Code   RO          797    i.HardFault_Handler  stm32f1xx_it.o
    0x08002faa   0x08002faa   0x00000032   Code   RO         2788    i.I2C_IsAcknowledgeFailed  stm32f1xx_hal_i2c.o
    0x08002fdc   0x08002fdc   0x00000124   Code   RO         2791    i.I2C_MasterRequestRead  stm32f1xx_hal_i2c.o
    0x08003100   0x08003100   0x000000b4   Code   RO         2792    i.I2C_MasterRequestWrite  stm32f1xx_hal_i2c.o
    0x080031b4   0x080031b4   0x0000005a   Code   RO         2808    i.I2C_WaitOnBTFFlagUntilTimeout  stm32f1xx_hal_i2c.o
    0x0800320e   0x0800320e   0x000000b2   Code   RO         2809    i.I2C_WaitOnFlagUntilTimeout  stm32f1xx_hal_i2c.o
    0x080032c0   0x080032c0   0x000000cc   Code   RO         2810    i.I2C_WaitOnMasterAddressFlagUntilTimeout  stm32f1xx_hal_i2c.o
    0x0800338c   0x0800338c   0x0000007c   Code   RO         2811    i.I2C_WaitOnRXNEFlagUntilTimeout  stm32f1xx_hal_i2c.o
    0x08003408   0x08003408   0x0000005a   Code   RO         2814    i.I2C_WaitOnTXEFlagUntilTimeout  stm32f1xx_hal_i2c.o
    0x08003462   0x08003462   0x0000003e   Code   RO         5596    i.IntToUnicode      usbd_desc.o
    0x080034a0   0x080034a0   0x00000014   Code   RO          409    i.MAP               joystick.o
    0x080034b4   0x080034b4   0x00000050   Code   RO          693    i.MX_ADC1_Init      main.o
    0x08003504   0x08003504   0x0000001c   Code   RO         4975    i.MX_FATFS_Init     fatfs.o
    0x08003520   0x08003520   0x00000080   Code   RO          694    i.MX_GPIO_Init      main.o
    0x080035a0   0x080035a0   0x00000038   Code   RO          695    i.MX_SPI1_Init      main.o
    0x080035d8   0x080035d8   0x00000078   Code   RO          696    i.MX_TIM2_Init      main.o
    0x08003650   0x08003650   0x00000054   Code   RO         5547    i.MX_USB_DEVICE_Init  usb_device.o
    0x080036a4   0x080036a4   0x00000002   Code   RO          798    i.MemManage_Handler  stm32f1xx_it.o
    0x080036a6   0x080036a6   0x00000002   Code   RO          799    i.NMI_Handler       stm32f1xx_it.o
    0x080036a8   0x080036a8   0x0000035a   Code   RO         1044    i.PCD_EP_ISR_Handler  stm32f1xx_hal_pcd.o
    0x08003a02   0x08003a02   0x00000002   Code   RO          800    i.PendSV_Handler    stm32f1xx_it.o
    0x08003a04   0x08003a04   0x00000028   Code   RO         1650    i.RCC_Delay         stm32f1xx_hal_rcc.o
    0x08003a2c   0x08003a2c   0x00000002   Code   RO          801    i.SVC_Handler       stm32f1xx_it.o
    0x08003a2e   0x08003a2e   0x00000002   PAD
    0x08003a30   0x08003a30   0x00000020   Code   RO          802    i.SysTick_Handler   stm32f1xx_it.o
    0x08003a50   0x08003a50   0x00000064   Code   RO          697    i.SystemClock_Config  main.o
    0x08003ab4   0x08003ab4   0x00000002   Code   RO         4880    i.SystemInit        system_stm32f1xx.o
    0x08003ab6   0x08003ab6   0x00000002   PAD
    0x08003ab8   0x08003ab8   0x00000078   Code   RO         3623    i.TIM_Base_SetConfig  stm32f1xx_hal_tim.o
    0x08003b30   0x08003b30   0x0000001e   Code   RO         3624    i.TIM_CCxChannelCmd  stm32f1xx_hal_tim.o
    0x08003b4e   0x08003b4e   0x00000016   Code   RO         3634    i.TIM_ETR_SetConfig  stm32f1xx_hal_tim.o
    0x08003b64   0x08003b64   0x00000010   Code   RO         3635    i.TIM_ITRx_SetConfig  stm32f1xx_hal_tim.o
    0x08003b74   0x08003b74   0x00000068   Code   RO         3636    i.TIM_OC1_SetConfig  stm32f1xx_hal_tim.o
    0x08003bdc   0x08003bdc   0x00000068   Code   RO         3637    i.TIM_OC2_SetConfig  stm32f1xx_hal_tim.o
    0x08003c44   0x08003c44   0x00000068   Code   RO         3638    i.TIM_OC3_SetConfig  stm32f1xx_hal_tim.o
    0x08003cac   0x08003cac   0x0000004e   Code   RO         3639    i.TIM_OC4_SetConfig  stm32f1xx_hal_tim.o
    0x08003cfa   0x08003cfa   0x00000026   Code   RO         3641    i.TIM_TI1_ConfigInputStage  stm32f1xx_hal_tim.o
    0x08003d20   0x08003d20   0x00000024   Code   RO         3643    i.TIM_TI2_ConfigInputStage  stm32f1xx_hal_tim.o
    0x08003d44   0x08003d44   0x00000098   Code   RO         4568    i.UART_SetConfig    stm32f1xx_hal_uart.o
    0x08003ddc   0x08003ddc   0x0000004a   Code   RO         6243    i.USBD_CDC_DataIn   usbd_cdc.o
    0x08003e26   0x08003e26   0x00000030   Code   RO         6244    i.USBD_CDC_DataOut  usbd_cdc.o
    0x08003e56   0x08003e56   0x00000046   Code   RO         6245    i.USBD_CDC_DeInit   usbd_cdc.o
    0x08003e9c   0x08003e9c   0x0000002a   Code   RO         6246    i.USBD_CDC_EP0_RxReady  usbd_cdc.o
    0x08003ec6   0x08003ec6   0x00000002   PAD
    0x08003ec8   0x08003ec8   0x0000000c   Code   RO         6247    i.USBD_CDC_GetDeviceQualifierDescriptor  usbd_cdc.o
    0x08003ed4   0x08003ed4   0x0000000c   Code   RO         6248    i.USBD_CDC_GetFSCfgDesc  usbd_cdc.o
    0x08003ee0   0x08003ee0   0x0000000c   Code   RO         6249    i.USBD_CDC_GetHSCfgDesc  usbd_cdc.o
    0x08003eec   0x08003eec   0x0000000c   Code   RO         6250    i.USBD_CDC_GetOtherSpeedCfgDesc  usbd_cdc.o
    0x08003ef8   0x08003ef8   0x000000ac   Code   RO         6251    i.USBD_CDC_Init     usbd_cdc.o
    0x08003fa4   0x08003fa4   0x00000032   Code   RO         6252    i.USBD_CDC_ReceivePacket  usbd_cdc.o
    0x08003fd6   0x08003fd6   0x00000010   Code   RO         6253    i.USBD_CDC_RegisterInterface  usbd_cdc.o
    0x08003fe6   0x08003fe6   0x0000000c   Code   RO         6254    i.USBD_CDC_SetRxBuffer  usbd_cdc.o
    0x08003ff2   0x08003ff2   0x00000010   Code   RO         6255    i.USBD_CDC_SetTxBuffer  usbd_cdc.o
    0x08004002   0x08004002   0x000000e6   Code   RO         6256    i.USBD_CDC_Setup    usbd_cdc.o
    0x080040e8   0x080040e8   0x0000000e   Code   RO         5950    i.USBD_ClrClassConfig  usbd_core.o
    0x080040f6   0x080040f6   0x00000026   Code   RO         6088    i.USBD_ClrFeature   usbd_ctlreq.o
    0x0800411c   0x0800411c   0x00000010   Code   RO         6183    i.USBD_CtlContinueRx  usbd_ioreq.o
    0x0800412c   0x0800412c   0x00000010   Code   RO         6184    i.USBD_CtlContinueSendData  usbd_ioreq.o
    0x0800413c   0x0800413c   0x00000018   Code   RO         6089    i.USBD_CtlError     usbd_ctlreq.o
    0x08004154   0x08004154   0x0000001e   Code   RO         6185    i.USBD_CtlPrepareRx  usbd_ioreq.o
    0x08004172   0x08004172   0x00000016   Code   RO         6186    i.USBD_CtlReceiveStatus  usbd_ioreq.o
    0x08004188   0x08004188   0x0000001a   Code   RO         6187    i.USBD_CtlSendData  usbd_ioreq.o
    0x080041a2   0x080041a2   0x00000016   Code   RO         6188    i.USBD_CtlSendStatus  usbd_ioreq.o
    0x080041b8   0x080041b8   0x00000030   Code   RO         5597    i.USBD_FS_ConfigStrDescriptor  usbd_desc.o
    0x080041e8   0x080041e8   0x0000000c   Code   RO         5598    i.USBD_FS_DeviceDescriptor  usbd_desc.o
    0x080041f4   0x080041f4   0x00000034   Code   RO         5599    i.USBD_FS_InterfaceStrDescriptor  usbd_desc.o
    0x08004228   0x08004228   0x0000000c   Code   RO         5600    i.USBD_FS_LangIDStrDescriptor  usbd_desc.o
    0x08004234   0x08004234   0x00000028   Code   RO         5601    i.USBD_FS_ManufacturerStrDescriptor  usbd_desc.o
    0x0800425c   0x0800425c   0x0000003c   Code   RO         5602    i.USBD_FS_ProductStrDescriptor  usbd_desc.o
    0x08004298   0x08004298   0x00000014   Code   RO         5603    i.USBD_FS_SerialStrDescriptor  usbd_desc.o
    0x080042ac   0x080042ac   0x00000034   Code   RO         6090    i.USBD_GetConfig    usbd_ctlreq.o
    0x080042e0   0x080042e0   0x000001aa   Code   RO         6091    i.USBD_GetDescriptor  usbd_ctlreq.o
    0x0800448a   0x0800448a   0x00000018   Code   RO         6092    i.USBD_GetLen       usbd_ctlreq.o
    0x080044a2   0x080044a2   0x00000036   Code   RO         6093    i.USBD_GetStatus    usbd_ctlreq.o
    0x080044d8   0x080044d8   0x00000044   Code   RO         6094    i.USBD_GetString    usbd_ctlreq.o
    0x0800451c   0x0800451c   0x00000024   Code   RO         5752    i.USBD_Get_USB_Status  usbd_conf.o
    0x08004540   0x08004540   0x0000002c   Code   RO         5952    i.USBD_Init         usbd_core.o
    0x0800456c   0x0800456c   0x00000012   Code   RO         5753    i.USBD_LL_ClearStallEP  usbd_conf.o
    0x0800457e   0x0800457e   0x00000012   Code   RO         5754    i.USBD_LL_CloseEP   usbd_conf.o
    0x08004590   0x08004590   0x000000d6   Code   RO         5953    i.USBD_LL_DataInStage  usbd_core.o
    0x08004666   0x08004666   0x0000008a   Code   RO         5954    i.USBD_LL_DataOutStage  usbd_core.o
    0x080046f0   0x080046f0   0x00000008   Code   RO         5758    i.USBD_LL_GetRxDataSize  usbd_conf.o
    0x080046f8   0x080046f8   0x00000084   Code   RO         5759    i.USBD_LL_Init      usbd_conf.o
    0x0800477c   0x0800477c   0x00000022   Code   RO         5760    i.USBD_LL_IsStallEP  usbd_conf.o
    0x0800479e   0x0800479e   0x00000018   Code   RO         5761    i.USBD_LL_OpenEP    usbd_conf.o
    0x080047b6   0x080047b6   0x00000012   Code   RO         5762    i.USBD_LL_PrepareReceive  usbd_conf.o
    0x080047c8   0x080047c8   0x00000052   Code   RO         5959    i.USBD_LL_Reset     usbd_core.o
    0x0800481a   0x0800481a   0x00000014   Code   RO         5960    i.USBD_LL_Resume    usbd_core.o
    0x0800482e   0x0800482e   0x00000018   Code   RO         5961    i.USBD_LL_SOF       usbd_core.o
    0x08004846   0x08004846   0x00000006   Code   RO         5962    i.USBD_LL_SetSpeed  usbd_core.o
    0x0800484c   0x0800484c   0x00000012   Code   RO         5763    i.USBD_LL_SetUSBAddress  usbd_conf.o
    0x0800485e   0x0800485e   0x0000005e   Code   RO         5963    i.USBD_LL_SetupStage  usbd_core.o
    0x080048bc   0x080048bc   0x00000012   Code   RO         5764    i.USBD_LL_StallEP   usbd_conf.o
    0x080048ce   0x080048ce   0x00000012   Code   RO         5765    i.USBD_LL_Start     usbd_conf.o
    0x080048e0   0x080048e0   0x00000012   Code   RO         5964    i.USBD_LL_Suspend   usbd_core.o
    0x080048f2   0x080048f2   0x00000012   Code   RO         5767    i.USBD_LL_Transmit  usbd_conf.o
    0x08004904   0x08004904   0x00000028   Code   RO         6095    i.USBD_ParseSetupRequest  usbd_ctlreq.o
    0x0800492c   0x0800492c   0x00000012   Code   RO         5965    i.USBD_RegisterClass  usbd_core.o
    0x0800493e   0x0800493e   0x00000004   Code   RO         5966    i.USBD_RunTestMode  usbd_core.o
    0x08004942   0x08004942   0x00000058   Code   RO         6096    i.USBD_SetAddress   usbd_ctlreq.o
    0x0800499a   0x0800499a   0x00000018   Code   RO         5967    i.USBD_SetClassConfig  usbd_core.o
    0x080049b2   0x080049b2   0x00000002   PAD
    0x080049b4   0x080049b4   0x000000cc   Code   RO         6097    i.USBD_SetConfig    usbd_ctlreq.o
    0x08004a80   0x08004a80   0x00000010   Code   RO         6098    i.USBD_SetFeature   usbd_ctlreq.o
    0x08004a90   0x08004a90   0x0000000a   Code   RO         5968    i.USBD_Start        usbd_core.o
    0x08004a9a   0x08004a9a   0x00000080   Code   RO         6099    i.USBD_StdDevReq    usbd_ctlreq.o
    0x08004b1a   0x08004b1a   0x000001f0   Code   RO         6100    i.USBD_StdEPReq     usbd_ctlreq.o
    0x08004d0a   0x08004d0a   0x00000066   Code   RO         6101    i.USBD_StdItfReq    usbd_ctlreq.o
    0x08004d70   0x08004d70   0x00000002   Code   RO         5768    i.USBD_static_free  usbd_conf.o
    0x08004d72   0x08004d72   0x00000002   PAD
    0x08004d74   0x08004d74   0x00000008   Code   RO         5769    i.USBD_static_malloc  usbd_conf.o
    0x08004d7c   0x08004d7c   0x00000302   Code   RO         1282    i.USB_ActivateEndpoint  stm32f1xx_ll_usb.o
    0x0800507e   0x0800507e   0x00000004   Code   RO         1285    i.USB_CoreInit      stm32f1xx_ll_usb.o
    0x08005082   0x08005082   0x00000184   Code   RO         1287    i.USB_DeactivateEndpoint  stm32f1xx_ll_usb.o
    0x08005206   0x08005206   0x00000004   Code   RO         1288    i.USB_DevConnect    stm32f1xx_ll_usb.o
    0x0800520a   0x0800520a   0x00000004   Code   RO         1289    i.USB_DevDisconnect  stm32f1xx_ll_usb.o
    0x0800520e   0x0800520e   0x00000018   Code   RO         1290    i.USB_DevInit       stm32f1xx_ll_usb.o
    0x08005226   0x08005226   0x00000010   Code   RO         1291    i.USB_DisableGlobalInt  stm32f1xx_ll_usb.o
    0x08005236   0x08005236   0x00000004   Code   RO         1292    i.USB_EP0_OutStart  stm32f1xx_ll_usb.o
    0x0800523a   0x0800523a   0x0000009a   Code   RO         1293    i.USB_EPClearStall  stm32f1xx_ll_usb.o
    0x080052d4   0x080052d4   0x0000003e   Code   RO         1294    i.USB_EPSetStall    stm32f1xx_ll_usb.o
    0x08005312   0x08005312   0x0000079e   Code   RO         1295    i.USB_EPStartXfer   stm32f1xx_ll_usb.o
    0x08005ab0   0x08005ab0   0x00000012   Code   RO         1296    i.USB_EnableGlobalInt  stm32f1xx_ll_usb.o
    0x08005ac2   0x08005ac2   0x00000002   PAD
    0x08005ac4   0x08005ac4   0x0000000c   Code   RO          803    i.USB_LP_CAN1_RX0_IRQHandler  stm32f1xx_it.o
    0x08005ad0   0x08005ad0   0x00000006   Code   RO         1303    i.USB_ReadInterrupts  stm32f1xx_ll_usb.o
    0x08005ad6   0x08005ad6   0x0000003c   Code   RO         1304    i.USB_ReadPMA       stm32f1xx_ll_usb.o
    0x08005b12   0x08005b12   0x00000004   Code   RO         1305    i.USB_SetCurrentMode  stm32f1xx_ll_usb.o
    0x08005b16   0x08005b16   0x0000000e   Code   RO         1306    i.USB_SetDevAddress  stm32f1xx_ll_usb.o
    0x08005b24   0x08005b24   0x0000002a   Code   RO         1308    i.USB_WritePMA      stm32f1xx_ll_usb.o
    0x08005b4e   0x08005b4e   0x00000002   PAD
    0x08005b50   0x08005b50   0x00000010   Code   RO         4917    i.USER_initialize   user_diskio.o
    0x08005b60   0x08005b60   0x00000004   Code   RO         4918    i.USER_ioctl        user_diskio.o
    0x08005b64   0x08005b64   0x00000004   Code   RO         4919    i.USER_read         user_diskio.o
    0x08005b68   0x08005b68   0x00000010   Code   RO         4920    i.USER_status       user_diskio.o
    0x08005b78   0x08005b78   0x00000004   Code   RO         4921    i.USER_write        user_diskio.o
    0x08005b7c   0x08005b7c   0x00000002   Code   RO          804    i.UsageFault_Handler  stm32f1xx_it.o
    0x08005b7e   0x08005b7e   0x00000002   PAD
    0x08005b80   0x08005b80   0x00000028   Code   RO         6518    i.__0sprintf$6      mc_w.l(printf6.o)
    0x08005ba8   0x08005ba8   0x0000000e   Code   RO         6696    i.__scatterload_copy  mc_w.l(handlers.o)
    0x08005bb6   0x08005bb6   0x00000002   Code   RO         6697    i.__scatterload_null  mc_w.l(handlers.o)
    0x08005bb8   0x08005bb8   0x0000000e   Code   RO         6698    i.__scatterload_zeroinit  mc_w.l(handlers.o)
    0x08005bc6   0x08005bc6   0x00000002   PAD
    0x08005bc8   0x08005bc8   0x000002f0   Code   RO         6523    i._printf_core      mc_w.l(printf6.o)
    0x08005eb8   0x08005eb8   0x00000024   Code   RO         6524    i._printf_post_padding  mc_w.l(printf6.o)
    0x08005edc   0x08005edc   0x0000002e   Code   RO         6525    i._printf_pre_padding  mc_w.l(printf6.o)
    0x08005f0a   0x08005f0a   0x0000000a   Code   RO         6527    i._sputc            mc_w.l(printf6.o)
    0x08005f14   0x08005f14   0x00000058   Code   RO          380    i.beep              buzz.o
    0x08005f6c   0x08005f6c   0x00000050   Code   RO         6622    i.free              mc_w.l(malloc.o)
    0x08005fbc   0x08005fbc   0x00000078   Code   RO          220    i.get_current_date_time  ds1307_for_stm32_hal.o
    0x08006034   0x08006034   0x00000034   Code   RO          410    i.get_joystick_position  joystick.o
    0x08006068   0x08006068   0x0000000c   Code   RO          412    i.joystick_init     joystick.o
    0x08006074   0x08006074   0x00000018   Code   RO           13    i.lcd_clear         i2c-lcd.o
    0x0800608c   0x0800608c   0x00000018   Code   RO           15    i.lcd_put_cur       i2c-lcd.o
    0x080060a4   0x080060a4   0x00000040   Code   RO           16    i.lcd_send_cmd      i2c-lcd.o
    0x080060e4   0x080060e4   0x00000040   Code   RO           17    i.lcd_send_data     i2c-lcd.o
    0x08006124   0x08006124   0x00000014   Code   RO           18    i.lcd_send_string   i2c-lcd.o
    0x08006138   0x08006138   0x0000017c   Code   RO          698    i.main              main.o
    0x080062b4   0x080062b4   0x0000006c   Code   RO         6623    i.malloc            mc_w.l(malloc.o)
    0x08006320   0x08006320   0x00000042   Code   RO           19    i.sendlcd           i2c-lcd.o
    0x08006362   0x08006362   0x0000001c   Code   RO          221    i.strdup            ds1307_for_stm32_hal.o
    0x0800637e   0x0800637e   0x00000010   Data   RO         4881    .constdata          system_stm32f1xx.o
    0x0800638e   0x0800638e   0x00000008   Data   RO         4882    .constdata          system_stm32f1xx.o
    0x08006396   0x08006396   0x00000002   PAD
    0x08006398   0x08006398   0x00000020   Data   RO         6694    Region$$Table       anon$$obj.o


    Execution Region RW_IRAM1 (Exec base: 0x20000000, Load base: 0x080063b8, Size: 0x000014b0, Max: 0x00005000, ABSOLUTE, COMPRESSED[0x000000f8])

    Exec Addr    Load Addr    Size         Type   Attr      Idx    E Section Name        Object

    0x20000000   COMPRESSED   0x00000004   Data   RW          222    .data               ds1307_for_stm32_hal.o
    0x20000004   COMPRESSED   0x00000014   Data   RW          414    .data               joystick.o
    0x20000018   COMPRESSED   0x00000008   Data   RW          596    .data               fatfs_sd.o
    0x20000020   COMPRESSED   0x00000040   Data   RW          709    .data               main.o
    0x20000060   COMPRESSED   0x0000000c   Data   RW         1487    .data               stm32f1xx_hal.o
    0x2000006c   COMPRESSED   0x00000004   Data   RW         4883    .data               system_stm32f1xx.o
    0x20000070   COMPRESSED   0x00000001   Data   RW         4922    .data               user_diskio.o
    0x20000071   COMPRESSED   0x00000003   PAD
    0x20000074   COMPRESSED   0x00000014   Data   RW         4923    .data               user_diskio.o
    0x20000088   COMPRESSED   0x00000005   Data   RW         4979    .data               fatfs.o
    0x2000008d   COMPRESSED   0x00000003   PAD
    0x20000090   COMPRESSED   0x0000001c   Data   RW         5605    .data               usbd_desc.o
    0x200000ac   COMPRESSED   0x00000032   Data   RW         5606    .data               usbd_desc.o
    0x200000de   COMPRESSED   0x00000002   PAD
    0x200000e0   COMPRESSED   0x00000010   Data   RW         5692    .data               usbd_cdc_if.o
    0x200000f0   COMPRESSED   0x00000001   Data   RW         6102    .data               usbd_ctlreq.o
    0x200000f1   COMPRESSED   0x00000003   PAD
    0x200000f4   COMPRESSED   0x000000d7   Data   RW         6258    .data               usbd_cdc.o
    0x200001cb   COMPRESSED   0x00000001   PAD
    0x200001cc   COMPRESSED   0x00000038   Data   RW         6259    .data               usbd_cdc.o
    0x20000204   COMPRESSED   0x00000004   Data   RW         6671    .data               mc_w.l(mvars.o)
    0x20000208   COMPRESSED   0x00000004   Data   RW         6672    .data               mc_w.l(mvars.o)
    0x2000020c        -       0x00000200   Zero   RW          699    .bss                main.o
    0x2000040c        -       0x00000044   Zero   RW          700    .bss                main.o
    0x20000450        -       0x0000000c   Zero   RW         5439    .bss                ff_gen_drv.o
    0x2000045c        -       0x000002c4   Zero   RW         5548    .bss                usb_device.o
    0x20000720        -       0x00000200   Zero   RW         5604    .bss                usbd_desc.o
    0x20000920        -       0x00000080   Zero   RW         5691    .bss                usbd_cdc_if.o
    0x200009a0        -       0x0000050c   Zero   RW         5770    .bss                usbd_conf.o
    0x20000eac   COMPRESSED   0x00000004   PAD
    0x20000eb0        -       0x00000200   Zero   RW            2    HEAP                startup_stm32f103xb.o
    0x200010b0        -       0x00000400   Zero   RW            1    STACK               startup_stm32f103xb.o


==============================================================================

Image component sizes


      Code (inc. data)   RO Data    RW Data    ZI Data      Debug   Object Name

        88          6          0          0          0        583   buzz.o
       414         52          0          4          0       7919   ds1307_for_stm32_hal.o
        28         12          0          5          0       1094   fatfs.o
         0          0          0          8          0       2456   fatfs_sd.o
        78          6          0          0         12       1611   ff_gen_drv.o
       262         12          0          0          0     470865   i2c-lcd.o
       136         18          0         20          0       2782   joystick.o
       866         72          0         64        580      13957   main.o
        36          8        236          0       1536        848   startup_stm32f103xb.o
       168         28          0         12          0       5965   stm32f1xx_hal.o
      1242         48          0          0          0       8135   stm32f1xx_hal_adc.o
       214         24          0          0          0      28727   stm32f1xx_hal_cortex.o
       680         44          0          0          0       3819   stm32f1xx_hal_dma.o
       532         12          0          0          0       3555   stm32f1xx_hal_gpio.o
      2756         56          0          0          0      12226   stm32f1xx_hal_i2c.o
       764         94          0          0          0       5140   stm32f1xx_hal_msp.o
      3318          0          0          0          0      15197   stm32f1xx_hal_pcd.o
        60          0          0          0          0       1194   stm32f1xx_hal_pcd_ex.o
      1688        100          0          0          0       6928   stm32f1xx_hal_rcc.o
       304         14          0          0          0       1472   stm32f1xx_hal_rcc_ex.o
       180          0          0          0          0       1159   stm32f1xx_hal_spi.o
      1558         32          0          0          0      12853   stm32f1xx_hal_tim.o
       106          0          0          0          0       1388   stm32f1xx_hal_tim_ex.o
       252          6          0          0          0       1768   stm32f1xx_hal_uart.o
        72         20          0          0          0       4926   stm32f1xx_it.o
      3524          0          0          0          0      19971   stm32f1xx_ll_usb.o
         2          0         24          4          0       1151   system_stm32f1xx.o
        84         18          0          0        708       2571   usb_device.o
       778         16          0        271          0      12528   usbd_cdc.o
        72         16          0         16        128       2706   usbd_cdc_if.o
       574         26          0          0       1292      14409   usbd_conf.o
       710          0          0          0          0       9999   usbd_core.o
      1760         30          0          1          0      11284   usbd_ctlreq.o
       362        110          0         78        512       6685   usbd_desc.o
       132          0          0          0          0       4412   usbd_ioreq.o
        44         12          0         21          0       3196   user_diskio.o

    ----------------------------------------------------------------------
     23876        892        294        516       4772     705479   Object Totals
         0          0         32          0          0          0   (incl. Generated)
        32          0          2         12          4          0   (incl. Padding)

    ----------------------------------------------------------------------

      Code (inc. data)   RO Data    RW Data    ZI Data      Debug   Library Member Name

        86          0          0          0          0          0   __dczerorl2.o
         0          0          0          0          0          0   entry.o
         0          0          0          0          0          0   entry10a.o
         0          0          0          0          0          0   entry11a.o
         8          4          0          0          0          0   entry2.o
         4          0          0          0          0          0   entry5.o
         0          0          0          0          0          0   entry7b.o
         0          0          0          0          0          0   entry8b.o
         8          4          0          0          0          0   entry9a.o
        30          0          0          0          0          0   handlers.o
        36          8          0          0          0         68   init.o
       188         20          0          0          0        160   malloc.o
        36          0          0          0          0        108   memseta.o
         0          0          0          8          0          0   mvars.o
       884         10          0          0          0        420   printf6.o
        18          0          0          0          0         68   strcpy.o
        14          0          0          0          0         68   strlen.o
        44          0          0          0          0         80   uidiv.o

    ----------------------------------------------------------------------
      1358         46          0          8          0        972   Library Totals
         2          0          0          0          0          0   (incl. Padding)

    ----------------------------------------------------------------------

      Code (inc. data)   RO Data    RW Data    ZI Data      Debug   Library Name

      1356         46          0          8          0        972   mc_w.l

    ----------------------------------------------------------------------
      1358         46          0          8          0        972   Library Totals

    ----------------------------------------------------------------------

==============================================================================


      Code (inc. data)   RO Data    RW Data    ZI Data      Debug   

     25234        938        294        524       4772     693815   Grand Totals
     25234        938        294        248       4772     693815   ELF Image Totals (compressed)
     25234        938        294        248          0          0   ROM Totals

==============================================================================

    Total RO  Size (Code + RO Data)                25528 (  24.93kB)
    Total RW  Size (RW Data + ZI Data)              5296 (   5.17kB)
    Total ROM Size (Code + RO Data + RW Data)      25776 (  25.17kB)

==============================================================================

