<html>
<body>
<pre>
<h1>µVision Build Log</h1>
<h2>Tool Versions:</h2>
IDE-Version: µVision V5.29.0.0
Copyright (C) 2019 ARM Ltd and ARM Germany GmbH. All rights reserved.
License Information: khai phan, ute, LIC=D0D7S-L5893-01NP1-CNK7Y-EPB1I-H5Z5Q
 
Tool Versions:
Toolchain:       MDK-ARM Plus  Version: 5.29.0.0
Toolchain Path:  C:\Keil_v5\ARM\ARMCC\Bin
C Compiler:      Armcc.exe V5.06 update 6 (build 750)
Assembler:       Armasm.exe V5.06 update 6 (build 750)
Linker/Locator:  ArmLink.exe V5.06 update 6 (build 750)
Library Manager: ArmAr.exe V5.06 update 6 (build 750)
Hex Converter:   FromElf.exe V5.06 update 6 (build 750)
CPU DLL:         SARMCM3.DLL V5.29.0.0
Dialog DLL:      DCM.DLL V1.17.3.0
Target DLL:      STLink\ST-LINKIII-KEIL_SWO.dll V3.0.7.0
Dialog DLL:      TCM.DLL V1.36.5.0
 
<h2>Project:</h2>
C:\Users\khaik\Desktop\T2 HE THONG NHUNG\Do an\github\CHAM-CONG-SINH-TRAC-HOC\lcd_i2c_stm32f103c8\MDK-ARM\lcd_i2c_stm32f103c8.uvprojx
Project File Date:  04/26/2023

<h2>Output:</h2>
*** Using Compiler 'V5.06 update 6 (build 750)', folder: 'C:\Keil_v5\ARM\ARMCC\Bin'
Rebuild target 'lcd_i2c_stm32f103c8'
assembling startup_stm32f103xb.s...
compiling stm32f1xx_hal_flash_ex.c...
compiling i2c-lcd.c...
compiling stm32f1xx_it.c...
compiling finger.c...
../Core/Inc/finger.h(29): warning:  #1295-D: Deprecated declaration check_fingerprint_exists - give arg types
  uint8_t check_fingerprint_exists();
..\Core\Src\finger.c(33): warning:  #1-D: last line of file ends without a newline
  // ... (rest of the functions updated with HAL)
..\Core\Src\finger.c: 2 warnings, 0 errors
compiling stm32f1xx_hal_cortex.c...
compiling stm32f1xx_hal_adc.c...
compiling stm32f1xx_hal.c...
compiling stm32f1xx_hal_msp.c...
compiling stm32f1xx_hal_rcc_ex.c...
compiling joystick.c...
../Core/Inc/joystick.h(8): warning:  #1295-D: Deprecated declaration get_joystick_position - give arg types
  uint8_t get_joystick_position();
..\Core\Src\joystick.c: 1 warning, 0 errors
compiling stm32f1xx_hal_flash.c...
compiling stm32f1xx_hal_pwr.c...
compiling stm32f1xx_hal_gpio_ex.c...
compiling buzz.c...
compiling stm32f1xx_hal_gpio.c...
compiling stm32f1xx_hal_exti.c...
compiling ds1307_for_stm32_hal.c...
compiling stm32f1xx_hal_dma.c...
compiling stm32f1xx_hal_rcc.c...
compiling stm32f1xx_hal_adc_ex.c...
compiling main.c...
../Core/Inc/joystick.h(8): warning:  #1295-D: Deprecated declaration get_joystick_position - give arg types
  uint8_t get_joystick_position();
../Core/Inc/finger.h(29): warning:  #1295-D: Deprecated declaration check_fingerprint_exists - give arg types
  uint8_t check_fingerprint_exists();
../Core/Src/main.c: 2 warnings, 0 errors
compiling stm32f1xx_hal_spi.c...
compiling stm32f1xx_hal_i2c.c...
compiling fatfs.c...
compiling system_stm32f1xx.c...
compiling user_diskio.c...
compiling diskio.c...
compiling ff_gen_drv.c...
compiling ccsbcs.c...
compiling syscall.c...
compiling stm32f1xx_hal_uart.c...
compiling stm32f1xx_hal_tim_ex.c...
compiling stm32f1xx_hal_tim.c...
compiling ff.c...
linking...
Program Size: Code=10978 RO-data=294 RW-data=68 ZI-data=1620  
FromELF: creating hex file...
"lcd_i2c_stm32f103c8\lcd_i2c_stm32f103c8.axf" - 0 Error(s), 5 Warning(s).

<h2>Software Packages used:</h2>

Package Vendor: ARM
                http://www.keil.com/pack/ARM.CMSIS.5.9.0.pack
                ARM.CMSIS.5.9.0
                CMSIS (Common Microcontroller Software Interface Standard)
   * Component: CORE Version: 5.6.0

Package Vendor: Keil
                http://www.keil.com/pack/Keil.STM32F1xx_DFP.2.4.0.pack
                Keil.STM32F1xx_DFP.2.4.0
                STMicroelectronics STM32F1 Series Device Support, Drivers and Examples

<h2>Collection of Component include folders:</h2>
  .\RTE\_lcd_i2c_stm32f103c8
  C:\Users\khaik\AppData\Local\Arm\Packs\ARM\CMSIS\5.9.0\CMSIS\Core\Include
  C:\Users\khaik\AppData\Local\Arm\Packs\Keil\STM32F1xx_DFP\2.4.0\Device\Include

<h2>Collection of Component Files used:</h2>

   * Component: ARM::CMSIS:CORE:5.6.0
Build Time Elapsed:  00:00:08
</pre>
</body>
</html>
