ARM Linker, 5.03 [Build 76] [MDK-ARM Standard]

==============================================================================

Section Cross References

    startup_stm32f103xb.o(RESET) refers to startup_stm32f103xb.o(STACK) for __initial_sp
    startup_stm32f103xb.o(RESET) refers to startup_stm32f103xb.o(.text) for Reset_Handler
    startup_stm32f103xb.o(RESET) refers to stm32f1xx_it.o(i.NMI_Handler) for NMI_Handler
    startup_stm32f103xb.o(RESET) refers to stm32f1xx_it.o(i.HardFault_Handler) for HardFault_Handler
    startup_stm32f103xb.o(RESET) refers to stm32f1xx_it.o(i.MemManage_Handler) for MemManage_Handler
    startup_stm32f103xb.o(RESET) refers to stm32f1xx_it.o(i.BusFault_Handler) for BusFault_Handler
    startup_stm32f103xb.o(RESET) refers to stm32f1xx_it.o(i.UsageFault_Handler) for UsageFault_Handler
    startup_stm32f103xb.o(RESET) refers to stm32f1xx_it.o(i.SVC_Handler) for SVC_Handler
    startup_stm32f103xb.o(RESET) refers to stm32f1xx_it.o(i.DebugMon_Handler) for DebugMon_Handler
    startup_stm32f103xb.o(RESET) refers to stm32f1xx_it.o(i.PendSV_Handler) for PendSV_Handler
    startup_stm32f103xb.o(RESET) refers to stm32f1xx_it.o(i.SysTick_Handler) for SysTick_Handler
    startup_stm32f103xb.o(RESET) refers to stm32f1xx_it.o(i.DMA1_Channel1_IRQHandler) for DMA1_Channel1_IRQHandler
    startup_stm32f103xb.o(.text) refers to system_stm32f1xx.o(i.SystemInit) for SystemInit
    startup_stm32f103xb.o(.text) refers to entry.o(.ARM.Collect$$$$00000000) for __main
    i2c-lcd.o(i.lcd_clear) refers to i2c-lcd.o(i.lcd_send_cmd) for lcd_send_cmd
    i2c-lcd.o(i.lcd_clear) refers to i2c-lcd.o(i.lcd_send_data) for lcd_send_data
    i2c-lcd.o(i.lcd_init) refers to stm32f1xx_hal.o(i.HAL_Delay) for HAL_Delay
    i2c-lcd.o(i.lcd_init) refers to i2c-lcd.o(i.lcd_send_cmd) for lcd_send_cmd
    i2c-lcd.o(i.lcd_put_cur) refers to i2c-lcd.o(i.lcd_send_cmd) for lcd_send_cmd
    i2c-lcd.o(i.lcd_send_cmd) refers to stm32f1xx_hal_i2c.o(i.HAL_I2C_Master_Transmit) for HAL_I2C_Master_Transmit
    i2c-lcd.o(i.lcd_send_cmd) refers to main.o(.bss) for hi2c1
    i2c-lcd.o(i.lcd_send_data) refers to stm32f1xx_hal_i2c.o(i.HAL_I2C_Master_Transmit) for HAL_I2C_Master_Transmit
    i2c-lcd.o(i.lcd_send_data) refers to main.o(.bss) for hi2c1
    i2c-lcd.o(i.lcd_send_string) refers to i2c-lcd.o(i.lcd_send_data) for lcd_send_data
    i2c-lcd.o(i.sendlcd) refers to i2c-lcd.o(i.lcd_clear) for lcd_clear
    i2c-lcd.o(i.sendlcd) refers to strlen.o(.text) for strlen
    i2c-lcd.o(i.sendlcd) refers to i2c-lcd.o(i.lcd_put_cur) for lcd_put_cur
    i2c-lcd.o(i.sendlcd) refers to i2c-lcd.o(i.lcd_send_data) for lcd_send_data
    i2c-lcd.o(i.sendlcdint) refers to printf6.o(i.__0snprintf$6) for __2snprintf
    i2c-lcd.o(i.sendlcdint) refers to i2c-lcd.o(i.sendlcd) for sendlcd
    ds1307_for_stm32_hal.o(i.DS1307_GetClockHalt) refers to ds1307_for_stm32_hal.o(i.DS1307_GetRegByte) for DS1307_GetRegByte
    ds1307_for_stm32_hal.o(i.DS1307_GetDate) refers to ds1307_for_stm32_hal.o(i.DS1307_GetRegByte) for DS1307_GetRegByte
    ds1307_for_stm32_hal.o(i.DS1307_GetDate) refers to ds1307_for_stm32_hal.o(i.DS1307_DecodeBCD) for DS1307_DecodeBCD
    ds1307_for_stm32_hal.o(i.DS1307_GetDayOfWeek) refers to ds1307_for_stm32_hal.o(i.DS1307_GetRegByte) for DS1307_GetRegByte
    ds1307_for_stm32_hal.o(i.DS1307_GetDayOfWeek) refers to ds1307_for_stm32_hal.o(i.DS1307_DecodeBCD) for DS1307_DecodeBCD
    ds1307_for_stm32_hal.o(i.DS1307_GetHour) refers to ds1307_for_stm32_hal.o(i.DS1307_GetRegByte) for DS1307_GetRegByte
    ds1307_for_stm32_hal.o(i.DS1307_GetHour) refers to ds1307_for_stm32_hal.o(i.DS1307_DecodeBCD) for DS1307_DecodeBCD
    ds1307_for_stm32_hal.o(i.DS1307_GetMinute) refers to ds1307_for_stm32_hal.o(i.DS1307_GetRegByte) for DS1307_GetRegByte
    ds1307_for_stm32_hal.o(i.DS1307_GetMinute) refers to ds1307_for_stm32_hal.o(i.DS1307_DecodeBCD) for DS1307_DecodeBCD
    ds1307_for_stm32_hal.o(i.DS1307_GetMonth) refers to ds1307_for_stm32_hal.o(i.DS1307_GetRegByte) for DS1307_GetRegByte
    ds1307_for_stm32_hal.o(i.DS1307_GetMonth) refers to ds1307_for_stm32_hal.o(i.DS1307_DecodeBCD) for DS1307_DecodeBCD
    ds1307_for_stm32_hal.o(i.DS1307_GetRegByte) refers to stm32f1xx_hal_i2c.o(i.HAL_I2C_Master_Transmit) for HAL_I2C_Master_Transmit
    ds1307_for_stm32_hal.o(i.DS1307_GetRegByte) refers to stm32f1xx_hal_i2c.o(i.HAL_I2C_Master_Receive) for HAL_I2C_Master_Receive
    ds1307_for_stm32_hal.o(i.DS1307_GetRegByte) refers to ds1307_for_stm32_hal.o(.data) for .data
    ds1307_for_stm32_hal.o(i.DS1307_GetSecond) refers to ds1307_for_stm32_hal.o(i.DS1307_GetRegByte) for DS1307_GetRegByte
    ds1307_for_stm32_hal.o(i.DS1307_GetSecond) refers to ds1307_for_stm32_hal.o(i.DS1307_DecodeBCD) for DS1307_DecodeBCD
    ds1307_for_stm32_hal.o(i.DS1307_GetTimeZoneHour) refers to ds1307_for_stm32_hal.o(i.DS1307_GetRegByte) for DS1307_GetRegByte
    ds1307_for_stm32_hal.o(i.DS1307_GetTimeZoneMin) refers to ds1307_for_stm32_hal.o(i.DS1307_GetRegByte) for DS1307_GetRegByte
[...]
    .ARM.Collect$$$$0000000B                 0x080000f4   Section        8  entry9a.o(.ARM.Collect$$$$0000000B)
    .ARM.Collect$$$$0000000D                 0x080000fc   Section        0  entry10a.o(.ARM.Collect$$$$0000000D)
    .ARM.Collect$$$$0000000F                 0x080000fc   Section        0  entry11a.o(.ARM.Collect$$$$0000000F)
    .ARM.Collect$$$$00002712                 0x080000fc   Section        4  entry2.o(.ARM.Collect$$$$00002712)
    __lit__00000000                          0x080000fc   Data           4  entry2.o(.ARM.Collect$$$$00002712)
    .text                                    0x08000100   Section       36  startup_stm32f103xb.o(.text)
    .text                                    0x08000124   Section        0  memcpya.o(.text)
    .text                                    0x08000148   Section        0  memseta.o(.text)
    .text                                    0x0800016c   Section        0  strlen.o(.text)
    .text                                    0x0800017a   Section        0  uidiv.o(.text)
    .text                                    0x080001a8   Section       36  init.o(.text)
    i.ADC_ConversionStop_Disable             0x080001cc   Section        0  stm32f1xx_hal_adc.o(i.ADC_ConversionStop_Disable)
    i.ADC_DMAConvCplt                        0x08000228   Section        0  stm32f1xx_hal_adc.o(i.ADC_DMAConvCplt)
    i.ADC_DMAError                           0x0800027a   Section        0  stm32f1xx_hal_adc.o(i.ADC_DMAError)
    i.ADC_DMAHalfConvCplt                    0x08000294   Section        0  stm32f1xx_hal_adc.o(i.ADC_DMAHalfConvCplt)
    i.ADC_Enable                             0x080002a0   Section        0  stm32f1xx_hal_adc.o(i.ADC_Enable)
    i.BusFault_Handler                       0x08000328   Section        0  stm32f1xx_it.o(i.BusFault_Handler)
    i.DESELECT                               0x0800032c   Section        0  fatfs_sd.o(i.DESELECT)
    DESELECT                                 0x0800032d   Thumb Code    22  fatfs_sd.o(i.DESELECT)
    i.DMA1_Channel1_IRQHandler               0x08000348   Section        0  stm32f1xx_it.o(i.DMA1_Channel1_IRQHandler)
    i.DMA_SetConfig                          0x08000354   Section        0  stm32f1xx_hal_dma.o(i.DMA_SetConfig)
    DMA_SetConfig                            0x08000355   Thumb Code    56  stm32f1xx_hal_dma.o(i.DMA_SetConfig)
    i.DebugMon_Handler                       0x0800038c   Section        0  stm32f1xx_it.o(i.DebugMon_Handler)
    i.Error_Handler                          0x0800038e   Section        0  main.o(i.Error_Handler)
    i.FATFS_LinkDriver                       0x08000390   Section        0  ff_gen_drv.o(i.FATFS_LinkDriver)
    i.FATFS_LinkDriverEx                     0x08000398   Section        0  ff_gen_drv.o(i.FATFS_LinkDriverEx)
    i.HAL_ADC_ConfigChannel                  0x080003e0   Section        0  stm32f1xx_hal_adc.o(i.HAL_ADC_ConfigChannel)
    i.HAL_ADC_ConvCpltCallback               0x08000508   Section        0  joystick.o(i.HAL_ADC_ConvCpltCallback)
    i.HAL_ADC_ConvHalfCpltCallback           0x0800053c   Section        0  stm32f1xx_hal_adc.o(i.HAL_ADC_ConvHalfCpltCallback)
    i.HAL_ADC_ErrorCallback                  0x0800053e   Section        0  stm32f1xx_hal_adc.o(i.HAL_ADC_ErrorCallback)
    i.HAL_ADC_Init                           0x08000540   Section        0  stm32f1xx_hal_adc.o(i.HAL_ADC_Init)
    i.HAL_ADC_MspInit                        0x08000664   Section        0  stm32f1xx_hal_msp.o(i.HAL_ADC_MspInit)
    i.HAL_ADC_Start_DMA                      0x080006f0   Section        0  stm32f1xx_hal_adc.o(i.HAL_ADC_Start_DMA)
    i.HAL_DMA_IRQHandler                     0x08000820   Section        0  stm32f1xx_hal_dma.o(i.HAL_DMA_IRQHandler)
    i.HAL_DMA_Init                           0x08000990   Section        0  stm32f1xx_hal_dma.o(i.HAL_DMA_Init)
    i.HAL_DMA_Start_IT                       0x08000a14   Section        0  stm32f1xx_hal_dma.o(i.HAL_DMA_Start_IT)
    i.HAL_Delay                              0x08000a90   Section        0  stm32f1xx_hal.o(i.HAL_Delay)
    i.HAL_GPIO_Init                          0x08000ab4   Section        0  stm32f1xx_hal_gpio.o(i.HAL_GPIO_Init)
    i.HAL_GPIO_ReadPin                       0x08000cac   Section        0  stm32f1xx_hal_gpio.o(i.HAL_GPIO_ReadPin)
    i.HAL_GPIO_WritePin                      0x08000cba   Section        0  stm32f1xx_hal_gpio.o(i.HAL_GPIO_WritePin)
    i.HAL_GetTick                            0x08000cc8   Section        0  stm32f1xx_hal.o(i.HAL_GetTick)
    i.HAL_I2C_Init                           0x08000cd4   Section        0  stm32f1xx_hal_i2c.o(i.HAL_I2C_Init)
    i.HAL_I2C_Master_Transmit                0x08000e74   Section        0  stm32f1xx_hal_i2c.o(i.HAL_I2C_Master_Transmit)
    i.HAL_I2C_MspInit                        0x08000fd4   Section        0  stm32f1xx_hal_msp.o(i.HAL_I2C_MspInit)
    i.HAL_IncTick                            0x0800106c   Section        0  stm32f1xx_hal.o(i.HAL_IncTick)
    i.HAL_Init                               0x0800107c   Section        0  stm32f1xx_hal.o(i.HAL_Init)
    i.HAL_InitTick                           0x080010a0   Section        0  stm32f1xx_hal.o(i.HAL_InitTick)
    i.HAL_MspInit                            0x080010e4   Section        0  stm32f1xx_hal_msp.o(i.HAL_MspInit)
    i.HAL_NVIC_EnableIRQ                     0x08001120   Section        0  stm32f1xx_hal_cortex.o(i.HAL_NVIC_EnableIRQ)
    i.HAL_NVIC_SetPriority                   0x08001140   Section        0  stm32f1xx_hal_cortex.o(i.HAL_NVIC_SetPriority)
    i.HAL_NVIC_SetPriorityGrouping           0x080011ac   Section        0  stm32f1xx_hal_cortex.o(i.HAL_NVIC_SetPriorityGrouping)
    i.HAL_RCCEx_PeriphCLKConfig              0x080011d0   Section        0  stm32f1xx_hal_rcc_ex.o(i.HAL_RCCEx_PeriphCLKConfig)
    i.HAL_RCC_ClockConfig                    0x08001300   Section        0  stm32f1xx_hal_rcc.o(i.HAL_RCC_ClockConfig)
    i.HAL_RCC_GetHCLKFreq                    0x08001480   Section        0  stm32f1xx_hal_rcc.o(i.HAL_RCC_GetHCLKFreq)
    i.HAL_RCC_GetPCLK1Freq                   0x0800148c   Section        0  stm32f1xx_hal_rcc.o(i.HAL_RCC_GetPCLK1Freq)
    i.HAL_RCC_GetPCLK2Freq                   0x080014ac   Section        0  stm32f1xx_hal_rcc.o(i.HAL_RCC_GetPCLK2Freq)
    i.HAL_RCC_GetSysClockFreq                0x080014cc   Section        0  stm32f1xx_hal_rcc.o(i.HAL_RCC_GetSysClockFreq)
    i.HAL_RCC_OscConfig                      0x08001544   Section        0  stm32f1xx_hal_rcc.o(i.HAL_RCC_OscConfig)
    i.HAL_SPI_Init                           0x08001970   Section        0  stm32f1xx_hal_spi.o(i.HAL_SPI_Init)
    i.HAL_SPI_MspInit                        0x08001a24   Section        0  stm32f1xx_hal_msp.o(i.HAL_SPI_MspInit)
    i.HAL_SPI_Transmit                       0x08001a94   Section        0  stm32f1xx_hal_spi.o(i.HAL_SPI_Transmit)
    i.HAL_SPI_TransmitReceive                0x08001c2c   Section        0  stm32f1xx_hal_spi.o(i.HAL_SPI_TransmitReceive)
    i.HAL_SYSTICK_Config                     0x08001e20   Section        0  stm32f1xx_hal_cortex.o(i.HAL_SYSTICK_Config)
    i.HAL_TIMEx_MasterConfigSynchronization  0x08001e48   Section        0  stm32f1xx_hal_tim_ex.o(i.HAL_TIMEx_MasterConfigSynchronization)
    i.HAL_TIM_Base_Init                      0x08001eb2   Section        0  stm32f1xx_hal_tim.o(i.HAL_TIM_Base_Init)
    i.HAL_TIM_Base_MspInit                   0x08001f10   Section        0  stm32f1xx_hal_msp.o(i.HAL_TIM_Base_MspInit)
    i.HAL_TIM_ConfigClockSource              0x08001f34   Section        0  stm32f1xx_hal_tim.o(i.HAL_TIM_ConfigClockSource)
    i.HAL_TIM_MspPostInit                    0x08002018   Section        0  stm32f1xx_hal_msp.o(i.HAL_TIM_MspPostInit)
    i.HAL_TIM_PWM_ConfigChannel              0x08002074   Section        0  stm32f1xx_hal_tim.o(i.HAL_TIM_PWM_ConfigChannel)
    i.HAL_TIM_PWM_Init                       0x08002146   Section        0  stm32f1xx_hal_tim.o(i.HAL_TIM_PWM_Init)
    i.HAL_TIM_PWM_MspInit                    0x080021a2   Section        0  stm32f1xx_hal_tim.o(i.HAL_TIM_PWM_MspInit)
    i.HAL_TIM_PWM_Start                      0x080021a4   Section        0  stm32f1xx_hal_tim.o(i.HAL_TIM_PWM_Start)
    i.HAL_TIM_PWM_Stop                       0x0800224c   Section        0  stm32f1xx_hal_tim.o(i.HAL_TIM_PWM_Stop)
    i.HAL_UART_Init                          0x080022be   Section        0  stm32f1xx_hal_uart.o(i.HAL_UART_Init)
    i.HAL_UART_MspInit                       0x08002324   Section        0  stm32f1xx_hal_msp.o(i.HAL_UART_MspInit)
    i.HAL_UART_Receive                       0x080023d0   Section        0  stm32f1xx_hal_uart.o(i.HAL_UART_Receive)
    i.HAL_UART_Transmit                      0x080024a4   Section        0  stm32f1xx_hal_uart.o(i.HAL_UART_Transmit)
    i.HardFault_Handler                      0x0800256e   Section        0  stm32f1xx_it.o(i.HardFault_Handler)
    i.I2C_IsAcknowledgeFailed                0x08002570   Section        0  stm32f1xx_hal_i2c.o(i.I2C_IsAcknowledgeFailed)
    I2C_IsAcknowledgeFailed                  0x08002571   Thumb Code    50  stm32f1xx_hal_i2c.o(i.I2C_IsAcknowledgeFailed)
    i.I2C_MasterRequestWrite                 0x080025a4   Section        0  stm32f1xx_hal_i2c.o(i.I2C_MasterRequestWrite)
    I2C_MasterRequestWrite                   0x080025a5   Thumb Code   172  stm32f1xx_hal_i2c.o(i.I2C_MasterRequestWrite)
    i.I2C_WaitOnBTFFlagUntilTimeout          0x08002658   Section        0  stm32f1xx_hal_i2c.o(i.I2C_WaitOnBTFFlagUntilTimeout)
    I2C_WaitOnBTFFlagUntilTimeout            0x08002659   Thumb Code    90  stm32f1xx_hal_i2c.o(i.I2C_WaitOnBTFFlagUntilTimeout)
    i.I2C_WaitOnFlagUntilTimeout             0x080026b2   Section        0  stm32f1xx_hal_i2c.o(i.I2C_WaitOnFlagUntilTimeout)
    I2C_WaitOnFlagUntilTimeout               0x080026b3   Thumb Code   178  stm32f1xx_hal_i2c.o(i.I2C_WaitOnFlagUntilTimeout)
    i.I2C_WaitOnMasterAddressFlagUntilTimeout 0x08002764   Section        0  stm32f1xx_hal_i2c.o(i.I2C_WaitOnMasterAddressFlagUntilTimeout)
    I2C_WaitOnMasterAddressFlagUntilTimeout  0x08002765   Thumb Code   204  stm32f1xx_hal_i2c.o(i.I2C_WaitOnMasterAddressFlagUntilTimeout)
    i.I2C_WaitOnTXEFlagUntilTimeout          0x08002830   Section        0  stm32f1xx_hal_i2c.o(i.I2C_WaitOnTXEFlagUntilTimeout)
    I2C_WaitOnTXEFlagUntilTimeout            0x08002831   Thumb Code    90  stm32f1xx_hal_i2c.o(i.I2C_WaitOnTXEFlagUntilTimeout)
    i.MAP                                    0x0800288a   Section        0  joystick.o(i.MAP)
    i.MX_ADC1_Init                           0x080028a0   Section        0  main.o(i.MX_ADC1_Init)
    MX_ADC1_Init                             0x080028a1   Thumb Code    72  main.o(i.MX_ADC1_Init)
    i.MX_FATFS_Init                          0x080028f0   Section        0  fatfs.o(i.MX_FATFS_Init)
    i.MX_GPIO_Init                           0x0800290c   Section        0  main.o(i.MX_GPIO_Init)
    MX_GPIO_Init                             0x0800290d   Thumb Code   114  main.o(i.MX_GPIO_Init)
    i.MX_SPI1_Init                           0x0800298c   Section        0  main.o(i.MX_SPI1_Init)
    MX_SPI1_Init                             0x0800298d   Thumb Code    46  main.o(i.MX_SPI1_Init)
    i.MX_TIM2_Init                           0x080029c4   Section        0  main.o(i.MX_TIM2_Init)
    MX_TIM2_Init                             0x080029c5   Thumb Code   116  main.o(i.MX_TIM2_Init)
    i.MemManage_Handler                      0x08002a3c   Section        0  stm32f1xx_it.o(i.MemManage_Handler)
    i.NMI_Handler                            0x08002a3e   Section        0  stm32f1xx_it.o(i.NMI_Handler)
    i.PendSV_Handler                         0x08002a40   Section        0  stm32f1xx_it.o(i.PendSV_Handler)
    i.RCC_Delay                              0x08002a44   Section        0  stm32f1xx_hal_rcc.o(i.RCC_Delay)
    RCC_Delay                                0x08002a45   Thumb Code    34  stm32f1xx_hal_rcc.o(i.RCC_Delay)
    i.SD_PowerOn                             0x08002a6c   Section        0  fatfs_sd.o(i.SD_PowerOn)
    SD_PowerOn                               0x08002a6d   Thumb Code   106  fatfs_sd.o(i.SD_PowerOn)
    i.SD_ReadyWait                           0x08002adc   Section        0  fatfs_sd.o(i.SD_ReadyWait)
    SD_ReadyWait                             0x08002add   Thumb Code    28  fatfs_sd.o(i.SD_ReadyWait)
    i.SD_RxDataBlock                         0x08002afc   Section        0  fatfs_sd.o(i.SD_RxDataBlock)
    SD_RxDataBlock                           0x08002afd   Thumb Code    62  fatfs_sd.o(i.SD_RxDataBlock)
    i.SD_SendCmd                             0x08002b40   Section        0  fatfs_sd.o(i.SD_SendCmd)
    SD_SendCmd                               0x08002b41   Thumb Code   110  fatfs_sd.o(i.SD_SendCmd)
    i.SD_TxDataBlock                         0x08002bae   Section        0  fatfs_sd.o(i.SD_TxDataBlock)
    SD_TxDataBlock                           0x08002baf   Thumb Code    96  fatfs_sd.o(i.SD_TxDataBlock)
    i.SD_disk_initialize                     0x08002c10   Section        0  fatfs_sd.o(i.SD_disk_initialize)
    i.SD_disk_ioctl                          0x08002d40   Section        0  fatfs_sd.o(i.SD_disk_ioctl)
    i.SD_disk_read                           0x08002e80   Section        0  fatfs_sd.o(i.SD_disk_read)
    i.SD_disk_status                         0x08002f18   Section        0  fatfs_sd.o(i.SD_disk_status)
    i.SD_disk_write                          0x08002f28   Section        0  fatfs_sd.o(i.SD_disk_write)
    i.SELECT                                 0x08002fe0   Section        0  fatfs_sd.o(i.SELECT)
    SELECT                                   0x08002fe1   Thumb Code    22  fatfs_sd.o(i.SELECT)
    i.SPI_EndRxTxTransaction                 0x08002ffc   Section        0  stm32f1xx_hal_spi.o(i.SPI_EndRxTxTransaction)
    SPI_EndRxTxTransaction                   0x08002ffd   Thumb Code    36  stm32f1xx_hal_spi.o(i.SPI_EndRxTxTransaction)
    i.SPI_RxByte                             0x08003020   Section        0  fatfs_sd.o(i.SPI_RxByte)
    SPI_RxByte                               0x08003021   Thumb Code    40  fatfs_sd.o(i.SPI_RxByte)
    i.SPI_TxBuffer                           0x0800304c   Section        0  fatfs_sd.o(i.SPI_TxBuffer)
    SPI_TxBuffer                             0x0800304d   Thumb Code    22  fatfs_sd.o(i.SPI_TxBuffer)
    i.SPI_TxByte                             0x08003068   Section        0  fatfs_sd.o(i.SPI_TxByte)
    SPI_TxByte                               0x08003069   Thumb Code    26  fatfs_sd.o(i.SPI_TxByte)
    i.SPI_WaitFlagStateUntilTimeout          0x08003088   Section        0  stm32f1xx_hal_spi.o(i.SPI_WaitFlagStateUntilTimeout)
    SPI_WaitFlagStateUntilTimeout            0x08003089   Thumb Code   210  stm32f1xx_hal_spi.o(i.SPI_WaitFlagStateUntilTimeout)
    i.SVC_Handler                            0x08003160   Section        0  stm32f1xx_it.o(i.SVC_Handler)
    i.SysTick_Handler                        0x08003164   Section        0  stm32f1xx_it.o(i.SysTick_Handler)
    i.SystemClock_Config                     0x08003184   Section        0  main.o(i.SystemClock_Config)
    i.SystemInit                             0x080031e4   Section        0  system_stm32f1xx.o(i.SystemInit)
    i.TIM_Base_SetConfig                     0x080031e8   Section        0  stm32f1xx_hal_tim.o(i.TIM_Base_SetConfig)
    i.TIM_CCxChannelCmd                      0x08003260   Section        0  stm32f1xx_hal_tim.o(i.TIM_CCxChannelCmd)
    i.TIM_ETR_SetConfig                      0x0800327e   Section        0  stm32f1xx_hal_tim.o(i.TIM_ETR_SetConfig)
    i.TIM_ITRx_SetConfig                     0x08003294   Section        0  stm32f1xx_hal_tim.o(i.TIM_ITRx_SetConfig)
    TIM_ITRx_SetConfig                       0x08003295   Thumb Code    16  stm32f1xx_hal_tim.o(i.TIM_ITRx_SetConfig)
    i.TIM_OC1_SetConfig                      0x080032a4   Section        0  stm32f1xx_hal_tim.o(i.TIM_OC1_SetConfig)
    TIM_OC1_SetConfig                        0x080032a5   Thumb Code    98  stm32f1xx_hal_tim.o(i.TIM_OC1_SetConfig)
    i.TIM_OC2_SetConfig                      0x0800330c   Section        0  stm32f1xx_hal_tim.o(i.TIM_OC2_SetConfig)
    i.TIM_OC3_SetConfig                      0x08003374   Section        0  stm32f1xx_hal_tim.o(i.TIM_OC3_SetConfig)
    TIM_OC3_SetConfig                        0x08003375   Thumb Code   100  stm32f1xx_hal_tim.o(i.TIM_OC3_SetConfig)
    i.TIM_OC4_SetConfig                      0x080033dc   Section        0  stm32f1xx_hal_tim.o(i.TIM_OC4_SetConfig)
    TIM_OC4_SetConfig                        0x080033dd   Thumb Code    78  stm32f1xx_hal_tim.o(i.TIM_OC4_SetConfig)
    i.TIM_TI1_ConfigInputStage               0x0800342a   Section        0  stm32f1xx_hal_tim.o(i.TIM_TI1_ConfigInputStage)
    TIM_TI1_ConfigInputStage                 0x0800342b   Thumb Code    38  stm32f1xx_hal_tim.o(i.TIM_TI1_ConfigInputStage)
    i.TIM_TI2_ConfigInputStage               0x08003450   Section        0  stm32f1xx_hal_tim.o(i.TIM_TI2_ConfigInputStage)
    TIM_TI2_ConfigInputStage                 0x08003451   Thumb Code    36  stm32f1xx_hal_tim.o(i.TIM_TI2_ConfigInputStage)
    i.UART_SetConfig                         0x08003474   Section        0  stm32f1xx_hal_uart.o(i.UART_SetConfig)
    UART_SetConfig                           0x08003475   Thumb Code   146  stm32f1xx_hal_uart.o(i.UART_SetConfig)
    i.UART_WaitOnFlagUntilTimeout            0x0800350c   Section        0  stm32f1xx_hal_uart.o(i.UART_WaitOnFlagUntilTimeout)
    UART_WaitOnFlagUntilTimeout              0x0800350d   Thumb Code   118  stm32f1xx_hal_uart.o(i.UART_WaitOnFlagUntilTimeout)
    i.USER_initialize                        0x08003582   Section        0  user_diskio.o(i.USER_initialize)
    i.USER_ioctl                             0x08003586   Section        0  user_diskio.o(i.USER_ioctl)
    i.USER_read                              0x0800358a   Section        0  user_diskio.o(i.USER_read)
    i.USER_status                            0x0800358e   Section        0  user_diskio.o(i.USER_status)
    i.USER_write                             0x08003592   Section        0  user_diskio.o(i.USER_write)
    i.UsageFault_Handler                     0x08003596   Section        0  stm32f1xx_it.o(i.UsageFault_Handler)
    i.__0snprintf$6                          0x08003598   Section        0  printf6.o(i.__0snprintf$6)
    i.__scatterload_copy                     0x080035c8   Section       14  handlers.o(i.__scatterload_copy)
    i.__scatterload_null                     0x080035d6   Section        2  handlers.o(i.__scatterload_null)
    i.__scatterload_zeroinit                 0x080035d8   Section       14  handlers.o(i.__scatterload_zeroinit)
    i._printf_core                           0x080035e8   Section        0  printf6.o(i._printf_core)
    _printf_core                             0x080035e9   Thumb Code   748  printf6.o(i._printf_core)
    i._printf_post_padding                   0x080038d8   Section        0  printf6.o(i._printf_post_padding)
    _printf_post_padding                     0x080038d9   Thumb Code    36  printf6.o(i._printf_post_padding)
    i._printf_pre_padding                    0x080038fc   Section        0  printf6.o(i._printf_pre_padding)
    _printf_pre_padding                      0x080038fd   Thumb Code    46  printf6.o(i._printf_pre_padding)
    i._snputc                                0x0800392a   Section        0  printf6.o(i._snputc)
    _snputc                                  0x0800392b   Thumb Code    22  printf6.o(i._snputc)
    i.addFinger                              0x08003940   Section        0  finger.o(i.addFinger)
    i.beep                                   0x08003994   Section        0  buzz.o(i.beep)
    i.check_fs                               0x080039ec   Section        0  ff.o(i.check_fs)
    check_fs                                 0x080039ed   Thumb Code   138  ff.o(i.check_fs)
    i.chk_chr                                0x08003a7c   Section        0  ff.o(i.chk_chr)
    chk_chr                                  0x08003a7d   Thumb Code    16  ff.o(i.chk_chr)
    i.chk_lock                               0x08003a8c   Section        0  ff.o(i.chk_lock)
    chk_lock                                 0x08003a8d   Thumb Code   120  ff.o(i.chk_lock)
    i.clear_lock                             0x08003b08   Section        0  ff.o(i.clear_lock)
    clear_lock                               0x08003b09   Thumb Code    34  ff.o(i.clear_lock)
    i.clmt_clust                             0x08003b30   Section        0  ff.o(i.clmt_clust)
    clmt_clust                               0x08003b31   Thumb Code    50  ff.o(i.clmt_clust)
    i.clust2sect                             0x08003b62   Section        0  ff.o(i.clust2sect)
    i.cmp_lfn                                0x08003b80   Section        0  ff.o(i.cmp_lfn)
    cmp_lfn                                  0x08003b81   Thumb Code   132  ff.o(i.cmp_lfn)
    i.collectFinger                          0x08003c08   Section        0  finger.o(i.collectFinger)
    i.collect_finger                         0x08003d60   Section        0  finger.o(i.collect_finger)
    i.create_chain                           0x08003d98   Section        0  ff.o(i.create_chain)
    create_chain                             0x08003d99   Thumb Code   178  ff.o(i.create_chain)
    i.create_name                            0x08003e4c   Section        0  ff.o(i.create_name)
    create_name                              0x08003e4d   Thumb Code   488  ff.o(i.create_name)
    i.dec_lock                               0x0800404c   Section        0  ff.o(i.dec_lock)
    dec_lock                                 0x0800404d   Thumb Code    50  ff.o(i.dec_lock)
    i.deleteAllFinger                        0x08004084   Section        0  finger.o(i.deleteAllFinger)
    i.dir_alloc                              0x080040ac   Section        0  ff.o(i.dir_alloc)
    dir_alloc                                0x080040ad   Thumb Code    76  ff.o(i.dir_alloc)
    i.dir_find                               0x080040f8   Section        0  ff.o(i.dir_find)
    dir_find                                 0x080040f9   Thumb Code   208  ff.o(i.dir_find)
    i.dir_next                               0x080041c8   Section        0  ff.o(i.dir_next)
    dir_next                                 0x080041c9   Thumb Code   342  ff.o(i.dir_next)
    i.dir_register                           0x08004320   Section        0  ff.o(i.dir_register)
    dir_register                             0x08004321   Thumb Code   294  ff.o(i.dir_register)
    i.dir_sdi                                0x0800444c   Section        0  ff.o(i.dir_sdi)
    dir_sdi                                  0x0800444d   Thumb Code   172  ff.o(i.dir_sdi)
    i.disk_initialize                        0x080044f8   Section        0  diskio.o(i.disk_initialize)
    i.disk_ioctl                             0x08004524   Section        0  diskio.o(i.disk_ioctl)
    i.disk_read                              0x08004540   Section        0  diskio.o(i.disk_read)
    i.disk_status                            0x08004560   Section        0  diskio.o(i.disk_status)
    i.disk_write                             0x08004578   Section        0  diskio.o(i.disk_write)
    i.empty                                  0x08004598   Section        0  finger.o(i.empty)
    i.enq_lock                               0x080045c8   Section        0  ff.o(i.enq_lock)
    enq_lock                                 0x080045c9   Thumb Code    36  ff.o(i.enq_lock)
    i.f_close                                0x080045f0   Section        0  ff.o(i.f_close)
    i.f_lseek                                0x0800461c   Section        0  ff.o(i.f_lseek)
    i.f_mount                                0x080048f4   Section        0  ff.o(i.f_mount)
    i.f_open                                 0x08004964   Section        0  ff.o(i.f_open)
    i.f_sync                                 0x08004b54   Section        0  ff.o(i.f_sync)
    i.f_write                                0x08004c02   Section        0  ff.o(i.f_write)
    i.ff_convert                             0x08004de8   Section        0  ccsbcs.o(i.ff_convert)
    i.ff_wtoupper                            0x08004e20   Section        0  ccsbcs.o(i.ff_wtoupper)
    i.find_volume                            0x08004e4c   Section        0  ff.o(i.find_volume)
    find_volume                              0x08004e4d   Thumb Code   912  ff.o(i.find_volume)
    i.fit_lfn                                0x080051ec   Section        0  ff.o(i.fit_lfn)
    fit_lfn                                  0x080051ed   Thumb Code   110  ff.o(i.fit_lfn)
    i.follow_path                            0x08005260   Section        0  ff.o(i.follow_path)
    follow_path                              0x08005261   Thumb Code   122  ff.o(i.follow_path)
    i.gen_numname                            0x080052da   Section        0  ff.o(i.gen_numname)
    gen_numname                              0x080052db   Thumb Code   152  ff.o(i.gen_numname)
    i.get_fat                                0x08005372   Section        0  ff.o(i.get_fat)
    i.get_fattime                            0x0800546e   Section        0  fatfs.o(i.get_fattime)
    i.get_joystick_position                  0x08005474   Section        0  joystick.o(i.get_joystick_position)
    i.get_ldnumber                           0x080054a8   Section        0  ff.o(i.get_ldnumber)
    get_ldnumber                             0x080054a9   Thumb Code    78  ff.o(i.get_ldnumber)
    i.img2tz                                 0x080054f8   Section        0  finger.o(i.img2tz)
    i.inc_lock                               0x08005540   Section        0  ff.o(i.inc_lock)
    inc_lock                                 0x08005541   Thumb Code   172  ff.o(i.inc_lock)
    i.joystick_init                          0x080055f0   Section        0  joystick.o(i.joystick_init)
    i.lcd_clear                              0x080055fc   Section        0  i2c-lcd.o(i.lcd_clear)
    i.lcd_put_cur                            0x08005614   Section        0  i2c-lcd.o(i.lcd_put_cur)
    i.lcd_send_cmd                           0x0800562c   Section        0  i2c-lcd.o(i.lcd_send_cmd)
    i.lcd_send_data                          0x0800566c   Section        0  i2c-lcd.o(i.lcd_send_data)
    i.ld_clust                               0x080056ac   Section        0  ff.o(i.ld_clust)
    ld_clust                                 0x080056ad   Thumb Code    34  ff.o(i.ld_clust)
    i.main                                   0x080056d0   Section        0  main.o(i.main)
    i.match                                  0x08005868   Section        0  finger.o(i.match)
    i.mem_cmp                                0x080058a4   Section        0  ff.o(i.mem_cmp)
    mem_cmp                                  0x080058a5   Thumb Code    24  ff.o(i.mem_cmp)
    i.mem_cpy                                0x080058bc   Section        0  ff.o(i.mem_cpy)
    mem_cpy                                  0x080058bd   Thumb Code    20  ff.o(i.mem_cpy)
    i.mem_set                                0x080058d0   Section        0  ff.o(i.mem_set)
    mem_set                                  0x080058d1   Thumb Code    18  ff.o(i.mem_set)
    i.move_window                            0x080058e2   Section        0  ff.o(i.move_window)
    move_window                              0x080058e3   Thumb Code    58  ff.o(i.move_window)
    i.put_fat                                0x0800591c   Section        0  ff.o(i.put_fat)
    i.receive_finger                         0x08005a50   Section        0  finger.o(i.receive_finger)
    i.receive_finger_match                   0x08005a80   Section        0  finger.o(i.receive_finger_match)
    i.receive_finger_search                  0x08005ab0   Section        0  finger.o(i.receive_finger_search)
    i.regmodel                               0x08005aec   Section        0  finger.o(i.regmodel)
    i.remove_chain                           0x08005b1c   Section        0  ff.o(i.remove_chain)
    remove_chain                             0x08005b1d   Thumb Code   104  ff.o(i.remove_chain)
    i.search                                 0x08005b84   Section        0  finger.o(i.search)
    i.sendlcd                                0x08005bc4   Section        0  i2c-lcd.o(i.sendlcd)
    i.sendlcdint                             0x08005c08   Section        0  i2c-lcd.o(i.sendlcdint)
    i.st_clust                               0x08005c24   Section        0  ff.o(i.st_clust)
    st_clust                                 0x08005c25   Thumb Code    16  ff.o(i.st_clust)
    i.store                                  0x08005c34   Section        0  finger.o(i.store)
    i.sum_sfn                                0x08005c78   Section        0  ff.o(i.sum_sfn)
    sum_sfn                                  0x08005c79   Thumb Code    26  ff.o(i.sum_sfn)
    i.sync_fs                                0x08005c92   Section        0  ff.o(i.sync_fs)
    sync_fs                                  0x08005c93   Thumb Code   172  ff.o(i.sync_fs)
    i.sync_window                            0x08005d3e   Section        0  ff.o(i.sync_window)
    sync_window                              0x08005d3f   Thumb Code    86  ff.o(i.sync_window)
    i.testsdcard                             0x08005d94   Section        0  main.o(i.testsdcard)
    i.validate                               0x08005e74   Section        0  ff.o(i.validate)
    validate                                 0x08005e75   Thumb Code    50  ff.o(i.validate)
    i.verify_fingerprint                     0x08005ea8   Section        0  finger.o(i.verify_fingerprint)
    .constdata                               0x08005efc   Section       14  finger.o(.constdata)
    .constdata                               0x08005f0a   Section       16  system_stm32f1xx.o(.constdata)
    .constdata                               0x08005f1a   Section        8  system_stm32f1xx.o(.constdata)
    .constdata                               0x08005f22   Section      186  ff.o(.constdata)
    ExCvt                                    0x08005f22   Data         128  ff.o(.constdata)
    LfnOfs                                   0x08005fa2   Data          13  ff.o(.constdata)
    vst                                      0x08005fb0   Data          22  ff.o(.constdata)
    cst                                      0x08005fc6   Data          22  ff.o(.constdata)
    .constdata                               0x08005fdc   Section     1216  ccsbcs.o(.constdata)
    Tbl                                      0x08005fdc   Data         256  ccsbcs.o(.constdata)
    tbl_lower                                0x080060dc   Data         480  ccsbcs.o(.constdata)
    tbl_upper                                0x080062bc   Data         480  ccsbcs.o(.constdata)
    .data                                    0x20000000   Section       20  joystick.o(.data)
    .data                                    0x20000014   Section        2  finger.o(.data)
    .data                                    0x20000016   Section        8  fatfs_sd.o(.data)
    Stat                                     0x20000016   Data           1  fatfs_sd.o(.data)
    PowerFlag                                0x20000017   Data           1  fatfs_sd.o(.data)
    CardType                                 0x20000018   Data           1  fatfs_sd.o(.data)
    .data                                    0x20000020   Section       92  main.o(.data)
    .data                                    0x2000007c   Section       12  stm32f1xx_hal.o(.data)
    .data                                    0x20000088   Section        4  system_stm32f1xx.o(.data)
    .data                                    0x2000008c   Section       20  user_diskio.o(.data)
    .data                                    0x200000a0   Section        5  fatfs.o(.data)
    .data                                    0x200000a8   Section        8  ff.o(.data)
    Fsid                                     0x200000a8   Data           2  ff.o(.data)
    FatFs                                    0x200000ac   Data           4  ff.o(.data)
    .bss                                     0x200000b0   Section     8796  main.o(.bss)
    .bss                                     0x2000230c   Section       68  main.o(.bss)
    .bss                                     0x20002350   Section      536  ff.o(.bss)
    Files                                    0x20002350   Data          24  ff.o(.bss)
    LfnBuf                                   0x20002368   Data         512  ff.o(.bss)
    .bss                                     0x20002568   Section       12  ff_gen_drv.o(.bss)
    STACK                                    0x20002578   Section     1024  startup_stm32f103xb.o(STACK)

    Global Symbols

    Symbol Name                              Value     Ov Type        Size  Object(Section)

    BuildAttributes$$THM_ISAv4$P$D$K$B$S$PE$A:L22UL41UL21$X:L11$S22US41US21$IEEE1$IW$USESV6$~STKCKD$USESV7$~SHL$OTIME$ROPI$EBA8$MICROLIB$REQ8$PRES8$EABIv2 0x00000000   Number         0  anon$$obj.o ABSOLUTE
    __ARM_use_no_argv                        0x00000000   Number         0  main.o ABSOLUTE
    _printf_a                                0x00000000   Number         0  stubs.o ABSOLUTE
    _printf_c                                0x00000000   Number         0  stubs.o ABSOLUTE
    _printf_charcount                        0x00000000   Number         0  stubs.o ABSOLUTE
    _printf_d                                0x00000000   Number         0  stubs.o ABSOLUTE
    _printf_e                                0x00000000   Number         0  stubs.o ABSOLUTE
    _printf_f                                0x00000000   Number         0  stubs.o ABSOLUTE
    _printf_flags                            0x00000000   Number         0  stubs.o ABSOLUTE
    _printf_fp_dec                           0x00000000   Number         0  stubs.o ABSOLUTE
    _printf_fp_hex                           0x00000000   Number         0  stubs.o ABSOLUTE
    _printf_g                                0x00000000   Number         0  stubs.o ABSOLUTE
    _printf_i                                0x00000000   Number         0  stubs.o ABSOLUTE
    _printf_int_dec                          0x00000000   Number         0  stubs.o ABSOLUTE
    _printf_l                                0x00000000   Number         0  stubs.o ABSOLUTE
    _printf_lc                               0x00000000   Number         0  stubs.o ABSOLUTE
    _printf_ll                               0x00000000   Number         0  stubs.o ABSOLUTE
    _printf_lld                              0x00000000   Number         0  stubs.o ABSOLUTE
    _printf_lli                              0x00000000   Number         0  stubs.o ABSOLUTE
    _printf_llo                              0x00000000   Number         0  stubs.o ABSOLUTE
    _printf_llu                              0x00000000   Number         0  stubs.o ABSOLUTE
    _printf_llx                              0x00000000   Number         0  stubs.o ABSOLUTE
    _printf_longlong_dec                     0x00000000   Number         0  stubs.o ABSOLUTE
    _printf_longlong_hex                     0x00000000   Number         0  stubs.o ABSOLUTE
    _printf_longlong_oct                     0x00000000   Number         0  stubs.o ABSOLUTE
    _printf_ls                               0x00000000   Number         0  stubs.o ABSOLUTE
    _printf_mbtowc                           0x00000000   Number         0  stubs.o ABSOLUTE
    _printf_n                                0x00000000   Number         0  stubs.o ABSOLUTE
    _printf_o                                0x00000000   Number         0  stubs.o ABSOLUTE
    _printf_p                                0x00000000   Number         0  stubs.o ABSOLUTE
    _printf_percent                          0x00000000   Number         0  stubs.o ABSOLUTE
    _printf_pre_padding                      0x00000000   Number         0  stubs.o ABSOLUTE
    _printf_return_value                     0x00000000   Number         0  stubs.o ABSOLUTE
    _printf_s                                0x00000000   Number         0  stubs.o ABSOLUTE
    _printf_sizespec                         0x00000000   Number         0  stubs.o ABSOLUTE
    _printf_str                              0x00000000   Number         0  stubs.o ABSOLUTE
    _printf_truncate_signed                  0x00000000   Number         0  stubs.o ABSOLUTE
    _printf_truncate_unsigned                0x00000000   Number         0  stubs.o ABSOLUTE
    _printf_u                                0x00000000   Number         0  stubs.o ABSOLUTE
    _printf_wc                               0x00000000   Number         0  stubs.o ABSOLUTE
    _printf_wctomb                           0x00000000   Number         0  stubs.o ABSOLUTE
    _printf_widthprec                        0x00000000   Number         0  stubs.o ABSOLUTE
    _printf_x                                0x00000000   Number         0  stubs.o ABSOLUTE
    __cpp_initialize__aeabi_                  - Undefined Weak Reference
    __cxa_finalize                            - Undefined Weak Reference
    __decompress                              - Undefined Weak Reference
    _clock_init                               - Undefined Weak Reference
    _microlib_exit                            - Undefined Weak Reference
    __Vectors_Size                           0x000000ec   Number         0  startup_stm32f103xb.o ABSOLUTE
    __Vectors                                0x08000000   Data           4  startup_stm32f103xb.o(RESET)
    __Vectors_End                            0x080000ec   Data           0  startup_stm32f103xb.o(RESET)
    __main                                   0x080000ed   Thumb Code     0  entry.o(.ARM.Collect$$$$00000000)
    _main_stk                                0x080000ed   Thumb Code     0  entry2.o(.ARM.Collect$$$$00000001)
    _main_scatterload                        0x080000f1   Thumb Code     0  entry5.o(.ARM.Collect$$$$00000004)
    __main_after_scatterload                 0x080000f5   Thumb Code     0  entry5.o(.ARM.Collect$$$$00000004)
    _main_clock                              0x080000f5   Thumb Code     0  entry7b.o(.ARM.Collect$$$$00000008)
    _main_cpp_init                           0x080000f5   Thumb Code     0  entry8b.o(.ARM.Collect$$$$0000000A)
    _main_init                               0x080000f5   Thumb Code     0  entry9a.o(.ARM.Collect$$$$0000000B)
    __rt_final_cpp                           0x080000fd   Thumb Code     0  entry10a.o(.ARM.Collect$$$$0000000D)
    __rt_final_exit                          0x080000fd   Thumb Code     0  entry11a.o(.ARM.Collect$$$$0000000F)
    Reset_Handler                            0x08000101   Thumb Code     8  startup_stm32f103xb.o(.text)
    ADC1_2_IRQHandler                        0x0800011b   Thumb Code     0  startup_stm32f103xb.o(.text)
    CAN1_RX1_IRQHandler                      0x0800011b   Thumb Code     0  startup_stm32f103xb.o(.text)
    CAN1_SCE_IRQHandler                      0x0800011b   Thumb Code     0  startup_stm32f103xb.o(.text)
    DMA1_Channel2_IRQHandler                 0x0800011b   Thumb Code     0  startup_stm32f103xb.o(.text)
    DMA1_Channel3_IRQHandler                 0x0800011b   Thumb Code     0  startup_stm32f103xb.o(.text)
    DMA1_Channel4_IRQHandler                 0x0800011b   Thumb Code     0  startup_stm32f103xb.o(.text)
    DMA1_Channel5_IRQHandler                 0x0800011b   Thumb Code     0  startup_stm32f103xb.o(.text)
    DMA1_Channel6_IRQHandler                 0x0800011b   Thumb Code     0  startup_stm32f103xb.o(.text)
    DMA1_Channel7_IRQHandler                 0x0800011b   Thumb Code     0  startup_stm32f103xb.o(.text)
    EXTI0_IRQHandler                         0x0800011b   Thumb Code     0  startup_stm32f103xb.o(.text)
    EXTI15_10_IRQHandler                     0x0800011b   Thumb Code     0  startup_stm32f103xb.o(.text)
    EXTI1_IRQHandler                         0x0800011b   Thumb Code     0  startup_stm32f103xb.o(.text)
    EXTI2_IRQHandler                         0x0800011b   Thumb Code     0  startup_stm32f103xb.o(.text)
    EXTI3_IRQHandler                         0x0800011b   Thumb Code     0  startup_stm32f103xb.o(.text)
    EXTI4_IRQHandler                         0x0800011b   Thumb Code     0  startup_stm32f103xb.o(.text)
    EXTI9_5_IRQHandler                       0x0800011b   Thumb Code     0  startup_stm32f103xb.o(.text)
    FLASH_IRQHandler                         0x0800011b   Thumb Code     0  startup_stm32f103xb.o(.text)
    I2C1_ER_IRQHandler                       0x0800011b   Thumb Code     0  startup_stm32f103xb.o(.text)
    I2C1_EV_IRQHandler                       0x0800011b   Thumb Code     0  startup_stm32f103xb.o(.text)
    I2C2_ER_IRQHandler                       0x0800011b   Thumb Code     0  startup_stm32f103xb.o(.text)
    I2C2_EV_IRQHandler                       0x0800011b   Thumb Code     0  startup_stm32f103xb.o(.text)
    PVD_IRQHandler                           0x0800011b   Thumb Code     0  startup_stm32f103xb.o(.text)
    RCC_IRQHandler                           0x0800011b   Thumb Code     0  startup_stm32f103xb.o(.text)
    RTC_Alarm_IRQHandler                     0x0800011b   Thumb Code     0  startup_stm32f103xb.o(.text)
    RTC_IRQHandler                           0x0800011b   Thumb Code     0  startup_stm32f103xb.o(.text)
    SPI1_IRQHandler                          0x0800011b   Thumb Code     0  startup_stm32f103xb.o(.text)
    SPI2_IRQHandler                          0x0800011b   Thumb Code     0  startup_stm32f103xb.o(.text)
    TAMPER_IRQHandler                        0x0800011b   Thumb Code     0  startup_stm32f103xb.o(.text)
    TIM1_BRK_IRQHandler                      0x0800011b   Thumb Code     0  startup_stm32f103xb.o(.text)
    TIM1_CC_IRQHandler                       0x0800011b   Thumb Code     0  startup_stm32f103xb.o(.text)
    TIM1_TRG_COM_IRQHandler                  0x0800011b   Thumb Code     0  startup_stm32f103xb.o(.text)
    TIM1_UP_IRQHandler                       0x0800011b   Thumb Code     0  startup_stm32f103xb.o(.text)
    TIM2_IRQHandler                          0x0800011b   Thumb Code     0  startup_stm32f103xb.o(.text)
    TIM3_IRQHandler                          0x0800011b   Thumb Code     0  startup_stm32f103xb.o(.text)
    TIM4_IRQHandler                          0x0800011b   Thumb Code     0  startup_stm32f103xb.o(.text)
    USART1_IRQHandler                        0x0800011b   Thumb Code     0  startup_stm32f103xb.o(.text)
    USART2_IRQHandler                        0x0800011b   Thumb Code     0  startup_stm32f103xb.o(.text)
    USART3_IRQHandler                        0x0800011b   Thumb Code     0  startup_stm32f103xb.o(.text)
    USBWakeUp_IRQHandler                     0x0800011b   Thumb Code     0  startup_stm32f103xb.o(.text)
    USB_HP_CAN1_TX_IRQHandler                0x0800011b   Thumb Code     0  startup_stm32f103xb.o(.text)
    USB_LP_CAN1_RX0_IRQHandler               0x0800011b   Thumb Code     0  startup_stm32f103xb.o(.text)
    WWDG_IRQHandler                          0x0800011b   Thumb Code     0  startup_stm32f103xb.o(.text)
    __aeabi_memcpy                           0x08000125   Thumb Code    36  memcpya.o(.text)
    __aeabi_memcpy4                          0x08000125   Thumb Code     0  memcpya.o(.text)
    __aeabi_memcpy8                          0x08000125   Thumb Code     0  memcpya.o(.text)
    __aeabi_memset                           0x08000149   Thumb Code    14  memseta.o(.text)
    __aeabi_memset4                          0x08000149   Thumb Code     0  memseta.o(.text)
    __aeabi_memset8                          0x08000149   Thumb Code     0  memseta.o(.text)
    __aeabi_memclr                           0x08000157   Thumb Code     4  memseta.o(.text)
    __aeabi_memclr4                          0x08000157   Thumb Code     0  memseta.o(.text)
    __aeabi_memclr8                          0x08000157   Thumb Code     0  memseta.o(.text)
    _memset$wrapper                          0x0800015b   Thumb Code    18  memseta.o(.text)
    strlen                                   0x0800016d   Thumb Code    14  strlen.o(.text)
    __aeabi_uidiv                            0x0800017b   Thumb Code     0  uidiv.o(.text)
    __aeabi_uidivmod                         0x0800017b   Thumb Code    44  uidiv.o(.text)
    __scatterload                            0x080001a9   Thumb Code    28  init.o(.text)
    __scatterload_rt2                        0x080001a9   Thumb Code     0  init.o(.text)
    ADC_ConversionStop_Disable               0x080001cd   Thumb Code    92  stm32f1xx_hal_adc.o(i.ADC_ConversionStop_Disable)
    ADC_DMAConvCplt                          0x08000229   Thumb Code    82  stm32f1xx_hal_adc.o(i.ADC_DMAConvCplt)
    ADC_DMAError                             0x0800027b   Thumb Code    26  stm32f1xx_hal_adc.o(i.ADC_DMAError)
    ADC_DMAHalfConvCplt                      0x08000295   Thumb Code    10  stm32f1xx_hal_adc.o(i.ADC_DMAHalfConvCplt)
    ADC_Enable                               0x080002a1   Thumb Code   128  stm32f1xx_hal_adc.o(i.ADC_Enable)
    BusFault_Handler                         0x08000329   Thumb Code     2  stm32f1xx_it.o(i.BusFault_Handler)
    DMA1_Channel1_IRQHandler                 0x08000349   Thumb Code     6  stm32f1xx_it.o(i.DMA1_Channel1_IRQHandler)
    DebugMon_Handler                         0x0800038d   Thumb Code     2  stm32f1xx_it.o(i.DebugMon_Handler)
    Error_Handler                            0x0800038f   Thumb Code     2  main.o(i.Error_Handler)
    FATFS_LinkDriver                         0x08000391   Thumb Code     6  ff_gen_drv.o(i.FATFS_LinkDriver)
    FATFS_LinkDriverEx                       0x08000399   Thumb Code    66  ff_gen_drv.o(i.FATFS_LinkDriverEx)
    HAL_ADC_ConfigChannel                    0x080003e1   Thumb Code   286  stm32f1xx_hal_adc.o(i.HAL_ADC_ConfigChannel)
    HAL_ADC_ConvCpltCallback                 0x08000509   Thumb Code    48  joystick.o(i.HAL_ADC_ConvCpltCallback)
    HAL_ADC_ConvHalfCpltCallback             0x0800053d   Thumb Code     2  stm32f1xx_hal_adc.o(i.HAL_ADC_ConvHalfCpltCallback)
    HAL_ADC_ErrorCallback                    0x0800053f   Thumb Code     2  stm32f1xx_hal_adc.o(i.HAL_ADC_ErrorCallback)
    HAL_ADC_Init                             0x08000541   Thumb Code   284  stm32f1xx_hal_adc.o(i.HAL_ADC_Init)
    HAL_ADC_MspInit                          0x08000665   Thumb Code   120  stm32f1xx_hal_msp.o(i.HAL_ADC_MspInit)
    HAL_ADC_Start_DMA                        0x080006f1   Thumb Code   282  stm32f1xx_hal_adc.o(i.HAL_ADC_Start_DMA)
    HAL_DMA_IRQHandler                       0x08000821   Thumb Code   338  stm32f1xx_hal_dma.o(i.HAL_DMA_IRQHandler)
    HAL_DMA_Init                             0x08000991   Thumb Code   118  stm32f1xx_hal_dma.o(i.HAL_DMA_Init)
    HAL_DMA_Start_IT                         0x08000a15   Thumb Code   124  stm32f1xx_hal_dma.o(i.HAL_DMA_Start_IT)
    HAL_Delay                                0x08000a91   Thumb Code    32  stm32f1xx_hal.o(i.HAL_Delay)
    HAL_GPIO_Init                            0x08000ab5   Thumb Code   492  stm32f1xx_hal_gpio.o(i.HAL_GPIO_Init)
    HAL_GPIO_ReadPin                         0x08000cad   Thumb Code    14  stm32f1xx_hal_gpio.o(i.HAL_GPIO_ReadPin)
    HAL_GPIO_WritePin                        0x08000cbb   Thumb Code    14  stm32f1xx_hal_gpio.o(i.HAL_GPIO_WritePin)
    HAL_GetTick                              0x08000cc9   Thumb Code     6  stm32f1xx_hal.o(i.HAL_GetTick)
    HAL_I2C_Init                             0x08000cd5   Thumb Code   398  stm32f1xx_hal_i2c.o(i.HAL_I2C_Init)
    HAL_I2C_Master_Transmit                  0x08000e75   Thumb Code   344  stm32f1xx_hal_i2c.o(i.HAL_I2C_Master_Transmit)
    HAL_I2C_MspInit                          0x08000fd5   Thumb Code   134  stm32f1xx_hal_msp.o(i.HAL_I2C_MspInit)
    HAL_IncTick                              0x0800106d   Thumb Code    12  stm32f1xx_hal.o(i.HAL_IncTick)
    HAL_Init                                 0x0800107d   Thumb Code    32  stm32f1xx_hal.o(i.HAL_Init)
    HAL_InitTick                             0x080010a1   Thumb Code    58  stm32f1xx_hal.o(i.HAL_InitTick)
    HAL_MspInit                              0x080010e5   Thumb Code    52  stm32f1xx_hal_msp.o(i.HAL_MspInit)
    HAL_NVIC_EnableIRQ                       0x08001121   Thumb Code    30  stm32f1xx_hal_cortex.o(i.HAL_NVIC_EnableIRQ)
    HAL_NVIC_SetPriority                     0x08001141   Thumb Code    94  stm32f1xx_hal_cortex.o(i.HAL_NVIC_SetPriority)
    HAL_NVIC_SetPriorityGrouping             0x080011ad   Thumb Code    30  stm32f1xx_hal_cortex.o(i.HAL_NVIC_SetPriorityGrouping)
    HAL_RCCEx_PeriphCLKConfig                0x080011d1   Thumb Code   290  stm32f1xx_hal_rcc_ex.o(i.HAL_RCCEx_PeriphCLKConfig)
    HAL_RCC_ClockConfig                      0x08001301   Thumb Code   364  stm32f1xx_hal_rcc.o(i.HAL_RCC_ClockConfig)
    HAL_RCC_GetHCLKFreq                      0x08001481   Thumb Code     6  stm32f1xx_hal_rcc.o(i.HAL_RCC_GetHCLKFreq)
    HAL_RCC_GetPCLK1Freq                     0x0800148d   Thumb Code    22  stm32f1xx_hal_rcc.o(i.HAL_RCC_GetPCLK1Freq)
    HAL_RCC_GetPCLK2Freq                     0x080014ad   Thumb Code    22  stm32f1xx_hal_rcc.o(i.HAL_RCC_GetPCLK2Freq)
    HAL_RCC_GetSysClockFreq                  0x080014cd   Thumb Code    88  stm32f1xx_hal_rcc.o(i.HAL_RCC_GetSysClockFreq)
    HAL_RCC_OscConfig                        0x08001545   Thumb Code  1068  stm32f1xx_hal_rcc.o(i.HAL_RCC_OscConfig)
    HAL_SPI_Init                             0x08001971   Thumb Code   180  stm32f1xx_hal_spi.o(i.HAL_SPI_Init)
    HAL_SPI_MspInit                          0x08001a25   Thumb Code    98  stm32f1xx_hal_msp.o(i.HAL_SPI_MspInit)
    HAL_SPI_Transmit                         0x08001a95   Thumb Code   408  stm32f1xx_hal_spi.o(i.HAL_SPI_Transmit)
    HAL_SPI_TransmitReceive                  0x08001c2d   Thumb Code   498  stm32f1xx_hal_spi.o(i.HAL_SPI_TransmitReceive)
    HAL_SYSTICK_Config                       0x08001e21   Thumb Code    36  stm32f1xx_hal_cortex.o(i.HAL_SYSTICK_Config)
    HAL_TIMEx_MasterConfigSynchronization    0x08001e49   Thumb Code   106  stm32f1xx_hal_tim_ex.o(i.HAL_TIMEx_MasterConfigSynchronization)
    HAL_TIM_Base_Init                        0x08001eb3   Thumb Code    92  stm32f1xx_hal_tim.o(i.HAL_TIM_Base_Init)
    HAL_TIM_Base_MspInit                     0x08001f11   Thumb Code    30  stm32f1xx_hal_msp.o(i.HAL_TIM_Base_MspInit)
    HAL_TIM_ConfigClockSource                0x08001f35   Thumb Code   228  stm32f1xx_hal_tim.o(i.HAL_TIM_ConfigClockSource)
    HAL_TIM_MspPostInit                      0x08002019   Thumb Code    80  stm32f1xx_hal_msp.o(i.HAL_TIM_MspPostInit)
    HAL_TIM_PWM_ConfigChannel                0x08002075   Thumb Code   210  stm32f1xx_hal_tim.o(i.HAL_TIM_PWM_ConfigChannel)
    HAL_TIM_PWM_Init                         0x08002147   Thumb Code    92  stm32f1xx_hal_tim.o(i.HAL_TIM_PWM_Init)
    HAL_TIM_PWM_MspInit                      0x080021a3   Thumb Code     2  stm32f1xx_hal_tim.o(i.HAL_TIM_PWM_MspInit)
    HAL_TIM_PWM_Start                        0x080021a5   Thumb Code   164  stm32f1xx_hal_tim.o(i.HAL_TIM_PWM_Start)
    HAL_TIM_PWM_Stop                         0x0800224d   Thumb Code   114  stm32f1xx_hal_tim.o(i.HAL_TIM_PWM_Stop)
    HAL_UART_Init                            0x080022bf   Thumb Code   100  stm32f1xx_hal_uart.o(i.HAL_UART_Init)
    HAL_UART_MspInit                         0x08002325   Thumb Code   156  stm32f1xx_hal_msp.o(i.HAL_UART_MspInit)
    HAL_UART_Receive                         0x080023d1   Thumb Code   212  stm32f1xx_hal_uart.o(i.HAL_UART_Receive)
    HAL_UART_Transmit                        0x080024a5   Thumb Code   202  stm32f1xx_hal_uart.o(i.HAL_UART_Transmit)
    HardFault_Handler                        0x0800256f   Thumb Code     2  stm32f1xx_it.o(i.HardFault_Handler)
    MAP                                      0x0800288b   Thumb Code    20  joystick.o(i.MAP)
    MX_FATFS_Init                            0x080028f1   Thumb Code    16  fatfs.o(i.MX_FATFS_Init)
    MemManage_Handler                        0x08002a3d   Thumb Code     2  stm32f1xx_it.o(i.MemManage_Handler)
    NMI_Handler                              0x08002a3f   Thumb Code     2  stm32f1xx_it.o(i.NMI_Handler)
    PendSV_Handler                           0x08002a41   Thumb Code     2  stm32f1xx_it.o(i.PendSV_Handler)
    SD_disk_initialize                       0x08002c11   Thumb Code   298  fatfs_sd.o(i.SD_disk_initialize)
    SD_disk_ioctl                            0x08002d41   Thumb Code   314  fatfs_sd.o(i.SD_disk_ioctl)
    SD_disk_read                             0x08002e81   Thumb Code   146  fatfs_sd.o(i.SD_disk_read)
    SD_disk_status                           0x08002f19   Thumb Code    12  fatfs_sd.o(i.SD_disk_status)
    SD_disk_write                            0x08002f29   Thumb Code   178  fatfs_sd.o(i.SD_disk_write)
    SVC_Handler                              0x08003161   Thumb Code     2  stm32f1xx_it.o(i.SVC_Handler)
    SysTick_Handler                          0x08003165   Thumb Code    24  stm32f1xx_it.o(i.SysTick_Handler)
    SystemClock_Config                       0x08003185   Thumb Code    96  main.o(i.SystemClock_Config)
    SystemInit                               0x080031e5   Thumb Code     2  system_stm32f1xx.o(i.SystemInit)
    TIM_Base_SetConfig                       0x080031e9   Thumb Code   106  stm32f1xx_hal_tim.o(i.TIM_Base_SetConfig)
    TIM_CCxChannelCmd                        0x08003261   Thumb Code    30  stm32f1xx_hal_tim.o(i.TIM_CCxChannelCmd)
    TIM_ETR_SetConfig                        0x0800327f   Thumb Code    22  stm32f1xx_hal_tim.o(i.TIM_ETR_SetConfig)
    TIM_OC2_SetConfig                        0x0800330d   Thumb Code   100  stm32f1xx_hal_tim.o(i.TIM_OC2_SetConfig)
    USER_initialize                          0x08003583   Thumb Code     4  user_diskio.o(i.USER_initialize)
    USER_ioctl                               0x08003587   Thumb Code     4  user_diskio.o(i.USER_ioctl)
    USER_read                                0x0800358b   Thumb Code     4  user_diskio.o(i.USER_read)
    USER_status                              0x0800358f   Thumb Code     4  user_diskio.o(i.USER_status)
    USER_write                               0x08003593   Thumb Code     4  user_diskio.o(i.USER_write)
    UsageFault_Handler                       0x08003597   Thumb Code     2  stm32f1xx_it.o(i.UsageFault_Handler)
    __0snprintf$6                            0x08003599   Thumb Code    44  printf6.o(i.__0snprintf$6)
    __1snprintf$6                            0x08003599   Thumb Code     0  printf6.o(i.__0snprintf$6)
    __2snprintf                              0x08003599   Thumb Code     0  printf6.o(i.__0snprintf$6)
    __scatterload_copy                       0x080035c9   Thumb Code    14  handlers.o(i.__scatterload_copy)
    __scatterload_null                       0x080035d7   Thumb Code     2  handlers.o(i.__scatterload_null)
    __scatterload_zeroinit                   0x080035d9   Thumb Code    14  handlers.o(i.__scatterload_zeroinit)
    addFinger                                0x08003941   Thumb Code    66  finger.o(i.addFinger)
    beep                                     0x08003995   Thumb Code    82  buzz.o(i.beep)
    clust2sect                               0x08003b63   Thumb Code    28  ff.o(i.clust2sect)
    collectFinger                            0x08003c09   Thumb Code   202  finger.o(i.collectFinger)
    collect_finger                           0x08003d61   Thumb Code    40  finger.o(i.collect_finger)
    deleteAllFinger                          0x08004085   Thumb Code    26  finger.o(i.deleteAllFinger)
    disk_initialize                          0x080044f9   Thumb Code    38  diskio.o(i.disk_initialize)
    disk_ioctl                               0x08004525   Thumb Code    22  diskio.o(i.disk_ioctl)
    disk_read                                0x08004541   Thumb Code    28  diskio.o(i.disk_read)
    disk_status                              0x08004561   Thumb Code    18  diskio.o(i.disk_status)
    disk_write                               0x08004579   Thumb Code    28  diskio.o(i.disk_write)
    empty                                    0x08004599   Thumb Code    32  finger.o(i.empty)
    f_close                                  0x080045f1   Thumb Code    44  ff.o(i.f_close)
    f_lseek                                  0x0800461d   Thumb Code   728  ff.o(i.f_lseek)
    f_mount                                  0x080048f5   Thumb Code   106  ff.o(i.f_mount)
    f_open                                   0x08004965   Thumb Code   492  ff.o(i.f_open)
    f_sync                                   0x08004b55   Thumb Code   174  ff.o(i.f_sync)
    f_write                                  0x08004c03   Thumb Code   486  ff.o(i.f_write)
    ff_convert                               0x08004de9   Thumb Code    52  ccsbcs.o(i.ff_convert)
    ff_wtoupper                              0x08004e21   Thumb Code    34  ccsbcs.o(i.ff_wtoupper)
    get_fat                                  0x08005373   Thumb Code   252  ff.o(i.get_fat)
    get_fattime                              0x0800546f   Thumb Code     4  fatfs.o(i.get_fattime)
    get_joystick_position                    0x08005475   Thumb Code    42  joystick.o(i.get_joystick_position)
    img2tz                                   0x080054f9   Thumb Code    52  finger.o(i.img2tz)
    joystick_init                            0x080055f1   Thumb Code     8  joystick.o(i.joystick_init)
    lcd_clear                                0x080055fd   Thumb Code    24  i2c-lcd.o(i.lcd_clear)
    lcd_put_cur                              0x08005615   Thumb Code    24  i2c-lcd.o(i.lcd_put_cur)
    lcd_send_cmd                             0x0800562d   Thumb Code    58  i2c-lcd.o(i.lcd_send_cmd)
    lcd_send_data                            0x0800566d   Thumb Code    58  i2c-lcd.o(i.lcd_send_data)
    main                                     0x080056d1   Thumb Code   372  main.o(i.main)
    match                                    0x08005869   Thumb Code    52  finger.o(i.match)
    put_fat                                  0x0800591d   Thumb Code   308  ff.o(i.put_fat)
    receive_finger                           0x08005a51   Thumb Code    44  finger.o(i.receive_finger)
    receive_finger_match                     0x08005a81   Thumb Code    44  finger.o(i.receive_finger_match)
    receive_finger_search                    0x08005ab1   Thumb Code    52  finger.o(i.receive_finger_search)
    regmodel                                 0x08005aed   Thumb Code    32  finger.o(i.regmodel)
    search                                   0x08005b85   Thumb Code    38  finger.o(i.search)
    sendlcd                                  0x08005bc5   Thumb Code    66  i2c-lcd.o(i.sendlcd)
    sendlcdint                               0x08005c09   Thumb Code    22  i2c-lcd.o(i.sendlcdint)
    store                                    0x08005c35   Thumb Code    46  finger.o(i.store)
    testsdcard                               0x08005d95   Thumb Code   112  main.o(i.testsdcard)
    verify_fingerprint                       0x08005ea9   Thumb Code    68  finger.o(i.verify_fingerprint)
    AHBPrescTable                            0x08005f0a   Data          16  system_stm32f1xx.o(.constdata)
    APBPrescTable                            0x08005f1a   Data           8  system_stm32f1xx.o(.constdata)
    Region$$Table$$Base                      0x0800649c   Number         0  anon$$obj.o(Region$$Table)
    Region$$Table$$Limit                     0x080064bc   Number         0  anon$$obj.o(Region$$Table)
    button                                   0x20000000   Data           1  joystick.o(.data)
    joystick_X                               0x20000004   Data           4  joystick.o(.data)
    joystick_Y                               0x20000008   Data           4  joystick.o(.data)
    value                                    0x2000000c   Data           8  joystick.o(.data)
    tmp                                      0x20000014   Data           1  finger.o(.data)
    pID                                      0x20000015   Data           1  finger.o(.data)
    Timer1                                   0x2000001a   Data           2  fatfs_sd.o(.data)
    Timer2                                   0x2000001c   Data           2  fatfs_sd.o(.data)
    IDFunc                                   0x20000020   Data           4  main.o(.data)
    IDFinger                                 0x20000024   Data           4  main.o(.data)
    datetime_str                             0x20000028   Data           4  main.o(.data)
    functions                                0x2000002c   Data          80  main.o(.data)
    uwTickFreq                               0x2000007c   Data           1  stm32f1xx_hal.o(.data)
    uwTickPrio                               0x20000080   Data           4  stm32f1xx_hal.o(.data)
    uwTick                                   0x20000084   Data           4  stm32f1xx_hal.o(.data)
    SystemCoreClock                          0x20000088   Data           4  system_stm32f1xx.o(.data)
    USER_Driver                              0x2000008c   Data          20  user_diskio.o(.data)
    retUSER                                  0x200000a0   Data           1  fatfs.o(.data)
    USERPath                                 0x200000a1   Data           4  fatfs.o(.data)
    hadc1                                    0x200000b0   Data          48  main.o(.bss)
    hi2c1                                    0x200000e0   Data          84  main.o(.bss)
    hi2c2                                    0x20000134   Data          84  main.o(.bss)
    hspi1                                    0x20000188   Data          88  main.o(.bss)
    htim2                                    0x200001e0   Data          72  main.o(.bss)
    huart1                                   0x20000228   Data          68  main.o(.bss)
    huart2                                   0x2000026c   Data          68  main.o(.bss)
    fs                                       0x200002b0   Data        4144  main.o(.bss)
    fil                                      0x200012e0   Data        4140  main.o(.bss)
    hdma_adc1                                0x2000230c   Data          68  main.o(.bss)
    disk                                     0x20002568   Data          12  ff_gen_drv.o(.bss)
    __initial_sp                             0x20002978   Data           0  startup_stm32f103xb.o(STACK)



==============================================================================

Memory Map of the image

  Image Entry point : 0x080000ed

  Load Region LR_IROM1 (Base: 0x08000000, Size: 0x0000656c, Max: 0x00010000, ABSOLUTE)

    Execution Region ER_IROM1 (Exec base: 0x08000000, Load base: 0x08000000, Size: 0x000064bc, Max: 0x00010000, ABSOLUTE)

    Exec Addr    Load Addr    Size         Type   Attr      Idx    E Section Name        Object

    0x08000000   0x08000000   0x000000ec   Data   RO            3    RESET               startup_stm32f103xb.o
    0x080000ec   0x080000ec   0x00000000   Code   RO         5082  * .ARM.Collect$$$$00000000  mc_w.l(entry.o)
    0x080000ec   0x080000ec   0x00000004   Code   RO         5386    .ARM.Collect$$$$00000001  mc_w.l(entry2.o)
    0x080000f0   0x080000f0   0x00000004   Code   RO         5389    .ARM.Collect$$$$00000004  mc_w.l(entry5.o)
    0x080000f4   0x080000f4   0x00000000   Code   RO         5391    .ARM.Collect$$$$00000008  mc_w.l(entry7b.o)
    0x080000f4   0x080000f4   0x00000000   Code   RO         5393    .ARM.Collect$$$$0000000A  mc_w.l(entry8b.o)
    0x080000f4   0x080000f4   0x00000008   Code   RO         5394    .ARM.Collect$$$$0000000B  mc_w.l(entry9a.o)
    0x080000fc   0x080000fc   0x00000000   Code   RO         5396    .ARM.Collect$$$$0000000D  mc_w.l(entry10a.o)
    0x080000fc   0x080000fc   0x00000000   Code   RO         5398    .ARM.Collect$$$$0000000F  mc_w.l(entry11a.o)
    0x080000fc   0x080000fc   0x00000004   Code   RO         5387    .ARM.Collect$$$$00002712  mc_w.l(entry2.o)
    0x08000100   0x08000100   0x00000024   Code   RO            4    .text               startup_stm32f103xb.o
    0x08000124   0x08000124   0x00000024   Code   RO         5087    .text               mc_w.l(memcpya.o)
    0x08000148   0x08000148   0x00000024   Code   RO         5089    .text               mc_w.l(memseta.o)
    0x0800016c   0x0800016c   0x0000000e   Code   RO         5091    .text               mc_w.l(strlen.o)
    0x0800017a   0x0800017a   0x0000002c   Code   RO         5403    .text               mc_w.l(uidiv.o)
    0x080001a6   0x080001a6   0x00000002   PAD
    0x080001a8   0x080001a8   0x00000024   Code   RO         5420    .text               mc_w.l(init.o)
    0x080001cc   0x080001cc   0x0000005c   Code   RO         1001    i.ADC_ConversionStop_Disable  stm32f1xx_hal_adc.o
    0x08000228   0x08000228   0x00000052   Code   RO         1002    i.ADC_DMAConvCplt   stm32f1xx_hal_adc.o
    0x0800027a   0x0800027a   0x0000001a   Code   RO         1003    i.ADC_DMAError      stm32f1xx_hal_adc.o
    0x08000294   0x08000294   0x0000000a   Code   RO         1004    i.ADC_DMAHalfConvCplt  stm32f1xx_hal_adc.o
    0x0800029e   0x0800029e   0x00000002   PAD
    0x080002a0   0x080002a0   0x00000088   Code   RO         1005    i.ADC_Enable        stm32f1xx_hal_adc.o
    0x08000328   0x08000328   0x00000002   Code   RO          792    i.BusFault_Handler  stm32f1xx_it.o
    0x0800032a   0x0800032a   0x00000002   PAD
    0x0800032c   0x0800032c   0x0000001c   Code   RO          573    i.DESELECT          fatfs_sd.o
    0x08000348   0x08000348   0x0000000c   Code   RO          793    i.DMA1_Channel1_IRQHandler  stm32f1xx_it.o
    0x08000354   0x08000354   0x00000038   Code   RO         1660    i.DMA_SetConfig     stm32f1xx_hal_dma.o
    0x0800038c   0x0800038c   0x00000002   Code   RO          794    i.DebugMon_Handler  stm32f1xx_it.o
    0x0800038e   0x0800038e   0x00000002   Code   RO          684    i.Error_Handler     main.o
    0x08000390   0x08000390   0x00000006   Code   RO         4973    i.FATFS_LinkDriver  ff_gen_drv.o
    0x08000396   0x08000396   0x00000002   PAD
    0x08000398   0x08000398   0x00000048   Code   RO         4974    i.FATFS_LinkDriverEx  ff_gen_drv.o
    0x080003e0   0x080003e0   0x00000128   Code   RO         1007    i.HAL_ADC_ConfigChannel  stm32f1xx_hal_adc.o
    0x08000508   0x08000508   0x00000034   Code   RO          400    i.HAL_ADC_ConvCpltCallback  joystick.o
    0x0800053c   0x0800053c   0x00000002   Code   RO         1009    i.HAL_ADC_ConvHalfCpltCallback  stm32f1xx_hal_adc.o
    0x0800053e   0x0800053e   0x00000002   Code   RO         1011    i.HAL_ADC_ErrorCallback  stm32f1xx_hal_adc.o
    0x08000540   0x08000540   0x00000124   Code   RO         1016    i.HAL_ADC_Init      stm32f1xx_hal_adc.o
    0x08000664   0x08000664   0x0000008c   Code   RO          875    i.HAL_ADC_MspInit   stm32f1xx_hal_msp.o
    0x080006f0   0x080006f0   0x00000130   Code   RO         1023    i.HAL_ADC_Start_DMA  stm32f1xx_hal_adc.o
    0x08000820   0x08000820   0x00000170   Code   RO         1666    i.HAL_DMA_IRQHandler  stm32f1xx_hal_dma.o
    0x08000990   0x08000990   0x00000084   Code   RO         1667    i.HAL_DMA_Init      stm32f1xx_hal_dma.o
    0x08000a14   0x08000a14   0x0000007c   Code   RO         1671    i.HAL_DMA_Start_IT  stm32f1xx_hal_dma.o
    0x08000a90   0x08000a90   0x00000024   Code   RO         1284    i.HAL_Delay         stm32f1xx_hal.o
    0x08000ab4   0x08000ab4   0x000001f8   Code   RO         1597    i.HAL_GPIO_Init     stm32f1xx_hal_gpio.o
    0x08000cac   0x08000cac   0x0000000e   Code   RO         1599    i.HAL_GPIO_ReadPin  stm32f1xx_hal_gpio.o
    0x08000cba   0x08000cba   0x0000000e   Code   RO         1601    i.HAL_GPIO_WritePin  stm32f1xx_hal_gpio.o
    0x08000cc8   0x08000cc8   0x0000000c   Code   RO         1288    i.HAL_GetTick       stm32f1xx_hal.o
    0x08000cd4   0x08000cd4   0x000001a0   Code   RO         2284    i.HAL_I2C_Init      stm32f1xx_hal_i2c.o
    0x08000e74   0x08000e74   0x00000160   Code   RO         2297    i.HAL_I2C_Master_Transmit  stm32f1xx_hal_i2c.o
    0x08000fd4   0x08000fd4   0x00000098   Code   RO          877    i.HAL_I2C_MspInit   stm32f1xx_hal_msp.o
    0x0800106c   0x0800106c   0x00000010   Code   RO         1294    i.HAL_IncTick       stm32f1xx_hal.o
    0x0800107c   0x0800107c   0x00000024   Code   RO         1295    i.HAL_Init          stm32f1xx_hal.o
    0x080010a0   0x080010a0   0x00000044   Code   RO         1296    i.HAL_InitTick      stm32f1xx_hal.o
    0x080010e4   0x080010e4   0x0000003c   Code   RO          878    i.HAL_MspInit       stm32f1xx_hal_msp.o
    0x08001120   0x08001120   0x0000001e   Code   RO         1757    i.HAL_NVIC_EnableIRQ  stm32f1xx_hal_cortex.o
    0x0800113e   0x0800113e   0x00000002   PAD
    0x08001140   0x08001140   0x0000006c   Code   RO         1763    i.HAL_NVIC_SetPriority  stm32f1xx_hal_cortex.o
    0x080011ac   0x080011ac   0x00000024   Code   RO         1764    i.HAL_NVIC_SetPriorityGrouping  stm32f1xx_hal_cortex.o
    0x080011d0   0x080011d0   0x00000130   Code   RO         1560    i.HAL_RCCEx_PeriphCLKConfig  stm32f1xx_hal_rcc_ex.o
    0x08001300   0x08001300   0x00000180   Code   RO         1452    i.HAL_RCC_ClockConfig  stm32f1xx_hal_rcc.o
    0x08001480   0x08001480   0x0000000c   Code   RO         1457    i.HAL_RCC_GetHCLKFreq  stm32f1xx_hal_rcc.o
    0x0800148c   0x0800148c   0x00000020   Code   RO         1459    i.HAL_RCC_GetPCLK1Freq  stm32f1xx_hal_rcc.o
    0x080014ac   0x080014ac   0x00000020   Code   RO         1460    i.HAL_RCC_GetPCLK2Freq  stm32f1xx_hal_rcc.o
    0x080014cc   0x080014cc   0x00000078   Code   RO         1461    i.HAL_RCC_GetSysClockFreq  stm32f1xx_hal_rcc.o
    0x08001544   0x08001544   0x0000042c   Code   RO         1464    i.HAL_RCC_OscConfig  stm32f1xx_hal_rcc.o
    0x08001970   0x08001970   0x000000b4   Code   RO         2756    i.HAL_SPI_Init      stm32f1xx_hal_spi.o
    0x08001a24   0x08001a24   0x00000070   Code   RO          880    i.HAL_SPI_MspInit   stm32f1xx_hal_msp.o
    0x08001a94   0x08001a94   0x00000198   Code   RO         2764    i.HAL_SPI_Transmit  stm32f1xx_hal_spi.o
    0x08001c2c   0x08001c2c   0x000001f2   Code   RO         2765    i.HAL_SPI_TransmitReceive  stm32f1xx_hal_spi.o
    0x08001e1e   0x08001e1e   0x00000002   PAD
    0x08001e20   0x08001e20   0x00000028   Code   RO         1768    i.HAL_SYSTICK_Config  stm32f1xx_hal_cortex.o
    0x08001e48   0x08001e48   0x0000006a   Code   RO         3803    i.HAL_TIMEx_MasterConfigSynchronization  stm32f1xx_hal_tim_ex.o
    0x08001eb2   0x08001eb2   0x0000005c   Code   RO         3069    i.HAL_TIM_Base_Init  stm32f1xx_hal_tim.o
    0x08001f0e   0x08001f0e   0x00000002   PAD
    0x08001f10   0x08001f10   0x00000024   Code   RO          882    i.HAL_TIM_Base_MspInit  stm32f1xx_hal_msp.o
    0x08001f34   0x08001f34   0x000000e4   Code   RO         3078    i.HAL_TIM_ConfigClockSource  stm32f1xx_hal_tim.o
    0x08002018   0x08002018   0x0000005c   Code   RO          883    i.HAL_TIM_MspPostInit  stm32f1xx_hal_msp.o
    0x08002074   0x08002074   0x000000d2   Code   RO         3141    i.HAL_TIM_PWM_ConfigChannel  stm32f1xx_hal_tim.o
    0x08002146   0x08002146   0x0000005c   Code   RO         3144    i.HAL_TIM_PWM_Init  stm32f1xx_hal_tim.o
    0x080021a2   0x080021a2   0x00000002   Code   RO         3146    i.HAL_TIM_PWM_MspInit  stm32f1xx_hal_tim.o
    0x080021a4   0x080021a4   0x000000a8   Code   RO         3149    i.HAL_TIM_PWM_Start  stm32f1xx_hal_tim.o
    0x0800224c   0x0800224c   0x00000072   Code   RO         3152    i.HAL_TIM_PWM_Stop  stm32f1xx_hal_tim.o
    0x080022be   0x080022be   0x00000064   Code   RO         4080    i.HAL_UART_Init     stm32f1xx_hal_uart.o
    0x08002322   0x08002322   0x00000002   PAD
    0x08002324   0x08002324   0x000000ac   Code   RO          885    i.HAL_UART_MspInit  stm32f1xx_hal_msp.o
    0x080023d0   0x080023d0   0x000000d4   Code   RO         4083    i.HAL_UART_Receive  stm32f1xx_hal_uart.o
    0x080024a4   0x080024a4   0x000000ca   Code   RO         4088    i.HAL_UART_Transmit  stm32f1xx_hal_uart.o
    0x0800256e   0x0800256e   0x00000002   Code   RO          795    i.HardFault_Handler  stm32f1xx_it.o
    0x08002570   0x08002570   0x00000032   Code   RO         2327    i.I2C_IsAcknowledgeFailed  stm32f1xx_hal_i2c.o
    0x080025a2   0x080025a2   0x00000002   PAD
    0x080025a4   0x080025a4   0x000000b4   Code   RO         2331    i.I2C_MasterRequestWrite  stm32f1xx_hal_i2c.o
    0x08002658   0x08002658   0x0000005a   Code   RO         2347    i.I2C_WaitOnBTFFlagUntilTimeout  stm32f1xx_hal_i2c.o
    0x080026b2   0x080026b2   0x000000b2   Code   RO         2348    i.I2C_WaitOnFlagUntilTimeout  stm32f1xx_hal_i2c.o
    0x08002764   0x08002764   0x000000cc   Code   RO         2349    i.I2C_WaitOnMasterAddressFlagUntilTimeout  stm32f1xx_hal_i2c.o
    0x08002830   0x08002830   0x0000005a   Code   RO         2353    i.I2C_WaitOnTXEFlagUntilTimeout  stm32f1xx_hal_i2c.o
    0x0800288a   0x0800288a   0x00000014   Code   RO          401    i.MAP               joystick.o
    0x0800289e   0x0800289e   0x00000002   PAD
    0x080028a0   0x080028a0   0x00000050   Code   RO          685    i.MX_ADC1_Init      main.o
    0x080028f0   0x080028f0   0x0000001c   Code   RO         4513    i.MX_FATFS_Init     fatfs.o
    0x0800290c   0x0800290c   0x00000080   Code   RO          686    i.MX_GPIO_Init      main.o
    0x0800298c   0x0800298c   0x00000038   Code   RO          687    i.MX_SPI1_Init      main.o
    0x080029c4   0x080029c4   0x00000078   Code   RO          688    i.MX_TIM2_Init      main.o
    0x08002a3c   0x08002a3c   0x00000002   Code   RO          796    i.MemManage_Handler  stm32f1xx_it.o
    0x08002a3e   0x08002a3e   0x00000002   Code   RO          797    i.NMI_Handler       stm32f1xx_it.o
    0x08002a40   0x08002a40   0x00000002   Code   RO          798    i.PendSV_Handler    stm32f1xx_it.o
    0x08002a42   0x08002a42   0x00000002   PAD
    0x08002a44   0x08002a44   0x00000028   Code   RO         1465    i.RCC_Delay         stm32f1xx_hal_rcc.o
    0x08002a6c   0x08002a6c   0x00000070   Code   RO          574    i.SD_PowerOn        fatfs_sd.o
    0x08002adc   0x08002adc   0x00000020   Code   RO          575    i.SD_ReadyWait      fatfs_sd.o
    0x08002afc   0x08002afc   0x00000044   Code   RO          576    i.SD_RxDataBlock    fatfs_sd.o
    0x08002b40   0x08002b40   0x0000006e   Code   RO          577    i.SD_SendCmd        fatfs_sd.o
    0x08002bae   0x08002bae   0x00000060   Code   RO          578    i.SD_TxDataBlock    fatfs_sd.o
    0x08002c0e   0x08002c0e   0x00000002   PAD
    0x08002c10   0x08002c10   0x00000130   Code   RO          579    i.SD_disk_initialize  fatfs_sd.o
    0x08002d40   0x08002d40   0x00000140   Code   RO          580    i.SD_disk_ioctl     fatfs_sd.o
    0x08002e80   0x08002e80   0x00000098   Code   RO          581    i.SD_disk_read      fatfs_sd.o
    0x08002f18   0x08002f18   0x00000010   Code   RO          582    i.SD_disk_status    fatfs_sd.o
    0x08002f28   0x08002f28   0x000000b8   Code   RO          583    i.SD_disk_write     fatfs_sd.o
    0x08002fe0   0x08002fe0   0x0000001c   Code   RO          584    i.SELECT            fatfs_sd.o
    0x08002ffc   0x08002ffc   0x00000024   Code   RO         2794    i.SPI_EndRxTxTransaction  stm32f1xx_hal_spi.o
    0x08003020   0x08003020   0x0000002c   Code   RO          585    i.SPI_RxByte        fatfs_sd.o
    0x0800304c   0x0800304c   0x0000001c   Code   RO          586    i.SPI_TxBuffer      fatfs_sd.o
    0x08003068   0x08003068   0x00000020   Code   RO          587    i.SPI_TxByte        fatfs_sd.o
    0x08003088   0x08003088   0x000000d8   Code   RO         2799    i.SPI_WaitFlagStateUntilTimeout  stm32f1xx_hal_spi.o
    0x08003160   0x08003160   0x00000002   Code   RO          799    i.SVC_Handler       stm32f1xx_it.o
    0x08003162   0x08003162   0x00000002   PAD
    0x08003164   0x08003164   0x00000020   Code   RO          800    i.SysTick_Handler   stm32f1xx_it.o
    0x08003184   0x08003184   0x00000060   Code   RO          689    i.SystemClock_Config  main.o
    0x080031e4   0x080031e4   0x00000002   Code   RO         4419    i.SystemInit        system_stm32f1xx.o
    0x080031e6   0x080031e6   0x00000002   PAD
    0x080031e8   0x080031e8   0x00000078   Code   RO         3162    i.TIM_Base_SetConfig  stm32f1xx_hal_tim.o
    0x08003260   0x08003260   0x0000001e   Code   RO         3163    i.TIM_CCxChannelCmd  stm32f1xx_hal_tim.o
    0x0800327e   0x0800327e   0x00000016   Code   RO         3173    i.TIM_ETR_SetConfig  stm32f1xx_hal_tim.o
    0x08003294   0x08003294   0x00000010   Code   RO         3174    i.TIM_ITRx_SetConfig  stm32f1xx_hal_tim.o
    0x080032a4   0x080032a4   0x00000068   Code   RO         3175    i.TIM_OC1_SetConfig  stm32f1xx_hal_tim.o
    0x0800330c   0x0800330c   0x00000068   Code   RO         3176    i.TIM_OC2_SetConfig  stm32f1xx_hal_tim.o
    0x08003374   0x08003374   0x00000068   Code   RO         3177    i.TIM_OC3_SetConfig  stm32f1xx_hal_tim.o
    0x080033dc   0x080033dc   0x0000004e   Code   RO         3178    i.TIM_OC4_SetConfig  stm32f1xx_hal_tim.o
    0x0800342a   0x0800342a   0x00000026   Code   RO         3180    i.TIM_TI1_ConfigInputStage  stm32f1xx_hal_tim.o
    0x08003450   0x08003450   0x00000024   Code   RO         3182    i.TIM_TI2_ConfigInputStage  stm32f1xx_hal_tim.o
    0x08003474   0x08003474   0x00000098   Code   RO         4107    i.UART_SetConfig    stm32f1xx_hal_uart.o
    0x0800350c   0x0800350c   0x00000076   Code   RO         4111    i.UART_WaitOnFlagUntilTimeout  stm32f1xx_hal_uart.o
    0x08003582   0x08003582   0x00000004   Code   RO         4456    i.USER_initialize   user_diskio.o
    0x08003586   0x08003586   0x00000004   Code   RO         4457    i.USER_ioctl        user_diskio.o
    0x0800358a   0x0800358a   0x00000004   Code   RO         4458    i.USER_read         user_diskio.o
    0x0800358e   0x0800358e   0x00000004   Code   RO         4459    i.USER_status       user_diskio.o
    0x08003592   0x08003592   0x00000004   Code   RO         4460    i.USER_write        user_diskio.o
    0x08003596   0x08003596   0x00000002   Code   RO          801    i.UsageFault_Handler  stm32f1xx_it.o
    0x08003598   0x08003598   0x00000030   Code   RO         5253    i.__0snprintf$6     mc_w.l(printf6.o)
    0x080035c8   0x080035c8   0x0000000e   Code   RO         5432    i.__scatterload_copy  mc_w.l(handlers.o)
    0x080035d6   0x080035d6   0x00000002   Code   RO         5433    i.__scatterload_null  mc_w.l(handlers.o)
    0x080035d8   0x080035d8   0x0000000e   Code   RO         5434    i.__scatterload_zeroinit  mc_w.l(handlers.o)
    0x080035e6   0x080035e6   0x00000002   PAD
    0x080035e8   0x080035e8   0x000002f0   Code   RO         5259    i._printf_core      mc_w.l(printf6.o)
    0x080038d8   0x080038d8   0x00000024   Code   RO         5260    i._printf_post_padding  mc_w.l(printf6.o)
    0x080038fc   0x080038fc   0x0000002e   Code   RO         5261    i._printf_pre_padding  mc_w.l(printf6.o)
    0x0800392a   0x0800392a   0x00000016   Code   RO         5262    i._snputc           mc_w.l(printf6.o)
    0x08003940   0x08003940   0x00000054   Code   RO          455    i.addFinger         finger.o
    0x08003994   0x08003994   0x00000058   Code   RO          372    i.beep              buzz.o
    0x080039ec   0x080039ec   0x00000090   Code   RO         4606    i.check_fs          ff.o
    0x08003a7c   0x08003a7c   0x00000010   Code   RO         4607    i.chk_chr           ff.o
    0x08003a8c   0x08003a8c   0x0000007c   Code   RO         4608    i.chk_lock          ff.o
    0x08003b08   0x08003b08   0x00000028   Code   RO         4609    i.clear_lock        ff.o
    0x08003b30   0x08003b30   0x00000032   Code   RO         4610    i.clmt_clust        ff.o
    0x08003b62   0x08003b62   0x0000001c   Code   RO         4611    i.clust2sect        ff.o
    0x08003b7e   0x08003b7e   0x00000002   PAD
    0x08003b80   0x08003b80   0x00000088   Code   RO         4612    i.cmp_lfn           ff.o
    0x08003c08   0x08003c08   0x00000158   Code   RO          456    i.collectFinger     finger.o
    0x08003d60   0x08003d60   0x00000038   Code   RO          457    i.collect_finger    finger.o
    0x08003d98   0x08003d98   0x000000b2   Code   RO         4613    i.create_chain      ff.o
    0x08003e4a   0x08003e4a   0x00000002   PAD
    0x08003e4c   0x08003e4c   0x00000200   Code   RO         4614    i.create_name       ff.o
    0x0800404c   0x0800404c   0x00000038   Code   RO         4615    i.dec_lock          ff.o
    0x08004084   0x08004084   0x00000028   Code   RO          458    i.deleteAllFinger   finger.o
    0x080040ac   0x080040ac   0x0000004c   Code   RO         4616    i.dir_alloc         ff.o
    0x080040f8   0x080040f8   0x000000d0   Code   RO         4617    i.dir_find          ff.o
    0x080041c8   0x080041c8   0x00000156   Code   RO         4618    i.dir_next          ff.o
    0x0800431e   0x0800431e   0x00000002   PAD
    0x08004320   0x08004320   0x0000012c   Code   RO         4620    i.dir_register      ff.o
    0x0800444c   0x0800444c   0x000000ac   Code   RO         4622    i.dir_sdi           ff.o
    0x080044f8   0x080044f8   0x0000002c   Code   RO         4551    i.disk_initialize   diskio.o
    0x08004524   0x08004524   0x0000001c   Code   RO         4552    i.disk_ioctl        diskio.o
    0x08004540   0x08004540   0x00000020   Code   RO         4553    i.disk_read         diskio.o
    0x08004560   0x08004560   0x00000018   Code   RO         4554    i.disk_status       diskio.o
    0x08004578   0x08004578   0x00000020   Code   RO         4555    i.disk_write        diskio.o
    0x08004598   0x08004598   0x00000030   Code   RO          459    i.empty             finger.o
    0x080045c8   0x080045c8   0x00000028   Code   RO         4623    i.enq_lock          ff.o
    0x080045f0   0x080045f0   0x0000002c   Code   RO         4625    i.f_close           ff.o
    0x0800461c   0x0800461c   0x000002d8   Code   RO         4629    i.f_lseek           ff.o
    0x080048f4   0x080048f4   0x00000070   Code   RO         4632    i.f_mount           ff.o
    0x08004964   0x08004964   0x000001f0   Code   RO         4633    i.f_open            ff.o
    0x08004b54   0x08004b54   0x000000ae   Code   RO         4642    i.f_sync            ff.o
    0x08004c02   0x08004c02   0x000001e6   Code   RO         4646    i.f_write           ff.o
    0x08004de8   0x08004de8   0x00000038   Code   RO         5053    i.ff_convert        ccsbcs.o
    0x08004e20   0x08004e20   0x0000002c   Code   RO         5054    i.ff_wtoupper       ccsbcs.o
    0x08004e4c   0x08004e4c   0x000003a0   Code   RO         4647    i.find_volume       ff.o
    0x080051ec   0x080051ec   0x00000074   Code   RO         4648    i.fit_lfn           ff.o
    0x08005260   0x08005260   0x0000007a   Code   RO         4649    i.follow_path       ff.o
    0x080052da   0x080052da   0x00000098   Code   RO         4650    i.gen_numname       ff.o
    0x08005372   0x08005372   0x000000fc   Code   RO         4651    i.get_fat           ff.o
    0x0800546e   0x0800546e   0x00000004   Code   RO         4514    i.get_fattime       fatfs.o
    0x08005472   0x08005472   0x00000002   PAD
    0x08005474   0x08005474   0x00000034   Code   RO          402    i.get_joystick_position  joystick.o
    0x080054a8   0x080054a8   0x0000004e   Code   RO         4653    i.get_ldnumber      ff.o
    0x080054f6   0x080054f6   0x00000002   PAD
    0x080054f8   0x080054f8   0x00000048   Code   RO          460    i.img2tz            finger.o
    0x08005540   0x08005540   0x000000b0   Code   RO         4654    i.inc_lock          ff.o
    0x080055f0   0x080055f0   0x0000000c   Code   RO          404    i.joystick_init     joystick.o
    0x080055fc   0x080055fc   0x00000018   Code   RO           13    i.lcd_clear         i2c-lcd.o
    0x08005614   0x08005614   0x00000018   Code   RO           15    i.lcd_put_cur       i2c-lcd.o
    0x0800562c   0x0800562c   0x00000040   Code   RO           16    i.lcd_send_cmd      i2c-lcd.o
    0x0800566c   0x0800566c   0x00000040   Code   RO           17    i.lcd_send_data     i2c-lcd.o
    0x080056ac   0x080056ac   0x00000022   Code   RO         4655    i.ld_clust          ff.o
    0x080056ce   0x080056ce   0x00000002   PAD
    0x080056d0   0x080056d0   0x00000198   Code   RO          690    i.main              main.o
    0x08005868   0x08005868   0x0000003c   Code   RO          461    i.match             finger.o
    0x080058a4   0x080058a4   0x00000018   Code   RO         4656    i.mem_cmp           ff.o
    0x080058bc   0x080058bc   0x00000014   Code   RO         4657    i.mem_cpy           ff.o
    0x080058d0   0x080058d0   0x00000012   Code   RO         4658    i.mem_set           ff.o
    0x080058e2   0x080058e2   0x0000003a   Code   RO         4659    i.move_window       ff.o
    0x0800591c   0x0800591c   0x00000134   Code   RO         4661    i.put_fat           ff.o
    0x08005a50   0x08005a50   0x00000030   Code   RO          462    i.receive_finger    finger.o
    0x08005a80   0x08005a80   0x00000030   Code   RO          463    i.receive_finger_match  finger.o
    0x08005ab0   0x08005ab0   0x0000003c   Code   RO          464    i.receive_finger_search  finger.o
    0x08005aec   0x08005aec   0x00000030   Code   RO          465    i.regmodel          finger.o
    0x08005b1c   0x08005b1c   0x00000068   Code   RO         4663    i.remove_chain      ff.o
    0x08005b84   0x08005b84   0x00000040   Code   RO          466    i.search            finger.o
    0x08005bc4   0x08005bc4   0x00000042   Code   RO           19    i.sendlcd           i2c-lcd.o
    0x08005c06   0x08005c06   0x00000002   PAD
    0x08005c08   0x08005c08   0x0000001c   Code   RO           20    i.sendlcdint        i2c-lcd.o
    0x08005c24   0x08005c24   0x00000010   Code   RO         4664    i.st_clust          ff.o
    0x08005c34   0x08005c34   0x00000044   Code   RO          468    i.store             finger.o
    0x08005c78   0x08005c78   0x0000001a   Code   RO         4665    i.sum_sfn           ff.o
    0x08005c92   0x08005c92   0x000000ac   Code   RO         4666    i.sync_fs           ff.o
    0x08005d3e   0x08005d3e   0x00000056   Code   RO         4667    i.sync_window       ff.o
    0x08005d94   0x08005d94   0x000000e0   Code   RO          691    i.testsdcard        main.o
    0x08005e74   0x08005e74   0x00000032   Code   RO         4668    i.validate          ff.o
    0x08005ea6   0x08005ea6   0x00000002   PAD
    0x08005ea8   0x08005ea8   0x00000054   Code   RO          469    i.verify_fingerprint  finger.o
    0x08005efc   0x08005efc   0x0000000e   Data   RO          470    .constdata          finger.o
    0x08005f0a   0x08005f0a   0x00000010   Data   RO         4420    .constdata          system_stm32f1xx.o
    0x08005f1a   0x08005f1a   0x00000008   Data   RO         4421    .constdata          system_stm32f1xx.o
    0x08005f22   0x08005f22   0x000000ba   Data   RO         4670    .constdata          ff.o
    0x08005fdc   0x08005fdc   0x000004c0   Data   RO         5055    .constdata          ccsbcs.o
    0x0800649c   0x0800649c   0x00000020   Data   RO         5430    Region$$Table       anon$$obj.o


    Execution Region RW_IRAM1 (Exec base: 0x20000000, Load base: 0x080064bc, Size: 0x00002978, Max: 0x00005000, ABSOLUTE)

    Exec Addr    Load Addr    Size         Type   Attr      Idx    E Section Name        Object

    0x20000000   0x080064bc   0x00000014   Data   RW          406    .data               joystick.o
    0x20000014   0x080064d0   0x00000002   Data   RW          471    .data               finger.o
    0x20000016   0x080064d2   0x00000008   Data   RW          588    .data               fatfs_sd.o
    0x2000001e   0x080064da   0x00000002   PAD
    0x20000020   0x080064dc   0x0000005c   Data   RW          703    .data               main.o
    0x2000007c   0x08006538   0x0000000c   Data   RW         1302    .data               stm32f1xx_hal.o
    0x20000088   0x08006544   0x00000004   Data   RW         4422    .data               system_stm32f1xx.o
    0x2000008c   0x08006548   0x00000014   Data   RW         4461    .data               user_diskio.o
    0x200000a0   0x0800655c   0x00000005   Data   RW         4517    .data               fatfs.o
    0x200000a5   0x08006561   0x00000003   PAD
    0x200000a8   0x08006564   0x00000008   Data   RW         4671    .data               ff.o
    0x200000b0        -       0x0000225c   Zero   RW          693    .bss                main.o
    0x2000230c        -       0x00000044   Zero   RW          694    .bss                main.o
    0x20002350        -       0x00000218   Zero   RW         4669    .bss                ff.o
    0x20002568        -       0x0000000c   Zero   RW         4977    .bss                ff_gen_drv.o
    0x20002574   0x0800656c   0x00000004   PAD
    0x20002578        -       0x00000400   Zero   RW            1    STACK               startup_stm32f103xb.o


==============================================================================

Image component sizes


      Code (inc. data)   RO Data    RW Data    ZI Data      Debug   Object Name

        88          6          0          0          0        583   buzz.o
       100         14       1216          0          0       2067   ccsbcs.o
       160         26          0          0          0       3597   diskio.o
        32         12          0          5          0       1540   fatfs.o
      1554         72          0          8          0      11377   fatfs_sd.o
      7202         96        186          8        536      43932   ff.o
        78          6          0          0         12       1611   ff_gen_drv.o
      1124        330         14          2          0       9013   finger.o
       270         18          0          0          0     457960   i2c-lcd.o
       136         18          0         20          0       2782   joystick.o
      1114        184          0         92       8864      10188   main.o
        36          8        236          0       1024        848   startup_stm32f103xb.o
       168         28          0         12          0       5965   stm32f1xx_hal.o
      1242         48          0          0          0       8135   stm32f1xx_hal_adc.o
       214         24          0          0          0      28727   stm32f1xx_hal_cortex.o
       680         44          0          0          0       3819   stm32f1xx_hal_dma.o
       532         12          0          0          0       3555   stm32f1xx_hal_gpio.o
      1560         34          0          0          0       8249   stm32f1xx_hal_i2c.o
       764         94          0          0          0       5140   stm32f1xx_hal_msp.o
      1688        100          0          0          0       6928   stm32f1xx_hal_rcc.o
       304         14          0          0          0       1472   stm32f1xx_hal_rcc_ex.o
      1338          6          0          0          0       5816   stm32f1xx_hal_spi.o
      1558         32          0          0          0      12853   stm32f1xx_hal_tim.o
       106          0          0          0          0       1388   stm32f1xx_hal_tim_ex.o
       784          6          0          0          0       4855   stm32f1xx_hal_uart.o
        60         14          0          0          0       4461   stm32f1xx_it.o
         0          0          0          0          0        532   syscall.o
         2          0         24          4          0       1151   system_stm32f1xx.o
        20          0          0         20          0       3480   user_diskio.o

    ----------------------------------------------------------------------
     22956       1246       1708        176      10440     652024   Object Totals
         0          0         32          0          0          0   (incl. Generated)
        42          0          0          5          4          0   (incl. Padding)

    ----------------------------------------------------------------------

      Code (inc. data)   RO Data    RW Data    ZI Data      Debug   Library Member Name

         0          0          0          0          0          0   entry.o
         0          0          0          0          0          0   entry10a.o
         0          0          0          0          0          0   entry11a.o
         8          4          0          0          0          0   entry2.o
         4          0          0          0          0          0   entry5.o
         0          0          0          0          0          0   entry7b.o
         0          0          0          0          0          0   entry8b.o
         8          4          0          0          0          0   entry9a.o
        30          0          0          0          0          0   handlers.o
        36          8          0          0          0         68   init.o
        36          0          0          0          0         68   memcpya.o
        36          0          0          0          0        108   memseta.o
       904          8          0          0          0        420   printf6.o
        14          0          0          0          0         68   strlen.o
        44          0          0          0          0         80   uidiv.o

    ----------------------------------------------------------------------
      1124         24          0          0          0        812   Library Totals
         4          0          0          0          0          0   (incl. Padding)

    ----------------------------------------------------------------------

      Code (inc. data)   RO Data    RW Data    ZI Data      Debug   Library Name

      1120         24          0          0          0        812   mc_w.l

    ----------------------------------------------------------------------
      1124         24          0          0          0        812   Library Totals

    ----------------------------------------------------------------------

==============================================================================


      Code (inc. data)   RO Data    RW Data    ZI Data      Debug   

     24080       1270       1708        176      10440     642800   Grand Totals
     24080       1270       1708        176      10440     642800   ELF Image Totals
     24080       1270       1708        176          0          0   ROM Totals

==============================================================================

    Total RO  Size (Code + RO Data)                25788 (  25.18kB)
    Total RW  Size (RW Data + ZI Data)             10616 (  10.37kB)
    Total ROM Size (Code + RO Data + RW Data)      25964 (  25.36kB)

==============================================================================

